<html>
<body>
<pre>
<h1>µVision Build Log</h1>
<h2>Tool Versions:</h2>
IDE-Version: ¦ÌVision V5.14.0.0
Copyright (C) 2015 ARM Ltd and ARM Germany GmbH. All rights reserved.
License Information: K F, Microsoft, LIC=HF8RA-1E03G-48FFA-1PZQF-1ZVPN-YHWA5
 
Tool Versions:
Toolchain:       MDK-ARM Professional  Version: 5.14.0.0
Toolchain Path:  D:\Keil_v5\ARM\ARMCC\Bin
C Compiler:      Armcc.exe V5.05 update 1 (build 106)
Assembler:       Armasm.exe V5.05 update 1 (build 106)
Linker/Locator:  ArmLink.exe V5.05 update 1 (build 106)
Library Manager: ArmAr.exe V5.05 update 1 (build 106)
Hex Converter:   FromElf.exe V5.05 update 1 (build 106)
CPU DLL:         SARMCM3.DLL V5.14.0.0
Dialog DLL:      DCM.DLL V1.13.1.0
Target DLL:      Segger\JL2CM3.dll V2.99.13.0
Dialog DLL:      TCM.DLL V1.14.4.0
 
<h2>Project:</h2>
E:\Work\CloudPlatform\SimpleBGC\SimpleBGC\BGC32\source\USER\STM32-DEMO.uvprojx
Project File Date:  05/31/2017

<h2>Output:</h2>
Build target 'USART1-DEMO'
compiling main.c...
main.c(78): warning:  #223-D: function "delay_ms" declared implicitly
          delay_ms(1000);
main.c(81): warning:  #128-D: loop is not reachable
      while (0)
main.c: 2 warnings, 0 errors
compiling drv_system.c...
linking...
Program Size: Code=41672 RO-data=548 RW-data=788 ZI-data=7220  
FromELF: creating hex file...
"..\Output\STM32-DEMO.axf" - 0 Error(s), 2 Warning(s).

<h2>Collection of Component include folders:</h2>
  E:\Work\CloudPlatform\SimpleBGC\SimpleBGC\BGC32\source\USER\RTE
  D:\Keil_v5\ARM\PACK\Keil\STM32F1xx_DFP\1.0.5\Device\Include

<h2>Collection of Component Files used:</h2>
</pre>
</body>
</html>
