<html>
<body>
<pre>
<h1>µVision Build Log</h1>
<h2>Tool Versions:</h2>
IDE-Version: ¦ÌVision V5.14.0.0
Copyright (C) 2015 ARM Ltd and ARM Germany GmbH. All rights reserved.
License Information: K F, Microsoft, LIC=HF8RA-1E03G-48FFA-1PZQF-1ZVPN-YHWA5
 
Tool Versions:
Toolchain:       MDK-ARM Professional  Version: 5.14.0.0
Toolchain Path:  D:\Keil_v5\ARM\ARMCC\Bin
C Compiler:      Armcc.exe V5.05 update 1 (build 106)
Assembler:       Armasm.exe V5.05 update 1 (build 106)
Linker/Locator:  ArmLink.exe V5.05 update 1 (build 106)
Library Manager: ArmAr.exe V5.05 update 1 (build 106)
Hex Converter:   FromElf.exe V5.05 update 1 (build 106)
CPU DLL:         SARMCM3.DLL V5.14.0.0
Dialog DLL:      DCM.DLL V1.13.1.0
Target DLL:      Segger\JL2CM3.dll V2.99.13.0
Dialog DLL:      TCM.DLL V1.14.4.0
 
<h2>Project:</h2>
E:\Work\CloudPlatform\SimpleBGC\SimpleBGC\BGC32\source\USER\STM32-DEMO.uvprojx
Project File Date:  05/31/2017

<h2>Output:</h2>
Build target 'USART1-DEMO'
assembling startup_stm32f10x_hd.s...
compiling main.c...
compiling stm32f10x_it.c...
compiling usart1.c...
compiling stm32f10x_rcc.c...
compiling stm32f10x_gpio.c...
compiling stm32f10x_usart.c...
compiling misc.c...
compiling stm32f10x_adc.c...
compiling stm32f10x_bkp.c...
compiling stm32f10x_can.c...
compiling stm32f10x_cec.c...
compiling stm32f10x_crc.c...
compiling stm32f10x_dac.c...
compiling stm32f10x_dbgmcu.c...
compiling stm32f10x_dma.c...
compiling stm32f10x_exti.c...
compiling stm32f10x_flash.c...
compiling stm32f10x_fsmc.c...
compiling stm32f10x_i2c.c...
compiling stm32f10x_iwdg.c...
compiling stm32f10x_pwr.c...
compiling stm32f10x_rtc.c...
compiling stm32f10x_sdio.c...
compiling stm32f10x_spi.c...
compiling stm32f10x_tim.c...
compiling stm32f10x_wwdg.c...
compiling core_cm3.c...
compiling system_stm32f10x.c...
compiling pid.c...
compiling computeMotorCommands.c...
compiling config.c...
compiling evvgcCF.c...
compiling fastTrig.c...
..\SRC\fastTrig.c(54): warning:  #223-D: function "round" declared implicitly
          sinDataI16[i] = (short int)round(sinf(x) * SINARRAYSCALE);
..\SRC\fastTrig.c: 1 warning, 0 errors
compiling firstOrderFilter.c...
compiling MargAHRS.c...
compiling pointingCommands.c...
compiling stm32_it.c...
compiling utilities.c...
compiling drv_cli.c...
..\SRC\drv\drv_cli.c(43): warning:  #550-D: variable "USBCallBackCalled" was set but never used
  static int USBCallBackCalled = 0;
..\SRC\drv\drv_cli.c: 1 warning, 0 errors
compiling drv_gpio.c...
compiling drv_i2c.c...
compiling drv_irq.c...
compiling drv_pwmMotors.c...
..\SRC\drv\drv_pwmMotors.c(367): warning:  #223-D: function "round" declared implicitly
       angleInt = (int)round(angle / M_TWOPI * SINARRAYSIZE);
..\SRC\drv\drv_pwmMotors.c: 1 warning, 0 errors
compiling drv_rc.c...
compiling drv_system.c...
compiling drv_timingFunctions.c...
compiling drv_usart.c...
compiling ringbuffer.c...
compiling hmc5883.c...
compiling mpu6050.c...
compiling cli.c...
compiling cliSensor.c...
compiling magCalibration.c...
compiling mpu6050Calibration.c...
compiling hw_config.c...
compiling usb_desc.c...
compiling usb_endp.c...
compiling usb_istr.c...
compiling usb_prop.c...
compiling usb_pwr.c...
compiling usb_core.c...
compiling usb_init.c...
compiling usb_int.c...
compiling usb_mem.c...
compiling usb_regs.c...
compiling usb_sil.c...
linking...
Program Size: Code=60052 RO-data=2836 RW-data=800 ZI-data=7080  
FromELF: creating hex file...
"..\Output\STM32-DEMO.axf" - 0 Error(s), 3 Warning(s).

<h2>Collection of Component include folders:</h2>
  E:\Work\CloudPlatform\SimpleBGC\SimpleBGC\BGC32\source\USER\RTE
  D:\Keil_v5\ARM\PACK\Keil\STM32F1xx_DFP\1.0.5\Device\Include

<h2>Collection of Component Files used:</h2>
</pre>
</body>
</html>
