Component: ARM Compiler 5.05 update 1 (build 106) Tool: armlink [4d0efa]

==============================================================================

Section Cross References

    startup_stm32f10x_hd.o(RESET) refers to startup_stm32f10x_hd.o(STACK) for __initial_sp
    startup_stm32f10x_hd.o(RESET) refers to startup_stm32f10x_hd.o(.text) for Reset_Handler
    startup_stm32f10x_hd.o(RESET) refers to stm32_it.o(.text) for NMI_Handler
    startup_stm32f10x_hd.o(RESET) refers to drv_system.o(.text) for SysTick_Handler
    startup_stm32f10x_hd.o(RESET) refers to drv_rc.o(.text) for EXTI3_IRQHandler
    startup_stm32f10x_hd.o(RESET) refers to drv_pwmmotors.o(.text) for TIM1_UP_IRQHandler
    startup_stm32f10x_hd.o(RESET) refers to drv_i2c.o(.text) for I2C1_EV_IRQHandler
    startup_stm32f10x_hd.o(RESET) refers to drv_usart.o(.text) for UART4_IRQHandler
    startup_stm32f10x_hd.o(.text) refers to system_stm32f10x.o(.text) for SystemInit
    startup_stm32f10x_hd.o(.text) refers to entry.o(.ARM.Collect$$$$00000000) for __main
    main.o(.text) refers to drv_system.o(.text) for systemInit
    main.o(.text) refers to drv_cli.o(.text) for cliPrintF
    main.o(.text) refers to drv_system.o(.data) for systemReady
    usart1.o(.text) refers to stm32f10x_rcc.o(.text) for RCC_APB2PeriphClockCmd
    usart1.o(.text) refers to stm32f10x_gpio.o(.text) for GPIO_Init
    usart1.o(.text) refers to stm32f10x_usart.o(.text) for USART_Init
    usart1.o(.text) refers to misc.o(.text) for NVIC_PriorityGroupConfig
    usart1.o(.text) refers to printfa.o(i.__0vsnprintf) for __c89vsnprintf
    stm32f10x_rcc.o(.text) refers to stm32f10x_rcc.o(.data) for APBAHBPrescTable
    stm32f10x_gpio.o(.text) refers to stm32f10x_rcc.o(.text) for RCC_APB2PeriphResetCmd
    stm32f10x_usart.o(.text) refers to stm32f10x_rcc.o(.text) for RCC_APB2PeriphResetCmd
    stm32f10x_adc.o(.text) refers to stm32f10x_rcc.o(.text) for RCC_APB2PeriphResetCmd
    stm32f10x_bkp.o(.text) refers to stm32f10x_rcc.o(.text) for RCC_BackupResetCmd
    stm32f10x_can.o(.text) refers to stm32f10x_rcc.o(.text) for RCC_APB1PeriphResetCmd
    stm32f10x_cec.o(.text) refers to stm32f10x_rcc.o(.text) for RCC_APB1PeriphResetCmd
    stm32f10x_dac.o(.text) refers to stm32f10x_rcc.o(.text) for RCC_APB1PeriphResetCmd
    stm32f10x_i2c.o(.text) refers to stm32f10x_rcc.o(.text) for RCC_APB1PeriphResetCmd
    stm32f10x_pwr.o(.text) refers to stm32f10x_rcc.o(.text) for RCC_APB1PeriphResetCmd
    stm32f10x_spi.o(.text) refers to stm32f10x_rcc.o(.text) for RCC_APB2PeriphResetCmd
    stm32f10x_tim.o(.text) refers to stm32f10x_rcc.o(.text) for RCC_APB2PeriphResetCmd
    stm32f10x_wwdg.o(.text) refers to stm32f10x_rcc.o(.text) for RCC_APB1PeriphResetCmd
    system_stm32f10x.o(.text) refers to system_stm32f10x.o(.data) for SystemCoreClock
    pid.o(.text) refers to fadd.o(.text) for __aeabi_fsub
    pid.o(.text) refers to utilities.o(.text) for standardRadianFormat
    pid.o(.text) refers to fmul.o(.text) for __aeabi_fmul
    pid.o(.text) refers to fdiv.o(.text) for __aeabi_fdiv
    pid.o(.text) refers to pid.o(.data) for rc
    pid.o(.text) refers to main.o(.bss) for eepromConfig
    computemotorcommands.o(.text) refers to fadd.o(.text) for __aeabi_fsub
    computemotorcommands.o(.text) refers to cfrcmple.o(.text) for __aeabi_cfrcmple
    computemotorcommands.o(.text) refers to fmul.o(.text) for __aeabi_fmul
    computemotorcommands.o(.text) refers to cfcmple.o(.text) for __aeabi_cfcmple
    computemotorcommands.o(.text) refers to fdiv.o(.text) for __aeabi_fdiv
    computemotorcommands.o(.text) refers to pid.o(.text) for updatePID
    computemotorcommands.o(.text) refers to ffixi.o(.text) for __aeabi_f2iz
    computemotorcommands.o(.text) refers to drv_pwmmotors.o(.text) for setRollMotor
    computemotorcommands.o(.text) refers to computemotorcommands.o(.data) for centerPoint
    computemotorcommands.o(.text) refers to pid.o(.data) for holdIntegrators
    computemotorcommands.o(.text) refers to main.o(.bss) for eepromConfig
    computemotorcommands.o(.text) refers to pointingcommands.o(.bss) for pointingCmd
    computemotorcommands.o(.text) refers to computemotorcommands.o(.bss) for pidCmd
    config.o(.text) refers to memcpya.o(.text) for __aeabi_memcpy4
    config.o(.text) refers to f2d.o(.text) for __aeabi_f2d
    config.o(.text) refers to sqrt.o(i.sqrt) for sqrt
    config.o(.text) refers to ddiv.o(.text) for __aeabi_ddiv
    config.o(.text) refers to d2f.o(.text) for __aeabi_d2f
    config.o(.text) refers to fdiv.o(.text) for __aeabi_fdiv
    config.o(.text) refers to stm32f10x_flash.o(.text) for FLASH_Unlock
    config.o(.text) refers to main.o(.bss) for eepromConfig
    config.o(.text) refers to margahrs.o(.data) for accConfidenceDecay
    config.o(.text) refers to computemotorcommands.o(.data) for mechanical2electricalDegrees
    config.o(.text) refers to config.o(.data) for checkNewEEPROMConf
    evvgccf.o(.text) refers to mpu6050.o(.text) for readMPU6050
[...]
    pitchPhase                               0x2000109c   Data          12  drv_pwmmotors.o(.bss)
    yawPhase                                 0x200010a8   Data          12  drv_pwmmotors.o(.bss)
    .bss                                     0x200010d8   Section     2080  drv_usart.o(.bss)
    RingBufferUART4TX                        0x200010d8   Data        1040  drv_usart.o(.bss)
    RingBufferUART4RX                        0x200014e8   Data        1040  drv_usart.o(.bss)
    .bss                                     0x200018f8   Section       54  mpu6050.o(.bss)
    .bss                                     0x2000192e   Section       64  hw_config.o(.bss)
    .bss                                     0x20001970   Section       32  usb_pwr.o(.bss)
    .bss                                     0x20001990   Section       28  usb_init.o(.bss)
    STACK                                    0x200019b0   Section     1024  startup_stm32f10x_hd.o(STACK)

    Global Symbols

    Symbol Name                              Value     Ov Type        Size  Object(Section)

    BuildAttributes$$THM_ISAv4$P$D$K$B$S$PE$A:L22UL41UL21$X:L11$S22US41US21$IEEE1$IW$USESV6$~STKCKD$USESV7$~SHL$OTIME$ROPI$IEEEX$EBA8$MICROLIB$REQ8$PRES8$EABIv2 0x00000000   Number         0  anon$$obj.o ABSOLUTE
    __ARM_use_no_argv                        0x00000000   Number         0  main.o ABSOLUTE
    __cpp_initialize__aeabi_                  - Undefined Weak Reference
    __cxa_finalize                            - Undefined Weak Reference
    _clock_init                               - Undefined Weak Reference
    _microlib_exit                            - Undefined Weak Reference
    __Vectors_Size                           0x00000130   Number         0  startup_stm32f10x_hd.o ABSOLUTE
    __Vectors                                0x08000000   Data           4  startup_stm32f10x_hd.o(RESET)
    __Vectors_End                            0x08000130   Data           0  startup_stm32f10x_hd.o(RESET)
    __main                                   0x08000131   Thumb Code     0  entry.o(.ARM.Collect$$$$00000000)
    _main_stk                                0x08000131   Thumb Code     0  entry2.o(.ARM.Collect$$$$00000001)
    _main_scatterload                        0x08000135   Thumb Code     0  entry5.o(.ARM.Collect$$$$00000004)
    __main_after_scatterload                 0x08000139   Thumb Code     0  entry5.o(.ARM.Collect$$$$00000004)
    _main_clock                              0x08000139   Thumb Code     0  entry7b.o(.ARM.Collect$$$$00000008)
    _main_cpp_init                           0x08000139   Thumb Code     0  entry8b.o(.ARM.Collect$$$$0000000A)
    _main_init                               0x08000139   Thumb Code     0  entry9a.o(.ARM.Collect$$$$0000000B)
    __rt_final_cpp                           0x08000141   Thumb Code     0  entry10a.o(.ARM.Collect$$$$0000000D)
    __rt_final_exit                          0x08000141   Thumb Code     0  entry11a.o(.ARM.Collect$$$$0000000F)
    __get_PSP                                0x08000145   Thumb Code     6  core_cm3.o(.emb_text)
    __set_PSP                                0x0800014b   Thumb Code     6  core_cm3.o(.emb_text)
    __get_MSP                                0x08000151   Thumb Code     6  core_cm3.o(.emb_text)
    __set_MSP                                0x08000157   Thumb Code     6  core_cm3.o(.emb_text)
    __REV16                                  0x0800015d   Thumb Code     4  core_cm3.o(.emb_text)
    __REVSH                                  0x08000161   Thumb Code     4  core_cm3.o(.emb_text)
    Reset_Handler                            0x08000165   Thumb Code     8  startup_stm32f10x_hd.o(.text)
    ADC1_2_IRQHandler                        0x0800017f   Thumb Code     0  startup_stm32f10x_hd.o(.text)
    ADC3_IRQHandler                          0x0800017f   Thumb Code     0  startup_stm32f10x_hd.o(.text)
    CAN1_RX1_IRQHandler                      0x0800017f   Thumb Code     0  startup_stm32f10x_hd.o(.text)
    CAN1_SCE_IRQHandler                      0x0800017f   Thumb Code     0  startup_stm32f10x_hd.o(.text)
    DMA1_Channel1_IRQHandler                 0x0800017f   Thumb Code     0  startup_stm32f10x_hd.o(.text)
    DMA1_Channel2_IRQHandler                 0x0800017f   Thumb Code     0  startup_stm32f10x_hd.o(.text)
    DMA1_Channel3_IRQHandler                 0x0800017f   Thumb Code     0  startup_stm32f10x_hd.o(.text)
    DMA1_Channel4_IRQHandler                 0x0800017f   Thumb Code     0  startup_stm32f10x_hd.o(.text)
    DMA1_Channel5_IRQHandler                 0x0800017f   Thumb Code     0  startup_stm32f10x_hd.o(.text)
    DMA1_Channel6_IRQHandler                 0x0800017f   Thumb Code     0  startup_stm32f10x_hd.o(.text)
    DMA1_Channel7_IRQHandler                 0x0800017f   Thumb Code     0  startup_stm32f10x_hd.o(.text)
    DMA2_Channel1_IRQHandler                 0x0800017f   Thumb Code     0  startup_stm32f10x_hd.o(.text)
    DMA2_Channel2_IRQHandler                 0x0800017f   Thumb Code     0  startup_stm32f10x_hd.o(.text)
    DMA2_Channel3_IRQHandler                 0x0800017f   Thumb Code     0  startup_stm32f10x_hd.o(.text)
    DMA2_Channel4_5_IRQHandler               0x0800017f   Thumb Code     0  startup_stm32f10x_hd.o(.text)
    EXTI0_IRQHandler                         0x0800017f   Thumb Code     0  startup_stm32f10x_hd.o(.text)
    EXTI15_10_IRQHandler                     0x0800017f   Thumb Code     0  startup_stm32f10x_hd.o(.text)
    EXTI1_IRQHandler                         0x0800017f   Thumb Code     0  startup_stm32f10x_hd.o(.text)
    EXTI2_IRQHandler                         0x0800017f   Thumb Code     0  startup_stm32f10x_hd.o(.text)
    FLASH_IRQHandler                         0x0800017f   Thumb Code     0  startup_stm32f10x_hd.o(.text)
    FSMC_IRQHandler                          0x0800017f   Thumb Code     0  startup_stm32f10x_hd.o(.text)
    PVD_IRQHandler                           0x0800017f   Thumb Code     0  startup_stm32f10x_hd.o(.text)
    RCC_IRQHandler                           0x0800017f   Thumb Code     0  startup_stm32f10x_hd.o(.text)
    RTCAlarm_IRQHandler                      0x0800017f   Thumb Code     0  startup_stm32f10x_hd.o(.text)
    RTC_IRQHandler                           0x0800017f   Thumb Code     0  startup_stm32f10x_hd.o(.text)
    SDIO_IRQHandler                          0x0800017f   Thumb Code     0  startup_stm32f10x_hd.o(.text)
    SPI1_IRQHandler                          0x0800017f   Thumb Code     0  startup_stm32f10x_hd.o(.text)
    SPI2_IRQHandler                          0x0800017f   Thumb Code     0  startup_stm32f10x_hd.o(.text)
    SPI3_IRQHandler                          0x0800017f   Thumb Code     0  startup_stm32f10x_hd.o(.text)
    TAMPER_IRQHandler                        0x0800017f   Thumb Code     0  startup_stm32f10x_hd.o(.text)
    TIM1_BRK_IRQHandler                      0x0800017f   Thumb Code     0  startup_stm32f10x_hd.o(.text)
    TIM1_CC_IRQHandler                       0x0800017f   Thumb Code     0  startup_stm32f10x_hd.o(.text)
    TIM1_TRG_COM_IRQHandler                  0x0800017f   Thumb Code     0  startup_stm32f10x_hd.o(.text)
    TIM2_IRQHandler                          0x0800017f   Thumb Code     0  startup_stm32f10x_hd.o(.text)
    TIM3_IRQHandler                          0x0800017f   Thumb Code     0  startup_stm32f10x_hd.o(.text)
    TIM4_IRQHandler                          0x0800017f   Thumb Code     0  startup_stm32f10x_hd.o(.text)
    TIM6_IRQHandler                          0x0800017f   Thumb Code     0  startup_stm32f10x_hd.o(.text)
    TIM7_IRQHandler                          0x0800017f   Thumb Code     0  startup_stm32f10x_hd.o(.text)
    TIM8_BRK_IRQHandler                      0x0800017f   Thumb Code     0  startup_stm32f10x_hd.o(.text)
    TIM8_CC_IRQHandler                       0x0800017f   Thumb Code     0  startup_stm32f10x_hd.o(.text)
    TIM8_TRG_COM_IRQHandler                  0x0800017f   Thumb Code     0  startup_stm32f10x_hd.o(.text)
    UART5_IRQHandler                         0x0800017f   Thumb Code     0  startup_stm32f10x_hd.o(.text)
    USART1_IRQHandler                        0x0800017f   Thumb Code     0  startup_stm32f10x_hd.o(.text)
    USART2_IRQHandler                        0x0800017f   Thumb Code     0  startup_stm32f10x_hd.o(.text)
    USART3_IRQHandler                        0x0800017f   Thumb Code     0  startup_stm32f10x_hd.o(.text)
    USB_HP_CAN1_TX_IRQHandler                0x0800017f   Thumb Code     0  startup_stm32f10x_hd.o(.text)
    WWDG_IRQHandler                          0x0800017f   Thumb Code     0  startup_stm32f10x_hd.o(.text)
    main                                     0x08000189   Thumb Code    34  main.o(.text)
    RCC_DeInit                               0x080001bd   Thumb Code    64  stm32f10x_rcc.o(.text)
    RCC_HSEConfig                            0x080001fd   Thumb Code    70  stm32f10x_rcc.o(.text)
    RCC_GetFlagStatus                        0x08000243   Thumb Code    56  stm32f10x_rcc.o(.text)
    RCC_WaitForHSEStartUp                    0x0800027b   Thumb Code    56  stm32f10x_rcc.o(.text)
    RCC_AdjustHSICalibrationValue            0x080002b3   Thumb Code    20  stm32f10x_rcc.o(.text)
    RCC_HSICmd                               0x080002c7   Thumb Code     6  stm32f10x_rcc.o(.text)
    RCC_PLLConfig                            0x080002cd   Thumb Code    24  stm32f10x_rcc.o(.text)
    RCC_PLLCmd                               0x080002e5   Thumb Code     6  stm32f10x_rcc.o(.text)
    RCC_SYSCLKConfig                         0x080002eb   Thumb Code    18  stm32f10x_rcc.o(.text)
    RCC_GetSYSCLKSource                      0x080002fd   Thumb Code    10  stm32f10x_rcc.o(.text)
    RCC_HCLKConfig                           0x08000307   Thumb Code    18  stm32f10x_rcc.o(.text)
    RCC_PCLK1Config                          0x08000319   Thumb Code    18  stm32f10x_rcc.o(.text)
    RCC_PCLK2Config                          0x0800032b   Thumb Code    20  stm32f10x_rcc.o(.text)
    RCC_ITConfig                             0x0800033f   Thumb Code    26  stm32f10x_rcc.o(.text)
    RCC_USBCLKConfig                         0x08000359   Thumb Code     8  stm32f10x_rcc.o(.text)
    RCC_ADCCLKConfig                         0x08000361   Thumb Code    18  stm32f10x_rcc.o(.text)
    RCC_LSEConfig                            0x08000373   Thumb Code    50  stm32f10x_rcc.o(.text)
    RCC_LSICmd                               0x080003a5   Thumb Code     6  stm32f10x_rcc.o(.text)
    RCC_RTCCLKConfig                         0x080003ab   Thumb Code    12  stm32f10x_rcc.o(.text)
    RCC_RTCCLKCmd                            0x080003b7   Thumb Code     8  stm32f10x_rcc.o(.text)
    RCC_GetClocksFreq                        0x080003bf   Thumb Code   192  stm32f10x_rcc.o(.text)
    RCC_AHBPeriphClockCmd                    0x0800047f   Thumb Code    26  stm32f10x_rcc.o(.text)
    RCC_APB2PeriphClockCmd                   0x08000499   Thumb Code    26  stm32f10x_rcc.o(.text)
    RCC_APB1PeriphClockCmd                   0x080004b3   Thumb Code    26  stm32f10x_rcc.o(.text)
    RCC_APB2PeriphResetCmd                   0x080004cd   Thumb Code    26  stm32f10x_rcc.o(.text)
    RCC_APB1PeriphResetCmd                   0x080004e7   Thumb Code    26  stm32f10x_rcc.o(.text)
    RCC_BackupResetCmd                       0x08000501   Thumb Code     8  stm32f10x_rcc.o(.text)
    RCC_ClockSecuritySystemCmd               0x08000509   Thumb Code     6  stm32f10x_rcc.o(.text)
    RCC_MCOConfig                            0x0800050f   Thumb Code     6  stm32f10x_rcc.o(.text)
    RCC_ClearFlag                            0x08000515   Thumb Code    14  stm32f10x_rcc.o(.text)
    RCC_GetITStatus                          0x08000523   Thumb Code    20  stm32f10x_rcc.o(.text)
    RCC_ClearITPendingBit                    0x08000537   Thumb Code     6  stm32f10x_rcc.o(.text)
    GPIO_DeInit                              0x08000561   Thumb Code   172  stm32f10x_gpio.o(.text)
    GPIO_AFIODeInit                          0x0800060d   Thumb Code    20  stm32f10x_gpio.o(.text)
    GPIO_Init                                0x08000621   Thumb Code   278  stm32f10x_gpio.o(.text)
    GPIO_StructInit                          0x08000737   Thumb Code    16  stm32f10x_gpio.o(.text)
    GPIO_ReadInputDataBit                    0x08000747   Thumb Code    18  stm32f10x_gpio.o(.text)
    GPIO_ReadInputData                       0x08000759   Thumb Code     8  stm32f10x_gpio.o(.text)
    GPIO_ReadOutputDataBit                   0x08000761   Thumb Code    18  stm32f10x_gpio.o(.text)
    GPIO_ReadOutputData                      0x08000773   Thumb Code     8  stm32f10x_gpio.o(.text)
    GPIO_SetBits                             0x0800077b   Thumb Code     4  stm32f10x_gpio.o(.text)
    GPIO_ResetBits                           0x0800077f   Thumb Code     4  stm32f10x_gpio.o(.text)
    GPIO_WriteBit                            0x08000783   Thumb Code    10  stm32f10x_gpio.o(.text)
    GPIO_Write                               0x0800078d   Thumb Code     4  stm32f10x_gpio.o(.text)
    GPIO_PinLockConfig                       0x08000791   Thumb Code    18  stm32f10x_gpio.o(.text)
    GPIO_EventOutputConfig                   0x080007a3   Thumb Code    26  stm32f10x_gpio.o(.text)
    GPIO_EventOutputCmd                      0x080007bd   Thumb Code     6  stm32f10x_gpio.o(.text)
    GPIO_PinRemapConfig                      0x080007c3   Thumb Code   138  stm32f10x_gpio.o(.text)
    GPIO_EXTILineConfig                      0x0800084d   Thumb Code    66  stm32f10x_gpio.o(.text)
    GPIO_ETH_MediaInterfaceConfig            0x0800088f   Thumb Code     8  stm32f10x_gpio.o(.text)
    USART_DeInit                             0x080008bd   Thumb Code   134  stm32f10x_usart.o(.text)
    USART_Init                               0x08000943   Thumb Code   210  stm32f10x_usart.o(.text)
    USART_StructInit                         0x08000a15   Thumb Code    24  stm32f10x_usart.o(.text)
    USART_ClockInit                          0x08000a2d   Thumb Code    34  stm32f10x_usart.o(.text)
    USART_ClockStructInit                    0x08000a4f   Thumb Code    12  stm32f10x_usart.o(.text)
    USART_Cmd                                0x08000a5b   Thumb Code    24  stm32f10x_usart.o(.text)
    USART_ITConfig                           0x08000a73   Thumb Code    74  stm32f10x_usart.o(.text)
    USART_DMACmd                             0x08000abd   Thumb Code    18  stm32f10x_usart.o(.text)
    USART_SetAddress                         0x08000acf   Thumb Code    18  stm32f10x_usart.o(.text)
    USART_WakeUpConfig                       0x08000ae1   Thumb Code    18  stm32f10x_usart.o(.text)
    USART_ReceiverWakeUpCmd                  0x08000af3   Thumb Code    24  stm32f10x_usart.o(.text)
    USART_LINBreakDetectLengthConfig         0x08000b0b   Thumb Code    18  stm32f10x_usart.o(.text)
    USART_LINCmd                             0x08000b1d   Thumb Code    24  stm32f10x_usart.o(.text)
    USART_SendData                           0x08000b35   Thumb Code     8  stm32f10x_usart.o(.text)
    USART_ReceiveData                        0x08000b3d   Thumb Code    10  stm32f10x_usart.o(.text)
    USART_SendBreak                          0x08000b47   Thumb Code    10  stm32f10x_usart.o(.text)
    USART_SetGuardTime                       0x08000b51   Thumb Code    16  stm32f10x_usart.o(.text)
    USART_SetPrescaler                       0x08000b61   Thumb Code    16  stm32f10x_usart.o(.text)
    USART_SmartCardCmd                       0x08000b71   Thumb Code    24  stm32f10x_usart.o(.text)
    USART_SmartCardNACKCmd                   0x08000b89   Thumb Code    24  stm32f10x_usart.o(.text)
    USART_HalfDuplexCmd                      0x08000ba1   Thumb Code    24  stm32f10x_usart.o(.text)
    USART_OverSampling8Cmd                   0x08000bb9   Thumb Code    22  stm32f10x_usart.o(.text)
    USART_OneBitMethodCmd                    0x08000bcf   Thumb Code    24  stm32f10x_usart.o(.text)
    USART_IrDAConfig                         0x08000be7   Thumb Code    18  stm32f10x_usart.o(.text)
    USART_IrDACmd                            0x08000bf9   Thumb Code    24  stm32f10x_usart.o(.text)
    USART_GetFlagStatus                      0x08000c11   Thumb Code    26  stm32f10x_usart.o(.text)
    USART_ClearFlag                          0x08000c2b   Thumb Code    18  stm32f10x_usart.o(.text)
    USART_GetITStatus                        0x08000c3d   Thumb Code    84  stm32f10x_usart.o(.text)
    USART_ClearITPendingBit                  0x08000c91   Thumb Code    52  stm32f10x_usart.o(.text)
    NVIC_PriorityGroupConfig                 0x08000cc5   Thumb Code    10  misc.o(.text)
    NVIC_Init                                0x08000ccf   Thumb Code   100  misc.o(.text)
    NVIC_SetVectorTable                      0x08000d33   Thumb Code    14  misc.o(.text)
    NVIC_SystemLPConfig                      0x08000d41   Thumb Code    34  misc.o(.text)
    SysTick_CLKSourceConfig                  0x08000d63   Thumb Code    40  misc.o(.text)
    EXTI_DeInit                              0x08000da1   Thumb Code    28  stm32f10x_exti.o(.text)
    EXTI_Init                                0x08000dbd   Thumb Code   142  stm32f10x_exti.o(.text)
    EXTI_StructInit                          0x08000e4b   Thumb Code    16  stm32f10x_exti.o(.text)
    EXTI_GenerateSWInterrupt                 0x08000e5b   Thumb Code    16  stm32f10x_exti.o(.text)
    EXTI_GetFlagStatus                       0x08000e6b   Thumb Code    22  stm32f10x_exti.o(.text)
    EXTI_ClearFlag                           0x08000e81   Thumb Code     8  stm32f10x_exti.o(.text)
    EXTI_GetITStatus                         0x08000e89   Thumb Code    34  stm32f10x_exti.o(.text)
    EXTI_ClearITPendingBit                   0x08000eab   Thumb Code     8  stm32f10x_exti.o(.text)
    FLASH_SetLatency                         0x08000ebd   Thumb Code    18  stm32f10x_flash.o(.text)
    FLASH_HalfCycleAccessCmd                 0x08000ecf   Thumb Code    22  stm32f10x_flash.o(.text)
    FLASH_PrefetchBufferCmd                  0x08000ee5   Thumb Code    22  stm32f10x_flash.o(.text)
    FLASH_Unlock                             0x08000efb   Thumb Code    12  stm32f10x_flash.o(.text)
    FLASH_UnlockBank1                        0x08000f07   Thumb Code    12  stm32f10x_flash.o(.text)
    FLASH_Lock                               0x08000f13   Thumb Code    14  stm32f10x_flash.o(.text)
    FLASH_LockBank1                          0x08000f21   Thumb Code    14  stm32f10x_flash.o(.text)
    FLASH_GetBank1Status                     0x08000f2f   Thumb Code    48  stm32f10x_flash.o(.text)
    FLASH_WaitForLastOperation               0x08000f5f   Thumb Code    38  stm32f10x_flash.o(.text)
    FLASH_ErasePage                          0x08000f85   Thumb Code    72  stm32f10x_flash.o(.text)
    FLASH_EraseAllPages                      0x08000fcd   Thumb Code    68  stm32f10x_flash.o(.text)
    FLASH_WaitForLastBank1Operation          0x08001011   Thumb Code    38  stm32f10x_flash.o(.text)
    FLASH_EraseAllBank1Pages                 0x08001037   Thumb Code    68  stm32f10x_flash.o(.text)
    FLASH_GetReadOutProtectionStatus         0x0800107b   Thumb Code    20  stm32f10x_flash.o(.text)
    FLASH_EraseOptionBytes                   0x0800108f   Thumb Code   150  stm32f10x_flash.o(.text)
    FLASH_ProgramWord                        0x08001125   Thumb Code   102  stm32f10x_flash.o(.text)
    FLASH_ProgramHalfWord                    0x0800118b   Thumb Code    60  stm32f10x_flash.o(.text)
    FLASH_ProgramOptionByteData              0x080011c7   Thumb Code    72  stm32f10x_flash.o(.text)
    FLASH_EnableWriteProtection              0x0800120f   Thumb Code   200  stm32f10x_flash.o(.text)
    FLASH_ReadOutProtection                  0x080012d7   Thumb Code   156  stm32f10x_flash.o(.text)
    FLASH_UserOptionByteConfig               0x08001373   Thumb Code    88  stm32f10x_flash.o(.text)
    FLASH_GetUserOptionByte                  0x080013cb   Thumb Code     8  stm32f10x_flash.o(.text)
    FLASH_GetWriteProtectionOptionByte       0x080013d3   Thumb Code     6  stm32f10x_flash.o(.text)
    FLASH_GetPrefetchBufferStatus            0x080013d9   Thumb Code    20  stm32f10x_flash.o(.text)
    FLASH_ITConfig                           0x080013ed   Thumb Code    26  stm32f10x_flash.o(.text)
    FLASH_GetFlagStatus                      0x08001407   Thumb Code    42  stm32f10x_flash.o(.text)
    FLASH_ClearFlag                          0x08001431   Thumb Code     6  stm32f10x_flash.o(.text)
    FLASH_GetStatus                          0x08001437   Thumb Code    48  stm32f10x_flash.o(.text)
    I2C_DeInit                               0x08001479   Thumb Code    50  stm32f10x_i2c.o(.text)
    I2C_Init                                 0x080014ab   Thumb Code   222  stm32f10x_i2c.o(.text)
    I2C_StructInit                           0x08001589   Thumb Code    30  stm32f10x_i2c.o(.text)
    I2C_Cmd                                  0x080015a7   Thumb Code    24  stm32f10x_i2c.o(.text)
    I2C_DMACmd                               0x080015bf   Thumb Code    24  stm32f10x_i2c.o(.text)
    I2C_DMALastTransferCmd                   0x080015d7   Thumb Code    24  stm32f10x_i2c.o(.text)
    I2C_GenerateSTART                        0x080015ef   Thumb Code    24  stm32f10x_i2c.o(.text)
    I2C_GenerateSTOP                         0x08001607   Thumb Code    24  stm32f10x_i2c.o(.text)
    I2C_AcknowledgeConfig                    0x0800161f   Thumb Code    24  stm32f10x_i2c.o(.text)
    I2C_OwnAddress2Config                    0x08001637   Thumb Code    22  stm32f10x_i2c.o(.text)
    I2C_DualAddressCmd                       0x0800164d   Thumb Code    24  stm32f10x_i2c.o(.text)
    I2C_GeneralCallCmd                       0x08001665   Thumb Code    24  stm32f10x_i2c.o(.text)
    I2C_ITConfig                             0x0800167d   Thumb Code    18  stm32f10x_i2c.o(.text)
    I2C_SendData                             0x0800168f   Thumb Code     4  stm32f10x_i2c.o(.text)
    I2C_ReceiveData                          0x08001693   Thumb Code     8  stm32f10x_i2c.o(.text)
    I2C_Send7bitAddress                      0x0800169b   Thumb Code    18  stm32f10x_i2c.o(.text)
    I2C_ReadRegister                         0x080016ad   Thumb Code    22  stm32f10x_i2c.o(.text)
    I2C_SoftwareResetCmd                     0x080016c3   Thumb Code    22  stm32f10x_i2c.o(.text)
    I2C_NACKPositionConfig                   0x080016d9   Thumb Code    28  stm32f10x_i2c.o(.text)
    I2C_SMBusAlertConfig                     0x080016f5   Thumb Code    28  stm32f10x_i2c.o(.text)
    I2C_TransmitPEC                          0x08001711   Thumb Code    24  stm32f10x_i2c.o(.text)
    I2C_PECPositionConfig                    0x08001729   Thumb Code    28  stm32f10x_i2c.o(.text)
    I2C_CalculatePEC                         0x08001745   Thumb Code    24  stm32f10x_i2c.o(.text)
    I2C_GetPEC                               0x0800175d   Thumb Code     8  stm32f10x_i2c.o(.text)
    I2C_ARPCmd                               0x08001765   Thumb Code    24  stm32f10x_i2c.o(.text)
    I2C_StretchClockCmd                      0x0800177d   Thumb Code    24  stm32f10x_i2c.o(.text)
    I2C_FastModeDutyCycleConfig              0x08001795   Thumb Code    28  stm32f10x_i2c.o(.text)
    I2C_CheckEvent                           0x080017b1   Thumb Code    42  stm32f10x_i2c.o(.text)
    I2C_GetLastEvent                         0x080017db   Thumb Code    26  stm32f10x_i2c.o(.text)
    I2C_GetFlagStatus                        0x080017f5   Thumb Code    58  stm32f10x_i2c.o(.text)
    I2C_ClearFlag                            0x0800182f   Thumb Code    12  stm32f10x_i2c.o(.text)
    I2C_GetITStatus                          0x0800183b   Thumb Code    54  stm32f10x_i2c.o(.text)
    I2C_ClearITPendingBit                    0x08001871   Thumb Code    12  stm32f10x_i2c.o(.text)
    TIM_DeInit                               0x0800187d   Thumb Code   424  stm32f10x_tim.o(.text)
    TIM_TimeBaseInit                         0x08001a25   Thumb Code   122  stm32f10x_tim.o(.text)
    TIM_OC1Init                              0x08001a9f   Thumb Code   132  stm32f10x_tim.o(.text)
    TIM_OC2Init                              0x08001b23   Thumb Code   154  stm32f10x_tim.o(.text)
    TIM_OC3Init                              0x08001bbd   Thumb Code   150  stm32f10x_tim.o(.text)
    TIM_OC4Init                              0x08001c53   Thumb Code   182  stm32f10x_tim.o(.text)
    TIM_SetIC4Prescaler                      0x08001d09   Thumb Code    26  stm32f10x_tim.o(.text)
    TIM_SetIC3Prescaler                      0x08001da5   Thumb Code    18  stm32f10x_tim.o(.text)
    TIM_SetIC2Prescaler                      0x08001e31   Thumb Code    26  stm32f10x_tim.o(.text)
    TIM_SetIC1Prescaler                      0x08001ecd   Thumb Code    18  stm32f10x_tim.o(.text)
    TIM_ICInit                               0x08001f4b   Thumb Code   150  stm32f10x_tim.o(.text)
    TIM_PWMIConfig                           0x08001fe1   Thumb Code   124  stm32f10x_tim.o(.text)
    TIM_BDTRConfig                           0x0800205d   Thumb Code    32  stm32f10x_tim.o(.text)
    TIM_TimeBaseStructInit                   0x0800207d   Thumb Code    18  stm32f10x_tim.o(.text)
    TIM_OCStructInit                         0x0800208f   Thumb Code    20  stm32f10x_tim.o(.text)
    TIM_ICStructInit                         0x080020a3   Thumb Code    18  stm32f10x_tim.o(.text)
    TIM_BDTRStructInit                       0x080020b5   Thumb Code    40  stm32f10x_tim.o(.text)
    TIM_Cmd                                  0x080020dd   Thumb Code    24  stm32f10x_tim.o(.text)
    TIM_CtrlPWMOutputs                       0x080020f5   Thumb Code    30  stm32f10x_tim.o(.text)
    TIM_ITConfig                             0x08002113   Thumb Code    18  stm32f10x_tim.o(.text)
    TIM_GenerateEvent                        0x08002125   Thumb Code     4  stm32f10x_tim.o(.text)
    TIM_DMAConfig                            0x08002129   Thumb Code    10  stm32f10x_tim.o(.text)
    TIM_DMACmd                               0x08002133   Thumb Code    18  stm32f10x_tim.o(.text)
    TIM_InternalClockConfig                  0x08002145   Thumb Code    12  stm32f10x_tim.o(.text)
    TIM_SelectInputTrigger                   0x08002151   Thumb Code    18  stm32f10x_tim.o(.text)
    TIM_ITRxExternalClockConfig              0x08002163   Thumb Code    24  stm32f10x_tim.o(.text)
    TIM_TIxExternalClockConfig               0x0800217b   Thumb Code    62  stm32f10x_tim.o(.text)
    TIM_ETRConfig                            0x080021b9   Thumb Code    28  stm32f10x_tim.o(.text)
    TIM_ETRClockMode1Config                  0x080021d5   Thumb Code    54  stm32f10x_tim.o(.text)
    TIM_ETRClockMode2Config                  0x0800220b   Thumb Code    32  stm32f10x_tim.o(.text)
    TIM_PrescalerConfig                      0x0800222b   Thumb Code     6  stm32f10x_tim.o(.text)
    TIM_CounterModeConfig                    0x08002231   Thumb Code    18  stm32f10x_tim.o(.text)
    TIM_EncoderInterfaceConfig               0x08002243   Thumb Code    66  stm32f10x_tim.o(.text)
    TIM_ForcedOC1Config                      0x08002285   Thumb Code    18  stm32f10x_tim.o(.text)
    TIM_ForcedOC2Config                      0x08002297   Thumb Code    26  stm32f10x_tim.o(.text)
    TIM_ForcedOC3Config                      0x080022b1   Thumb Code    18  stm32f10x_tim.o(.text)
    TIM_ForcedOC4Config                      0x080022c3   Thumb Code    26  stm32f10x_tim.o(.text)
    TIM_ARRPreloadConfig                     0x080022dd   Thumb Code    24  stm32f10x_tim.o(.text)
    TIM_SelectCOM                            0x080022f5   Thumb Code    24  stm32f10x_tim.o(.text)
    TIM_SelectCCDMA                          0x0800230d   Thumb Code    24  stm32f10x_tim.o(.text)
    TIM_CCPreloadControl                     0x08002325   Thumb Code    24  stm32f10x_tim.o(.text)
    TIM_OC1PreloadConfig                     0x0800233d   Thumb Code    18  stm32f10x_tim.o(.text)
    TIM_OC2PreloadConfig                     0x0800234f   Thumb Code    26  stm32f10x_tim.o(.text)
    TIM_OC3PreloadConfig                     0x08002369   Thumb Code    18  stm32f10x_tim.o(.text)
    TIM_OC4PreloadConfig                     0x0800237b   Thumb Code    26  stm32f10x_tim.o(.text)
    TIM_OC1FastConfig                        0x08002395   Thumb Code    18  stm32f10x_tim.o(.text)
    TIM_OC2FastConfig                        0x080023a7   Thumb Code    26  stm32f10x_tim.o(.text)
    TIM_OC3FastConfig                        0x080023c1   Thumb Code    18  stm32f10x_tim.o(.text)
    TIM_OC4FastConfig                        0x080023d3   Thumb Code    26  stm32f10x_tim.o(.text)
    TIM_ClearOC1Ref                          0x080023ed   Thumb Code    18  stm32f10x_tim.o(.text)
    TIM_ClearOC2Ref                          0x080023ff   Thumb Code    24  stm32f10x_tim.o(.text)
    TIM_ClearOC3Ref                          0x08002417   Thumb Code    18  stm32f10x_tim.o(.text)
    TIM_ClearOC4Ref                          0x08002429   Thumb Code    24  stm32f10x_tim.o(.text)
    TIM_OC1PolarityConfig                    0x08002441   Thumb Code    18  stm32f10x_tim.o(.text)
    TIM_OC1NPolarityConfig                   0x08002453   Thumb Code    18  stm32f10x_tim.o(.text)
    TIM_OC2PolarityConfig                    0x08002465   Thumb Code    26  stm32f10x_tim.o(.text)
    TIM_OC2NPolarityConfig                   0x0800247f   Thumb Code    26  stm32f10x_tim.o(.text)
    TIM_OC3PolarityConfig                    0x08002499   Thumb Code    26  stm32f10x_tim.o(.text)
    TIM_OC3NPolarityConfig                   0x080024b3   Thumb Code    26  stm32f10x_tim.o(.text)
    TIM_OC4PolarityConfig                    0x080024cd   Thumb Code    26  stm32f10x_tim.o(.text)
    TIM_CCxCmd                               0x080024e7   Thumb Code    30  stm32f10x_tim.o(.text)
    TIM_CCxNCmd                              0x08002505   Thumb Code    30  stm32f10x_tim.o(.text)
    TIM_SelectOCxM                           0x08002523   Thumb Code    82  stm32f10x_tim.o(.text)
    TIM_UpdateDisableConfig                  0x08002575   Thumb Code    24  stm32f10x_tim.o(.text)
    TIM_UpdateRequestConfig                  0x0800258d   Thumb Code    24  stm32f10x_tim.o(.text)
    TIM_SelectHallSensor                     0x080025a5   Thumb Code    24  stm32f10x_tim.o(.text)
    TIM_SelectOnePulseMode                   0x080025bd   Thumb Code    18  stm32f10x_tim.o(.text)
    TIM_SelectOutputTrigger                  0x080025cf   Thumb Code    18  stm32f10x_tim.o(.text)
    TIM_SelectSlaveMode                      0x080025e1   Thumb Code    18  stm32f10x_tim.o(.text)
    TIM_SelectMasterSlaveMode                0x080025f3   Thumb Code    18  stm32f10x_tim.o(.text)
    TIM_SetCounter                           0x08002605   Thumb Code     4  stm32f10x_tim.o(.text)
    TIM_SetAutoreload                        0x08002609   Thumb Code     4  stm32f10x_tim.o(.text)
    TIM_SetCompare1                          0x0800260d   Thumb Code     4  stm32f10x_tim.o(.text)
    TIM_SetCompare2                          0x08002611   Thumb Code     4  stm32f10x_tim.o(.text)
    TIM_SetCompare3                          0x08002615   Thumb Code     4  stm32f10x_tim.o(.text)
    TIM_SetCompare4                          0x08002619   Thumb Code     6  stm32f10x_tim.o(.text)
    TIM_SetClockDivision                     0x0800261f   Thumb Code    18  stm32f10x_tim.o(.text)
    TIM_GetCapture1                          0x08002631   Thumb Code     6  stm32f10x_tim.o(.text)
    TIM_GetCapture2                          0x08002637   Thumb Code     6  stm32f10x_tim.o(.text)
    TIM_GetCapture3                          0x0800263d   Thumb Code     6  stm32f10x_tim.o(.text)
    TIM_GetCapture4                          0x08002643   Thumb Code     8  stm32f10x_tim.o(.text)
    TIM_GetCounter                           0x0800264b   Thumb Code     6  stm32f10x_tim.o(.text)
    TIM_GetPrescaler                         0x08002651   Thumb Code     6  stm32f10x_tim.o(.text)
    TIM_GetFlagStatus                        0x08002657   Thumb Code    18  stm32f10x_tim.o(.text)
    TIM_ClearFlag                            0x08002669   Thumb Code     6  stm32f10x_tim.o(.text)
    TIM_GetITStatus                          0x0800266f   Thumb Code    34  stm32f10x_tim.o(.text)
    TIM_ClearITPendingBit                    0x08002691   Thumb Code     6  stm32f10x_tim.o(.text)
    SystemInit                               0x08002777   Thumb Code    78  system_stm32f10x.o(.text)
    SystemCoreClockUpdate                    0x080027c5   Thumb Code   142  system_stm32f10x.o(.text)
    readEEPROM                               0x08002879   Thumb Code   160  config.o(.text)
    writeEEPROM                              0x08002919   Thumb Code    66  config.o(.text)
    checkFirstTime                           0x0800295b   Thumb Code   484  config.o(.text)
    NMI_Handler                              0x08002b91   Thumb Code     2  stm32_it.o(.text)
    HardFault_Handler                        0x08002b93   Thumb Code    10  stm32_it.o(.text)
    MemManage_Handler                        0x08002b9d   Thumb Code    10  stm32_it.o(.text)
    BusFault_Handler                         0x08002ba7   Thumb Code    10  stm32_it.o(.text)
    UsageFault_Handler                       0x08002bb1   Thumb Code    10  stm32_it.o(.text)
    SVC_Handler                              0x08002bbb   Thumb Code     2  stm32_it.o(.text)
    DebugMon_Handler                         0x08002bbd   Thumb Code     2  stm32_it.o(.text)
    PendSV_Handler                           0x08002bbf   Thumb Code     2  stm32_it.o(.text)
    USB_LP_CAN1_RX0_IRQHandler               0x08002bc1   Thumb Code     8  stm32_it.o(.text)
    USBWakeUp_IRQHandler                     0x08002bc9   Thumb Code    12  stm32_it.o(.text)
    constrain                                0x08002c41   Thumb Code    40  utilities.o(.text)
    matrixMultiply                           0x08002c69   Thumb Code   132  utilities.o(.text)
    Round                                    0x08002ced   Thumb Code    38  utilities.o(.text)
    _sbrk                                    0x08002d13   Thumb Code    42  utilities.o(.text)
    sphereFit                                0x08002d3d   Thumb Code  2608  utilities.o(.text)
    standardRadianFormat                     0x0800376d   Thumb Code    48  utilities.o(.text)
    stringToFloat                            0x0800379d   Thumb Code   492  utilities.o(.text)
    printUSART                               0x080039ad   Thumb Code    38  drv_cli.o(.text)
    printDirect                              0x080039d3   Thumb Code    38  drv_cli.o(.text)
    usbOverrun                               0x080039f9   Thumb Code     6  drv_cli.o(.text)
    USBPushTXData                            0x080039ff   Thumb Code    82  drv_cli.o(.text)
    USBPushTX                                0x08003a51   Thumb Code    18  drv_cli.o(.text)
    EP1_IN_Callback                          0x08003a63   Thumb Code    14  drv_cli.o(.text)
    cliInit                                  0x08003a71   Thumb Code    44  drv_cli.o(.text)
    cliPrint                                 0x08003a9d   Thumb Code    28  drv_cli.o(.text)
    cliAvailable                             0x08003ab9   Thumb Code     6  drv_cli.o(.text)
    cliRead                                  0x08003abf   Thumb Code    30  drv_cli.o(.text)
    cliPrintF                                0x08003add   Thumb Code    50  drv_cli.o(.text)
    usbDsbISR                                0x08003b0f   Thumb Code     2  drv_cli.o(.text)
    getChar                                  0x08003b11   Thumb Code    52  drv_cli.o(.text)
    gpioInit                                 0x08003b69   Thumb Code    80  drv_gpio.o(.text)
    i2cInit                                  0x08003c69   Thumb Code   164  drv_i2c.o(.text)
    I2C1_ER_IRQHandler                       0x08003dbd   Thumb Code     8  drv_i2c.o(.text)
    I2C1_EV_IRQHandler                       0x080041a7   Thumb Code     8  drv_i2c.o(.text)
    I2C2_ER_IRQHandler                       0x080041af   Thumb Code     8  drv_i2c.o(.text)
    I2C2_EV_IRQHandler                       0x080041b7   Thumb Code     8  drv_i2c.o(.text)
    i2cWriteBuffer                           0x080041bf   Thumb Code   208  drv_i2c.o(.text)
    i2cWrite                                 0x0800428f   Thumb Code    20  drv_i2c.o(.text)
    i2cRead                                  0x080042a3   Thumb Code   174  drv_i2c.o(.text)
    i2cGetErrorCounter                       0x08004351   Thumb Code     6  drv_i2c.o(.text)
    updateCounter                            0x0800438d   Thumb Code    48  drv_pwmmotors.o(.text)
    TIM8_UP_IRQHandler                       0x080043dd   Thumb Code   138  drv_pwmmotors.o(.text)
    TIM1_UP_IRQHandler                       0x08004467   Thumb Code   138  drv_pwmmotors.o(.text)
    TIM5_IRQHandler                          0x080044f1   Thumb Code   204  drv_pwmmotors.o(.text)
    setPWMFastTable                          0x080046e5   Thumb Code   328  drv_pwmmotors.o(.text)
    setPWM                                   0x0800482d   Thumb Code    20  drv_pwmmotors.o(.text)
    setPWMData                               0x08004841   Thumb Code    46  drv_pwmmotors.o(.text)
    limitYawPWM                              0x0800486f   Thumb Code    70  drv_pwmmotors.o(.text)
    activateIRQ                              0x080048b5   Thumb Code    46  drv_pwmmotors.o(.text)
    setRollMotor                             0x080048e3   Thumb Code    40  drv_pwmmotors.o(.text)
    setPitchMotor                            0x0800490b   Thumb Code    40  drv_pwmmotors.o(.text)
    setYawMotor                              0x08004933   Thumb Code    46  drv_pwmmotors.o(.text)
    forceMotorUpdate                         0x08004961   Thumb Code    22  drv_pwmmotors.o(.text)
    pwmMotorDriverInit                       0x08004977   Thumb Code   168  drv_pwmmotors.o(.text)
    rcInit                                   0x08004a5d   Thumb Code   202  drv_rc.o(.text)
    EXTI3_IRQHandler                         0x08004b27   Thumb Code    88  drv_rc.o(.text)
    EXTI4_IRQHandler                         0x08004b7f   Thumb Code    88  drv_rc.o(.text)
    EXTI9_5_IRQHandler                       0x08004bd7   Thumb Code    88  drv_rc.o(.text)
    rxRead                                   0x08004c2f   Thumb Code    36  drv_rc.o(.text)
    micros                                   0x08004ccf   Thumb Code    52  drv_system.o(.text)
    SysTick_Handler                          0x08004d03   Thumb Code   270  drv_system.o(.text)
    millis                                   0x08004e11   Thumb Code     6  drv_system.o(.text)
    delayMicroseconds                        0x08004e17   Thumb Code    54  drv_system.o(.text)
    delay                                    0x08004e4d   Thumb Code    24  drv_system.o(.text)
    systemInit                               0x08004e65   Thumb Code   302  drv_system.o(.text)
    BKPInit                                  0x08004f93   Thumb Code    14  drv_system.o(.text)
    BKPRead                                  0x08004fa1   Thumb Code    40  drv_system.o(.text)
    BKPWrite                                 0x08004fc9   Thumb Code    36  drv_system.o(.text)
    reboot                                   0x08004fed   Thumb Code    14  drv_system.o(.text)
    bootloader                               0x08004ffb   Thumb Code    14  drv_system.o(.text)
    _init                                    0x08005009   Thumb Code     2  drv_system.o(.text)
    InitUart4BufferIRQ                       0x08005209   Thumb Code    42  drv_usart.o(.text)
    uart1_init                               0x08005233   Thumb Code   154  drv_usart.o(.text)
    UART4EnableTxInterrupt                   0x080052cd   Thumb Code    16  drv_usart.o(.text)
    InitUart4Buffer                          0x080052dd   Thumb Code    22  drv_usart.o(.text)
    Usart4Init                               0x080052f3   Thumb Code   156  drv_usart.o(.text)
    USART_GetChar                            0x0800538f   Thumb Code    10  drv_usart.o(.text)
    USART_Peek                               0x08005399   Thumb Code    10  drv_usart.o(.text)
    USART_Available                          0x080053a3   Thumb Code    10  drv_usart.o(.text)
    USART_Flush                              0x080053ad   Thumb Code    16  drv_usart.o(.text)
    USART_PutCharDirect                      0x080053bd   Thumb Code    22  drv_usart.o(.text)
    USART_PutChar                            0x080053d3   Thumb Code    16  drv_usart.o(.text)
    USART_PutStringDirect                    0x080053e3   Thumb Code    22  drv_usart.o(.text)
    USART_PutString                          0x080053f9   Thumb Code    56  drv_usart.o(.text)
    UART4_IRQHandler                         0x08005431   Thumb Code   178  drv_usart.o(.text)
    RingBufferInit                           0x08005505   Thumb Code    14  ringbuffer.o(.text)
    RingBufferSize                           0x08005513   Thumb Code     8  ringbuffer.o(.text)
    RingBufferFillLevel                      0x0800551b   Thumb Code    34  ringbuffer.o(.text)
    RingBufferPut                            0x0800553d   Thumb Code   108  ringbuffer.o(.text)
    RingBufferPutBlock                       0x080055a9   Thumb Code   192  ringbuffer.o(.text)
    RingBufferGet                            0x08005669   Thumb Code    56  ringbuffer.o(.text)
    RingBufferPeek                           0x080056a1   Thumb Code    28  ringbuffer.o(.text)
    computeMPU6050TCBias                     0x080056bd   Thumb Code   202  mpu6050.o(.text)
    readMPU6050                              0x08005787   Thumb Code   234  mpu6050.o(.text)
    computeMPU6050RTData                     0x08005871   Thumb Code   534  mpu6050.o(.text)
    initMPU6050                              0x08005a87   Thumb Code   156  mpu6050.o(.text)
    orientIMU                                0x08005b23   Thumb Code   330  mpu6050.o(.text)
    Set_System                               0x08005c75   Thumb Code   122  hw_config.o(.text)
    Set_USBClock                             0x08005cef   Thumb Code    18  hw_config.o(.text)
    Enter_LowPowerMode                       0x08005d01   Thumb Code     8  hw_config.o(.text)
    Leave_LowPowerMode                       0x08005d09   Thumb Code    28  hw_config.o(.text)
    USB_Interrupts_Config                    0x08005d25   Thumb Code    60  hw_config.o(.text)
    Get_SerialNum                            0x08005d9f   Thumb Code    42  hw_config.o(.text)
    CDC_Send_DATA                            0x08005dc9   Thumb Code    42  hw_config.o(.text)
    CDC_Receive_DATA                         0x08005df3   Thumb Code    96  hw_config.o(.text)
    usbIsConfigured                          0x08005e53   Thumb Code    16  hw_config.o(.text)
    usbIsConnected                           0x08005e63   Thumb Code    14  hw_config.o(.text)
    SetVCPConnectMode                        0x08005e71   Thumb Code    22  hw_config.o(.text)
    ERR_Callback                             0x08005e87   Thumb Code    14  hw_config.o(.text)
    GetVCPConnectMode                        0x08005e95   Thumb Code     6  hw_config.o(.text)
    EP3_OUT_Callback                         0x08005ed9   Thumb Code    30  usb_endp.o(.text)
    USB_Istr                                 0x08005f05   Thumb Code   154  usb_istr.o(.text)
    Virtual_Com_Port_init                    0x08005fb5   Thumb Code    30  usb_prop.o(.text)
    Virtual_Com_Port_Reset                   0x08005fd3   Thumb Code   224  usb_prop.o(.text)
    Virtual_Com_Port_SetConfiguration        0x080060b3   Thumb Code    14  usb_prop.o(.text)
    Virtual_Com_Port_SetDeviceAddress        0x080060c1   Thumb Code     8  usb_prop.o(.text)
    Virtual_Com_Port_Status_In               0x080060c9   Thumb Code    16  usb_prop.o(.text)
    Virtual_Com_Port_Status_Out              0x080060d9   Thumb Code     2  usb_prop.o(.text)
    Virtual_Com_Port_SetLineCoding           0x080060db   Thumb Code    20  usb_prop.o(.text)
    Virtual_Com_Port_GetLineCoding           0x080060ef   Thumb Code    20  usb_prop.o(.text)
    Virtual_Com_Port_Data_Setup              0x08006103   Thumb Code    92  usb_prop.o(.text)
    Virtual_Com_Port_NoData_Setup            0x0800615f   Thumb Code    44  usb_prop.o(.text)
    Virtual_Com_Port_GetDeviceDescriptor     0x0800618b   Thumb Code    14  usb_prop.o(.text)
    Virtual_Com_Port_GetConfigDescriptor     0x08006199   Thumb Code    34  usb_prop.o(.text)
    Virtual_Com_Port_GetStringDescriptor     0x080061bb   Thumb Code    32  usb_prop.o(.text)
    Virtual_Com_Port_Get_Interface_Setting   0x080061db   Thumb Code    22  usb_prop.o(.text)
    PowerOn                                  0x0800621d   Thumb Code    46  usb_pwr.o(.text)
    PowerOff                                 0x0800624b   Thumb Code    22  usb_pwr.o(.text)
    Suspend                                  0x08006261   Thumb Code   240  usb_pwr.o(.text)
    Resume_Init                              0x08006351   Thumb Code    30  usb_pwr.o(.text)
    Resume                                   0x0800636f   Thumb Code   194  usb_pwr.o(.text)
    Standard_GetConfiguration                0x08006451   Thumb Code    34  usb_core.o(.text)
    Standard_SetConfiguration                0x08006473   Thumb Code    60  usb_core.o(.text)
    Standard_GetInterface                    0x080064af   Thumb Code    34  usb_core.o(.text)
    Standard_SetInterface                    0x080064d1   Thumb Code    96  usb_core.o(.text)
    Standard_GetStatus                       0x08006531   Thumb Code   238  usb_core.o(.text)
    Standard_ClearFeature                    0x0800661f   Thumb Code   342  usb_core.o(.text)
    Standard_SetEndPointFeature              0x08006775   Thumb Code   220  usb_core.o(.text)
    Standard_SetDeviceFeature                0x08006851   Thumb Code    30  usb_core.o(.text)
    Standard_GetDescriptorData               0x0800686f   Thumb Code    32  usb_core.o(.text)
    Post0_Process                            0x08006da3   Thumb Code    54  usb_core.o(.text)
    Setup0_Process                           0x08006dd9   Thumb Code   170  usb_core.o(.text)
    SetDeviceAddress                         0x08006e83   Thumb Code    70  usb_core.o(.text)
    In0_Process                              0x08006ec9   Thumb Code    98  usb_core.o(.text)
    Out0_Process                             0x08006f2b   Thumb Code    70  usb_core.o(.text)
    NOP_Process                              0x08006f71   Thumb Code     2  usb_core.o(.text)
    USB_Init                                 0x08006fa1   Thumb Code    36  usb_init.o(.text)
    CTR_LP                                   0x08006fdd   Thumb Code   616  usb_int.o(.text)
    CTR_HP                                   0x08007245   Thumb Code   178  usb_int.o(.text)
    UserToPMABufferCopy                      0x08007319   Thumb Code    52  usb_mem.o(.text)
    PMAToUserBufferCopy                      0x0800734d   Thumb Code    34  usb_mem.o(.text)
    SetCNTR                                  0x08007375   Thumb Code     6  usb_regs.o(.text)
    GetCNTR                                  0x0800737b   Thumb Code     8  usb_regs.o(.text)
    SetISTR                                  0x08007383   Thumb Code     8  usb_regs.o(.text)
    GetISTR                                  0x0800738b   Thumb Code    10  usb_regs.o(.text)
    GetFNR                                   0x08007395   Thumb Code    10  usb_regs.o(.text)
    SetDADDR                                 0x0800739f   Thumb Code     8  usb_regs.o(.text)
    GetDADDR                                 0x080073a7   Thumb Code    10  usb_regs.o(.text)
    SetBTABLE                                0x080073b1   Thumb Code    14  usb_regs.o(.text)
    GetBTABLE                                0x080073bf   Thumb Code    10  usb_regs.o(.text)
    SetENDPOINT                              0x080073c9   Thumb Code    12  usb_regs.o(.text)
    GetENDPOINT                              0x080073d5   Thumb Code    16  usb_regs.o(.text)
    SetEPType                                0x080073e5   Thumb Code    32  usb_regs.o(.text)
    GetEPType                                0x08007405   Thumb Code    18  usb_regs.o(.text)
    SetEPTxStatus                            0x08007417   Thumb Code    60  usb_regs.o(.text)
    SetEPRxStatus                            0x08007453   Thumb Code    60  usb_regs.o(.text)
    SetDouBleBuffEPStall                     0x0800748f   Thumb Code    54  usb_regs.o(.text)
    GetEPTxStatus                            0x080074c5   Thumb Code    18  usb_regs.o(.text)
    GetEPRxStatus                            0x080074d7   Thumb Code    18  usb_regs.o(.text)
    SetEPTxValid                             0x080074e9   Thumb Code    48  usb_regs.o(.text)
    SetEPRxValid                             0x08007519   Thumb Code    48  usb_regs.o(.text)
    SetEP_KIND                               0x08007549   Thumb Code    38  usb_regs.o(.text)
    ClearEP_KIND                             0x0800756f   Thumb Code    34  usb_regs.o(.text)
    Clear_Status_Out                         0x08007591   Thumb Code    34  usb_regs.o(.text)
    Set_Status_Out                           0x080075b3   Thumb Code    38  usb_regs.o(.text)
    SetEPDoubleBuff                          0x080075d9   Thumb Code    38  usb_regs.o(.text)
    ClearEPDoubleBuff                        0x080075ff   Thumb Code    34  usb_regs.o(.text)
    GetTxStallStatus                         0x08007621   Thumb Code    28  usb_regs.o(.text)
    GetRxStallStatus                         0x0800763d   Thumb Code    30  usb_regs.o(.text)
    ClearEP_CTR_RX                           0x0800765b   Thumb Code    32  usb_regs.o(.text)
    ClearEP_CTR_TX                           0x0800767b   Thumb Code    28  usb_regs.o(.text)
    ToggleDTOG_RX                            0x08007697   Thumb Code    34  usb_regs.o(.text)
    ToggleDTOG_TX                            0x080076b9   Thumb Code    34  usb_regs.o(.text)
    ClearDTOG_RX                             0x080076db   Thumb Code    48  usb_regs.o(.text)
    ClearDTOG_TX                             0x0800770b   Thumb Code    48  usb_regs.o(.text)
    SetEPAddress                             0x0800773b   Thumb Code    46  usb_regs.o(.text)
    GetEPAddress                             0x08007769   Thumb Code    18  usb_regs.o(.text)
    SetEPTxAddr                              0x0800777b   Thumb Code    24  usb_regs.o(.text)
    SetEPRxAddr                              0x08007793   Thumb Code    26  usb_regs.o(.text)
    GetEPTxAddr                              0x080077ad   Thumb Code    22  usb_regs.o(.text)
    GetEPRxAddr                              0x080077c3   Thumb Code    24  usb_regs.o(.text)
    SetEPTxCount                             0x080077db   Thumb Code    20  usb_regs.o(.text)
    SetEPCountRxReg                          0x080077ef   Thumb Code    48  usb_regs.o(.text)
    SetEPRxCount                             0x0800781f   Thumb Code    68  usb_regs.o(.text)
    GetEPTxCount                             0x08007863   Thumb Code    26  usb_regs.o(.text)
    GetEPRxCount                             0x0800787d   Thumb Code    26  usb_regs.o(.text)
    SetEPDblBuffAddr                         0x08007897   Thumb Code    44  usb_regs.o(.text)
    SetEPDblBuf0Addr                         0x080078c3   Thumb Code    24  usb_regs.o(.text)
    SetEPDblBuf1Addr                         0x080078db   Thumb Code    26  usb_regs.o(.text)
    GetEPDblBuf0Addr                         0x080078f5   Thumb Code    22  usb_regs.o(.text)
    GetEPDblBuf1Addr                         0x0800790b   Thumb Code    24  usb_regs.o(.text)
    SetEPDblBuffCount                        0x08007923   Thumb Code   186  usb_regs.o(.text)
    SetEPDblBuf0Count                        0x080079dd   Thumb Code    96  usb_regs.o(.text)
    SetEPDblBuf1Count                        0x08007a3d   Thumb Code    96  usb_regs.o(.text)
    GetEPDblBuf0Count                        0x08007a9d   Thumb Code    26  usb_regs.o(.text)
    GetEPDblBuf1Count                        0x08007ab7   Thumb Code    26  usb_regs.o(.text)
    GetEPDblBufDir                           0x08007ad1   Thumb Code    62  usb_regs.o(.text)
    FreeUserBuffer                           0x08007b0f   Thumb Code    90  usb_regs.o(.text)
    ToWord                                   0x08007b69   Thumb Code     8  usb_regs.o(.text)
    ByteSwap                                 0x08007b71   Thumb Code    12  usb_regs.o(.text)
    USB_SIL_Init                             0x08007b7d   Thumb Code    28  usb_sil.o(.text)
    USB_SIL_Write                            0x08007b99   Thumb Code    46  usb_sil.o(.text)
    USB_SIL_Read                             0x08007bc7   Thumb Code    46  usb_sil.o(.text)
    __aeabi_memcpy                           0x08007bfd   Thumb Code    36  memcpya.o(.text)
    __aeabi_memcpy4                          0x08007bfd   Thumb Code     0  memcpya.o(.text)
    __aeabi_memcpy8                          0x08007bfd   Thumb Code     0  memcpya.o(.text)
    __aeabi_memset                           0x08007c21   Thumb Code    14  memseta.o(.text)
    __aeabi_memset4                          0x08007c21   Thumb Code     0  memseta.o(.text)
    __aeabi_memset8                          0x08007c21   Thumb Code     0  memseta.o(.text)
    __aeabi_memclr                           0x08007c2f   Thumb Code     4  memseta.o(.text)
    __aeabi_memclr4                          0x08007c2f   Thumb Code     0  memseta.o(.text)
    __aeabi_memclr8                          0x08007c2f   Thumb Code     0  memseta.o(.text)
    _memset$wrapper                          0x08007c33   Thumb Code    18  memseta.o(.text)
    strlen                                   0x08007c45   Thumb Code    14  strlen.o(.text)
    __aeabi_fadd                             0x08007c53   Thumb Code   164  fadd.o(.text)
    __aeabi_fsub                             0x08007cf7   Thumb Code     6  fadd.o(.text)
    __aeabi_frsub                            0x08007cfd   Thumb Code     6  fadd.o(.text)
    __aeabi_fmul                             0x08007d03   Thumb Code   100  fmul.o(.text)
    __aeabi_fdiv                             0x08007d67   Thumb Code   124  fdiv.o(.text)
    __aeabi_dadd                             0x08007de3   Thumb Code   322  dadd.o(.text)
    __aeabi_dsub                             0x08007f25   Thumb Code     6  dadd.o(.text)
    __aeabi_drsub                            0x08007f2b   Thumb Code     6  dadd.o(.text)
    __aeabi_dmul                             0x08007f31   Thumb Code   228  dmul.o(.text)
    __aeabi_ddiv                             0x08008015   Thumb Code   222  ddiv.o(.text)
    __aeabi_i2f                              0x080080f3   Thumb Code    18  fflti.o(.text)
    __aeabi_ui2f                             0x08008105   Thumb Code    10  ffltui.o(.text)
    __aeabi_i2d                              0x0800810f   Thumb Code    34  dflti.o(.text)
    __aeabi_f2iz                             0x08008131   Thumb Code    50  ffixi.o(.text)
    __aeabi_f2d                              0x08008163   Thumb Code    38  f2d.o(.text)
    __aeabi_d2f                              0x08008189   Thumb Code    56  d2f.o(.text)
    __aeabi_cfcmpeq                          0x080081c1   Thumb Code     0  cfcmple.o(.text)
    __aeabi_cfcmple                          0x080081c1   Thumb Code    20  cfcmple.o(.text)
    __aeabi_cfrcmple                         0x080081d5   Thumb Code    20  cfrcmple.o(.text)
    __aeabi_uidiv                            0x080081e9   Thumb Code     0  uidiv.o(.text)
    __aeabi_uidivmod                         0x080081e9   Thumb Code    44  uidiv.o(.text)
    __aeabi_uldivmod                         0x08008215   Thumb Code    98  uldiv.o(.text)
    __aeabi_llsl                             0x08008277   Thumb Code    30  llshl.o(.text)
    _ll_shift_l                              0x08008277   Thumb Code     0  llshl.o(.text)
    __aeabi_lasr                             0x08008295   Thumb Code    36  llsshr.o(.text)
    _ll_sshift_r                             0x08008295   Thumb Code     0  llsshr.o(.text)
    __I$use$fp                               0x080082b9   Thumb Code     0  iusefp.o(.text)
    _float_round                             0x080082b9   Thumb Code    18  fepilogue.o(.text)
    _float_epilogue                          0x080082cb   Thumb Code    92  fepilogue.o(.text)
    _double_round                            0x08008327   Thumb Code    30  depilogue.o(.text)
    _double_epilogue                         0x08008345   Thumb Code   156  depilogue.o(.text)
    _dsqrt                                   0x080083e1   Thumb Code   162  dsqrt.o(.text)
    _drnd                                    0x08008485   Thumb Code   132  drnd.o(.text)
    __aeabi_d2ulz                            0x0800850d   Thumb Code    48  dfixul.o(.text)
    __aeabi_cdcmpeq                          0x0800853d   Thumb Code     0  cdcmple.o(.text)
    __aeabi_cdcmple                          0x0800853d   Thumb Code    48  cdcmple.o(.text)
    __aeabi_cdrcmple                         0x0800856d   Thumb Code    48  cdrcmple.o(.text)
    __scatterload                            0x0800859d   Thumb Code    28  init.o(.text)
    __scatterload_rt2                        0x0800859d   Thumb Code     0  init.o(.text)
    __aeabi_llsr                             0x080085c1   Thumb Code    32  llushr.o(.text)
    _ll_ushift_r                             0x080085c1   Thumb Code     0  llushr.o(.text)
    __decompress                             0x080085e1   Thumb Code     0  __dczerorl2.o(.text)
    __decompress1                            0x080085e1   Thumb Code    86  __dczerorl2.o(.text)
    __0vsnprintf                             0x08008639   Thumb Code    32  printfa.o(i.__0vsnprintf)
    __1vsnprintf                             0x08008639   Thumb Code     0  printfa.o(i.__0vsnprintf)
    __2vsnprintf                             0x08008639   Thumb Code     0  printfa.o(i.__0vsnprintf)
    __c89vsnprintf                           0x08008639   Thumb Code     0  printfa.o(i.__0vsnprintf)
    vsnprintf                                0x08008639   Thumb Code     0  printfa.o(i.__0vsnprintf)
    __aeabi_errno_addr                       0x0800865d   Thumb Code     4  errno.o(i.__aeabi_errno_addr)
    __rt_errno_addr                          0x0800865d   Thumb Code     0  errno.o(i.__aeabi_errno_addr)
    __scatterload_copy                       0x08008665   Thumb Code    14  handlers.o(i.__scatterload_copy)
    __scatterload_null                       0x08008673   Thumb Code     2  handlers.o(i.__scatterload_null)
    __scatterload_zeroinit                   0x08008675   Thumb Code    14  handlers.o(i.__scatterload_zeroinit)
    __set_errno                              0x08008685   Thumb Code     6  errno.o(i.__set_errno)
    round                                    0x08008f39   Thumb Code   136  round.o(i.round)
    sqrt                                     0x08008fcd   Thumb Code    76  sqrt.o(i.sqrt)
    Virtual_Com_Port_DeviceDescriptor        0x08009018   Data          18  usb_desc.o(.constdata)
    Virtual_Com_Port_ConfigDescriptor        0x0800902a   Data          67  usb_desc.o(.constdata)
    Virtual_Com_Port_StringLangID            0x0800906d   Data           4  usb_desc.o(.constdata)
    Virtual_Com_Port_StringVendor            0x08009071   Data          38  usb_desc.o(.constdata)
    Virtual_Com_Port_StringProduct           0x08009097   Data          50  usb_desc.o(.constdata)
    Region$$Table$$Base                      0x080090cc   Number         0  anon$$obj.o(Region$$Table)
    Region$$Table$$Limit                     0x080090ec   Number         0  anon$$obj.o(Region$$Table)
    testPhase                                0x20000000   Data           4  main.o(.data)
    testPhaseDelta                           0x20000004   Data           4  main.o(.data)
    timerValue                               0x20000008   Data           2  main.o(.data)
    SystemCoreClock                          0x20000020   Data           4  system_stm32f10x.o(.data)
    AHBPrescTable                            0x20000024   Data          16  system_stm32f10x.o(.data)
    mechanical2electricalDegrees             0x20000034   Data          12  computemotorcommands.o(.data)
    electrical2mechanicalDegrees             0x20000040   Data          12  computemotorcommands.o(.data)
    yawCmd                                   0x2000004c   Data           4  computemotorcommands.o(.data)
    centerPoint                              0x20000050   Data           4  computemotorcommands.o(.data)
    stepSmooth                               0x20000054   Data           4  computemotorcommands.o(.data)
    step                                     0x20000058   Data           4  computemotorcommands.o(.data)
    exAcc                                    0x20000060   Data           4  margahrs.o(.data)
    eyAcc                                    0x20000064   Data           4  margahrs.o(.data)
    ezAcc                                    0x20000068   Data           4  margahrs.o(.data)
    exAccInt                                 0x2000006c   Data           4  margahrs.o(.data)
    eyAccInt                                 0x20000070   Data           4  margahrs.o(.data)
    ezAccInt                                 0x20000074   Data           4  margahrs.o(.data)
    exMag                                    0x20000078   Data           4  margahrs.o(.data)
    eyMag                                    0x2000007c   Data           4  margahrs.o(.data)
    ezMag                                    0x20000080   Data           4  margahrs.o(.data)
    exMagInt                                 0x20000084   Data           4  margahrs.o(.data)
    eyMagInt                                 0x20000088   Data           4  margahrs.o(.data)
    ezMagInt                                 0x2000008c   Data           4  margahrs.o(.data)
    kpAcc                                    0x20000090   Data           4  margahrs.o(.data)
    kiAcc                                    0x20000094   Data           4  margahrs.o(.data)
    q0                                       0x20000098   Data           4  margahrs.o(.data)
    q1                                       0x2000009c   Data           4  margahrs.o(.data)
    q2                                       0x200000a0   Data           4  margahrs.o(.data)
    q3                                       0x200000a4   Data           4  margahrs.o(.data)
    q0q0                                     0x200000a8   Data           4  margahrs.o(.data)
    q0q1                                     0x200000ac   Data           4  margahrs.o(.data)
    q0q2                                     0x200000b0   Data           4  margahrs.o(.data)
    q0q3                                     0x200000b4   Data           4  margahrs.o(.data)
    q1q1                                     0x200000b8   Data           4  margahrs.o(.data)
    q1q2                                     0x200000bc   Data           4  margahrs.o(.data)
    q1q3                                     0x200000c0   Data           4  margahrs.o(.data)
    q2q2                                     0x200000c4   Data           4  margahrs.o(.data)
    q2q3                                     0x200000c8   Data           4  margahrs.o(.data)
    q3q3                                     0x200000cc   Data           4  margahrs.o(.data)
    halfT                                    0x200000d0   Data           4  margahrs.o(.data)
    MargAHRSinitialized                      0x200000d4   Data           1  margahrs.o(.data)
    accConfidenceDecay                       0x200000d8   Data           4  margahrs.o(.data)
    accConfidence                            0x200000dc   Data           4  margahrs.o(.data)
    __irq_nesting_counter                    0x20000108   Data           4  drv_irq.o(.data)
    timer1timer8deadTimeRegister             0x20000110   Data           4  drv_pwmmotors.o(.data)
    timer4timer5deadTimeDelay                0x20000114   Data           4  drv_pwmmotors.o(.data)
    oddEvenFrame                             0x20000118   Data           1  drv_pwmmotors.o(.data)
    rcActive                                 0x20000120   Data           1  drv_rc.o(.data)
    frameCounter                             0x20000134   Data           2  drv_system.o(.data)
    frame_500Hz                              0x20000136   Data           1  drv_system.o(.data)
    frame_100Hz                              0x20000137   Data           1  drv_system.o(.data)
    frame_50Hz                               0x20000138   Data           1  drv_system.o(.data)
    frame_10Hz                               0x20000139   Data           1  drv_system.o(.data)
    frame_5Hz                                0x2000013a   Data           1  drv_system.o(.data)
    frame_1Hz                                0x2000013b   Data           1  drv_system.o(.data)
    deltaTime1000Hz                          0x2000013c   Data           4  drv_system.o(.data)
    executionTime1000Hz                      0x20000140   Data           4  drv_system.o(.data)
    previous1000HzTime                       0x20000144   Data           4  drv_system.o(.data)
    deltaTime500Hz                           0x20000148   Data           4  drv_system.o(.data)
    executionTime500Hz                       0x2000014c   Data           4  drv_system.o(.data)
    previous500HzTime                        0x20000150   Data           4  drv_system.o(.data)
    deltaTime100Hz                           0x20000154   Data           4  drv_system.o(.data)
    executionTime100Hz                       0x20000158   Data           4  drv_system.o(.data)
    previous100HzTime                        0x2000015c   Data           4  drv_system.o(.data)
    deltaTime50Hz                            0x20000160   Data           4  drv_system.o(.data)
    executionTime50Hz                        0x20000164   Data           4  drv_system.o(.data)
    previous50HzTime                         0x20000168   Data           4  drv_system.o(.data)
    deltaTime10Hz                            0x2000016c   Data           4  drv_system.o(.data)
    executionTime10Hz                        0x20000170   Data           4  drv_system.o(.data)
    previous10HzTime                         0x20000174   Data           4  drv_system.o(.data)
    deltaTime5Hz                             0x20000178   Data           4  drv_system.o(.data)
    executionTime5Hz                         0x2000017c   Data           4  drv_system.o(.data)
    previous5HzTime                          0x20000180   Data           4  drv_system.o(.data)
    deltaTime1Hz                             0x20000184   Data           4  drv_system.o(.data)
    executionTime1Hz                         0x20000188   Data           4  drv_system.o(.data)
    previous1HzTime                          0x2000018c   Data           4  drv_system.o(.data)
    dt500Hz                                  0x20000190   Data           4  drv_system.o(.data)
    systemReady                              0x20000194   Data           1  drv_system.o(.data)
    IrqCntUart4                              0x20000198   Data           4  drv_usart.o(.data)
    accelOneG                                0x2000019c   Data           4  mpu6050.o(.data)
    accelData500Hz                           0x200001a0   Data           6  mpu6050.o(.data)
    rawAccel                                 0x200001a6   Data           6  mpu6050.o(.data)
    gyroData500Hz                            0x200001ac   Data           6  mpu6050.o(.data)
    rawGyro                                  0x200001b2   Data           6  mpu6050.o(.data)
    mpu6050Calibrating                       0x200001b8   Data           1  mpu6050.o(.data)
    mpu6050Temperature                       0x200001bc   Data           4  mpu6050.o(.data)
    rawMPU6050Temperature                    0x200001c0   Data           2  mpu6050.o(.data)
    HSEStartUpStatus                         0x200001c5   Data           1  hw_config.o(.data)
    EXTI_InitStructure                       0x200001c8   Data           8  hw_config.o(.data)
    packetSent                               0x200001d0   Data           4  hw_config.o(.data)
    sendLength                               0x200001d4   Data           4  hw_config.o(.data)
    Virtual_Com_Port_StringSerial            0x200001d9   Data          26  usb_desc.o(.data)
    receiveLength                            0x200001f4   Data           4  usb_endp.o(.data)
    wIstr                                    0x200001f8   Data           2  usb_istr.o(.data)
    bIntPackSOF                              0x200001fa   Data           1  usb_istr.o(.data)
    esof_counter                             0x200001fc   Data           4  usb_istr.o(.data)
    wCNTR                                    0x20000200   Data           4  usb_istr.o(.data)
    pEpInt_IN                                0x20000204   Data          28  usb_istr.o(.data)
    pEpInt_OUT                               0x20000220   Data          28  usb_istr.o(.data)
    Request                                  0x20000240   Data           1  usb_prop.o(.data)
    linecoding                               0x20000244   Data           8  usb_prop.o(.data)
    Device_Table                             0x2000024c   Data           2  usb_prop.o(.data)
    Device_Property                          0x20000250   Data          48  usb_prop.o(.data)
    User_Standard_Requests                   0x20000280   Data          36  usb_prop.o(.data)
    Device_Descriptor                        0x200002a4   Data           8  usb_prop.o(.data)
    Config_Descriptor                        0x200002ac   Data           8  usb_prop.o(.data)
    String_Descriptor                        0x200002b4   Data          32  usb_prop.o(.data)
    bDeviceState                             0x200002d4   Data           4  usb_pwr.o(.data)
    fSuspendEnabled                          0x200002d8   Data           1  usb_pwr.o(.data)
    ResumeS                                  0x200002d9   Data           2  usb_pwr.o(.data)
    remotewakeupon                           0x200002dc   Data           4  usb_pwr.o(.data)
    StatusInfo                               0x200002e0   Data           2  usb_core.o(.data)
    Data_Mul_MaxPacketSize                   0x200002e2   Data           1  usb_core.o(.data)
    EPindex                                  0x200002e4   Data           1  usb_init.o(.data)
    pInformation                             0x200002e8   Data           4  usb_init.o(.data)
    pProperty                                0x200002ec   Data           4  usb_init.o(.data)
    SaveState                                0x200002f0   Data           2  usb_init.o(.data)
    wInterrupt_Mask                          0x200002f2   Data           2  usb_init.o(.data)
    pUser_Standard_Requests                  0x200002f4   Data           4  usb_init.o(.data)
    SaveRState                               0x200002f8   Data           2  usb_int.o(.data)
    SaveTState                               0x200002fa   Data           2  usb_int.o(.data)
    eepromConfig                             0x20000300   Data         324  main.o(.bss)
    sensors                                  0x20000444   Data          60  main.o(.bss)
    sinDataI16                               0x20000480   Data        2048  fasttrig.o(.bss)
    RingBufferUSBTX                          0x20000c80   Data        1040  drv_cli.o(.bss)
    maxCnt                                   0x200010b4   Data          12  drv_pwmmotors.o(.bss)
    minCnt                                   0x200010c0   Data          12  drv_pwmmotors.o(.bss)
    irqCnt                                   0x200010cc   Data          12  drv_pwmmotors.o(.bss)
    accelTCBias                              0x200018f8   Data          12  mpu6050.o(.bss)
    gyroRTBias                               0x20001904   Data          12  mpu6050.o(.bss)
    gyroTCBias                               0x20001910   Data          12  mpu6050.o(.bss)
    orientationMatrix                        0x2000191c   Data          18  mpu6050.o(.bss)
    receiveBuffer                            0x2000192e   Data          64  hw_config.o(.bss)
    EP                                       0x20001970   Data          32  usb_pwr.o(.bss)
    Device_Info                              0x20001990   Data          28  usb_init.o(.bss)
    __initial_sp                             0x20001db0   Data           0  startup_stm32f10x_hd.o(STACK)



==============================================================================

Memory Map of the image

  Image Entry point : 0x08000131

  Load Region LR_IROM1 (Base: 0x08000000, Size: 0x000093ec, Max: 0x00080000, ABSOLUTE, COMPRESSED[0x000091ac])

    Execution Region ER_IROM1 (Base: 0x08000000, Size: 0x000090ec, Max: 0x00080000, ABSOLUTE)

    Base Addr    Size         Type   Attr      Idx    E Section Name        Object

    0x08000000   0x00000130   Data   RO            3    RESET               startup_stm32f10x_hd.o
    0x08000130   0x00000000   Code   RO         1334  * .ARM.Collect$$$$00000000  mc_w.l(entry.o)
    0x08000130   0x00000004   Code   RO         1462    .ARM.Collect$$$$00000001  mc_w.l(entry2.o)
    0x08000134   0x00000004   Code   RO         1465    .ARM.Collect$$$$00000004  mc_w.l(entry5.o)
    0x08000138   0x00000000   Code   RO         1467    .ARM.Collect$$$$00000008  mc_w.l(entry7b.o)
    0x08000138   0x00000000   Code   RO         1469    .ARM.Collect$$$$0000000A  mc_w.l(entry8b.o)
    0x08000138   0x00000008   Code   RO         1470    .ARM.Collect$$$$0000000B  mc_w.l(entry9a.o)
    0x08000140   0x00000000   Code   RO         1472    .ARM.Collect$$$$0000000D  mc_w.l(entry10a.o)
    0x08000140   0x00000000   Code   RO         1474    .ARM.Collect$$$$0000000F  mc_w.l(entry11a.o)
    0x08000140   0x00000004   Code   RO         1463    .ARM.Collect$$$$00002712  mc_w.l(entry2.o)
    0x08000144   0x00000020   Code   RO          567    .emb_text           core_cm3.o
    0x08000164   0x00000024   Code   RO            4    .text               startup_stm32f10x_hd.o
    0x08000188   0x00000034   Code   RO           10    .text               main.o
    0x080001bc   0x000003a4   Code   RO          289    .text               stm32f10x_rcc.o
    0x08000560   0x0000035c   Code   RO          303    .text               stm32f10x_gpio.o
    0x080008bc   0x00000408   Code   RO          315    .text               stm32f10x_usart.o
    0x08000cc4   0x000000dc   Code   RO          327    .text               misc.o
    0x08000da0   0x0000011c   Code   RO          435    .text               stm32f10x_exti.o
    0x08000ebc   0x000005bc   Code   RO          447    .text               stm32f10x_flash.o
    0x08001478   0x00000404   Code   RO          471    .text               stm32f10x_i2c.o
    0x0800187c   0x00000e1a   Code   RO          543    .text               stm32f10x_tim.o
    0x08002696   0x00000002   PAD
    0x08002698   0x000001e0   Code   RO          577    .text               system_stm32f10x.o
    0x08002878   0x00000318   Code   RO          661    .text               config.o
    0x08002b90   0x000000b0   Code   RO          767    .text               stm32_it.o
    0x08002c40   0x00000d6c   Code   RO          792    .text               utilities.o
    0x080039ac   0x000001bc   Code   RO          805    .text               drv_cli.o
    0x08003b68   0x00000054   Code   RO          825    .text               drv_gpio.o
    0x08003bbc   0x000007d0   Code   RO          837    .text               drv_i2c.o
    0x0800438c   0x000006d0   Code   RO          858    .text               drv_pwmmotors.o
    0x08004a5c   0x00000240   Code   RO          882    .text               drv_rc.o
    0x08004c9c   0x0000056c   Code   RO          904    .text               drv_system.o
    0x08005208   0x000002fc   Code   RO          938    .text               drv_usart.o
    0x08005504   0x000001b8   Code   RO          954    .text               ringbuffer.o
    0x080056bc   0x000005b8   Code   RO          985    .text               mpu6050.o
    0x08005c74   0x0000025c   Code   RO         1063    .text               hw_config.o
    0x08005ed0   0x00000034   Code   RO         1099    .text               usb_endp.o
    0x08005f04   0x000000b0   Code   RO         1126    .text               usb_istr.o
    0x08005fb4   0x00000268   Code   RO         1144    .text               usb_prop.o
    0x0800621c   0x00000234   Code   RO         1167    .text               usb_pwr.o
    0x08006450   0x00000b50   Code   RO         1186    .text               usb_core.o
    0x08006fa0   0x0000003c   Code   RO         1201    .text               usb_init.o
    0x08006fdc   0x0000033c   Code   RO         1224    .text               usb_int.o
    0x08007318   0x0000005c   Code   RO         1248    .text               usb_mem.o
    0x08007374   0x00000808   Code   RO         1260    .text               usb_regs.o
    0x08007b7c   0x00000080   Code   RO         1272    .text               usb_sil.o
    0x08007bfc   0x00000024   Code   RO         1337    .text               mc_w.l(memcpya.o)
    0x08007c20   0x00000024   Code   RO         1339    .text               mc_w.l(memseta.o)
    0x08007c44   0x0000000e   Code   RO         1341    .text               mc_w.l(strlen.o)
    0x08007c52   0x000000b0   Code   RO         1380    .text               mf_w.l(fadd.o)
    0x08007d02   0x00000064   Code   RO         1382    .text               mf_w.l(fmul.o)
    0x08007d66   0x0000007c   Code   RO         1384    .text               mf_w.l(fdiv.o)
    0x08007de2   0x0000014e   Code   RO         1386    .text               mf_w.l(dadd.o)
    0x08007f30   0x000000e4   Code   RO         1388    .text               mf_w.l(dmul.o)
    0x08008014   0x000000de   Code   RO         1390    .text               mf_w.l(ddiv.o)
    0x080080f2   0x00000012   Code   RO         1392    .text               mf_w.l(fflti.o)
    0x08008104   0x0000000a   Code   RO         1394    .text               mf_w.l(ffltui.o)
    0x0800810e   0x00000022   Code   RO         1396    .text               mf_w.l(dflti.o)
    0x08008130   0x00000032   Code   RO         1398    .text               mf_w.l(ffixi.o)
    0x08008162   0x00000026   Code   RO         1402    .text               mf_w.l(f2d.o)
    0x08008188   0x00000038   Code   RO         1404    .text               mf_w.l(d2f.o)
    0x080081c0   0x00000014   Code   RO         1406    .text               mf_w.l(cfcmple.o)
    0x080081d4   0x00000014   Code   RO         1408    .text               mf_w.l(cfrcmple.o)
    0x080081e8   0x0000002c   Code   RO         1479    .text               mc_w.l(uidiv.o)
    0x08008214   0x00000062   Code   RO         1481    .text               mc_w.l(uldiv.o)
    0x08008276   0x0000001e   Code   RO         1483    .text               mc_w.l(llshl.o)
    0x08008294   0x00000024   Code   RO         1485    .text               mc_w.l(llsshr.o)
    0x080082b8   0x00000000   Code   RO         1487    .text               mc_w.l(iusefp.o)
    0x080082b8   0x0000006e   Code   RO         1488    .text               mf_w.l(fepilogue.o)
    0x08008326   0x000000ba   Code   RO         1494    .text               mf_w.l(depilogue.o)
    0x080083e0   0x000000a2   Code   RO         1496    .text               mf_w.l(dsqrt.o)
    0x08008482   0x00000002   PAD
    0x08008484   0x00000088   Code   RO         1498    .text               mf_w.l(drnd.o)
    0x0800850c   0x00000030   Code   RO         1500    .text               mf_w.l(dfixul.o)
    0x0800853c   0x00000030   Code   RO         1502    .text               mf_w.l(cdcmple.o)
    0x0800856c   0x00000030   Code   RO         1504    .text               mf_w.l(cdrcmple.o)
    0x0800859c   0x00000024   Code   RO         1510    .text               mc_w.l(init.o)
    0x080085c0   0x00000020   Code   RO         1513    .text               mc_w.l(llushr.o)
    0x080085e0   0x00000056   Code   RO         1528    .text               mc_w.l(__dczerorl2.o)
    0x08008636   0x00000002   PAD
    0x08008638   0x00000024   Code   RO         1351    i.__0vsnprintf      mc_w.l(printfa.o)
    0x0800865c   0x00000008   Code   RO         1373    i.__aeabi_errno_addr  mc_w.l(errno.o)
    0x08008664   0x0000000e   Code   RO         1522    i.__scatterload_copy  mc_w.l(handlers.o)
    0x08008672   0x00000002   Code   RO         1523    i.__scatterload_null  mc_w.l(handlers.o)
    0x08008674   0x0000000e   Code   RO         1524    i.__scatterload_zeroinit  mc_w.l(handlers.o)
    0x08008682   0x00000002   PAD
    0x08008684   0x0000000c   Code   RO         1375    i.__set_errno       mc_w.l(errno.o)
    0x08008690   0x00000164   Code   RO         1353    i._fp_digits        mc_w.l(printfa.o)
    0x080087f4   0x000006dc   Code   RO         1354    i._printf_core      mc_w.l(printfa.o)
    0x08008ed0   0x00000024   Code   RO         1355    i._printf_post_padding  mc_w.l(printfa.o)
    0x08008ef4   0x0000002e   Code   RO         1356    i._printf_pre_padding  mc_w.l(printfa.o)
    0x08008f22   0x00000016   Code   RO         1357    i._snputc           mc_w.l(printfa.o)
    0x08008f38   0x00000094   Code   RO         1316    i.round             m_ws.l(round.o)
    0x08008fcc   0x0000004c   Code   RO         1327    i.sqrt              m_ws.l(sqrt.o)
    0x08009018   0x000000b1   Data   RO         1086    .constdata          usb_desc.o
    0x080090c9   0x00000003   PAD
    0x080090cc   0x00000020   Data   RO         1520    Region$$Table       anon$$obj.o


    Execution Region RW_IRAM1 (Base: 0x20000000, Size: 0x00001db0, Max: 0x00010000, ABSOLUTE, COMPRESSED[0x000000c0])

    Base Addr    Size         Type   Attr      Idx    E Section Name        Object

    0x20000000   0x0000000a   Data   RW           12    .data               main.o
    0x2000000a   0x00000014   Data   RW          290    .data               stm32f10x_rcc.o
    0x2000001e   0x00000002   PAD
    0x20000020   0x00000014   Data   RW          578    .data               system_stm32f10x.o
    0x20000034   0x00000028   Data   RW          631    .data               computemotorcommands.o
    0x2000005c   0x00000001   Data   RW          662    .data               config.o
    0x2000005d   0x00000003   PAD
    0x20000060   0x00000084   Data   RW          734    .data               margahrs.o
    0x200000e4   0x00000004   Data   RW          793    .data               utilities.o
    0x200000e8   0x00000008   Data   RW          807    .data               drv_cli.o
    0x200000f0   0x00000017   Data   RW          838    .data               drv_i2c.o
    0x20000107   0x00000001   PAD
    0x20000108   0x00000004   Data   RW          851    .data               drv_irq.o
    0x2000010c   0x0000000d   Data   RW          860    .data               drv_pwmmotors.o
    0x20000119   0x00000001   PAD
    0x2000011a   0x0000000e   Data   RW          883    .data               drv_rc.o
    0x20000128   0x0000006d   Data   RW          905    .data               drv_system.o
    0x20000195   0x00000003   PAD
    0x20000198   0x00000004   Data   RW          940    .data               drv_usart.o
    0x2000019c   0x00000026   Data   RW          987    .data               mpu6050.o
    0x200001c2   0x00000002   PAD
    0x200001c4   0x00000015   Data   RW         1065    .data               hw_config.o
    0x200001d9   0x0000001a   Data   RW         1087    .data               usb_desc.o
    0x200001f3   0x00000001   PAD
    0x200001f4   0x00000004   Data   RW         1100    .data               usb_endp.o
    0x200001f8   0x00000044   Data   RW         1127    .data               usb_istr.o
    0x2000023c   0x00000098   Data   RW         1145    .data               usb_prop.o
    0x200002d4   0x0000000c   Data   RW         1169    .data               usb_pwr.o
    0x200002e0   0x00000003   Data   RW         1187    .data               usb_core.o
    0x200002e3   0x00000001   PAD
    0x200002e4   0x00000014   Data   RW         1203    .data               usb_init.o
    0x200002f8   0x00000004   Data   RW         1225    .data               usb_int.o
    0x200002fc   0x00000004   Data   RW         1376    .data               mc_w.l(errno.o)
    0x20000300   0x00000180   Zero   RW           11    .bss                main.o
    0x20000480   0x00000800   Zero   RW          698    .bss                fasttrig.o
    0x20000c80   0x00000410   Zero   RW          806    .bss                drv_cli.o
    0x20001090   0x00000048   Zero   RW          859    .bss                drv_pwmmotors.o
    0x200010d8   0x00000820   Zero   RW          939    .bss                drv_usart.o
    0x200018f8   0x00000036   Zero   RW          986    .bss                mpu6050.o
    0x2000192e   0x00000040   Zero   RW         1064    .bss                hw_config.o
    0x2000196e   0x00000002   PAD
    0x20001970   0x00000020   Zero   RW         1168    .bss                usb_pwr.o
    0x20001990   0x0000001c   Zero   RW         1202    .bss                usb_init.o
    0x200019ac   0x00000004   PAD
    0x200019b0   0x00000400   Zero   RW            1    STACK               startup_stm32f10x_hd.o


==============================================================================

Image component sizes


      Code (inc. data)   RO Data    RW Data    ZI Data      Debug   Object Name

         0          0          0         40          0       3520   computemotorcommands.o
       792         82          0          1          0       1444   config.o
        32          0          0          0          0        536   core_cm3.o
       444         36          0          8       1040       3448   drv_cli.o
        84          4          0          0          0        503   drv_gpio.o
      2000        102          0         23          0       4529   drv_i2c.o
         0          0          0          4          0        264   drv_irq.o
      1744        136          0         13         72       7607   drv_pwmmotors.o
       576         52          0         14          0      17139   drv_rc.o
      1388        510          0        109          0      20341   drv_system.o
       764         34          0          4       2080       3874   drv_usart.o
         0          0          0          0       2048        529   fasttrig.o
       604         54          0         21         64       5565   hw_config.o
        52         18          0         10        384     284920   main.o
         0          0          0        132          0       3734   margahrs.o
       220         22          0          0          0       1753   misc.o
      1464         78          0         38         54       4352   mpu6050.o
       440          0          0          0          0       2510   ringbuffer.o
        36          8        304          0       1024        848   startup_stm32f10x_hd.o
       176        108          0          0          0       1890   stm32_it.o
       284         10          0          0          0       2191   stm32f10x_exti.o
      1468         34          0          0          0       7990   stm32f10x_flash.o
       860         38          0          0          0       5605   stm32f10x_gpio.o
      1028         16          0          0          0       9063   stm32f10x_i2c.o
       932         36          0         20          0       8772   stm32f10x_rcc.o
      3610         88          0          0          0      22088   stm32f10x_tim.o
      1032         22          0          0          0       8324   stm32f10x_usart.o
       480         38          0         20          0       1803   system_stm32f10x.o
         0          0          0          0          0        564   usart1.o
      2896        114          0          3          0       8163   usb_core.o
         0          0        177         26          0       1083   usb_desc.o
        52         14          0          4          0       1315   usb_endp.o
        60         24          0         20         28       4238   usb_init.o
       828         34          0          4          0       2019   usb_int.o
       176         22          0         68          0       1363   usb_istr.o
        92          6          0          0          0       1482   usb_mem.o
       616         44          0        152          0       7439   usb_prop.o
       564         40          0         12         32       2955   usb_pwr.o
      2056         20          0          0          0      11793   usb_regs.o
       128          8          0          0          0       1502   usb_sil.o
      3436         40          0          4          0       4580   utilities.o

    ----------------------------------------------------------------------
     31416       1892        516        764       6832     483638   Object Totals
         0          0         32          0          0          0   (incl. Generated)
         2          0          3         14          6          0   (incl. Padding)

    ----------------------------------------------------------------------

      Code (inc. data)   RO Data    RW Data    ZI Data      Debug   Library Member Name

       148         12          0          0          0         88   round.o
        76          0          0          0          0         84   sqrt.o
        86          0          0          0          0          0   __dczerorl2.o
         0          0          0          0          0          0   entry.o
         0          0          0          0          0          0   entry10a.o
         0          0          0          0          0          0   entry11a.o
         8          4          0          0          0          0   entry2.o
         4          0          0          0          0          0   entry5.o
         0          0          0          0          0          0   entry7b.o
         0          0          0          0          0          0   entry8b.o
         8          4          0          0          0          0   entry9a.o
        20         10          0          4          0        136   errno.o
        30          0          0          0          0          0   handlers.o
        36          8          0          0          0         68   init.o
         0          0          0          0          0          0   iusefp.o
        30          0          0          0          0         68   llshl.o
        36          0          0          0          0         68   llsshr.o
        32          0          0          0          0         68   llushr.o
        36          0          0          0          0         68   memcpya.o
        36          0          0          0          0        108   memseta.o
      2252         84          0          0          0        508   printfa.o
        14          0          0          0          0         68   strlen.o
        44          0          0          0          0         80   uidiv.o
        98          0          0          0          0         92   uldiv.o
        48          0          0          0          0         68   cdcmple.o
        48          0          0          0          0         68   cdrcmple.o
        20          0          0          0          0         68   cfcmple.o
        20          0          0          0          0         68   cfrcmple.o
        56          0          0          0          0         88   d2f.o
       334          0          0          0          0        148   dadd.o
       222          0          0          0          0        100   ddiv.o
       186          0          0          0          0        176   depilogue.o
        48          0          0          0          0         68   dfixul.o
        34          0          0          0          0         76   dflti.o
       228          0          0          0          0         96   dmul.o
       136          4          0          0          0         92   drnd.o
       162          0          0          0          0        100   dsqrt.o
        38          0          0          0          0         68   f2d.o
       176          0          0          0          0        140   fadd.o
       124          0          0          0          0         88   fdiv.o
       110          0          0          0          0        168   fepilogue.o
        50          0          0          0          0         68   ffixi.o
        18          0          0          0          0         68   fflti.o
        10          0          0          0          0         68   ffltui.o
       100          0          0          0          0         76   fmul.o

    ----------------------------------------------------------------------
      5168        126          0          4          0       3464   Library Totals
         6          0          0          0          0          0   (incl. Padding)

    ----------------------------------------------------------------------

      Code (inc. data)   RO Data    RW Data    ZI Data      Debug   Library Name

       224         12          0          0          0        172   m_ws.l
      2770        110          0          4          0       1332   mc_w.l
      2168          4          0          0          0       1960   mf_w.l

    ----------------------------------------------------------------------
      5168        126          0          4          0       3464   Library Totals

    ----------------------------------------------------------------------

==============================================================================


      Code (inc. data)   RO Data    RW Data    ZI Data      Debug   

     36584       2018        516        768       6832     481614   Grand Totals
     36584       2018        516        192       6832     481614   ELF Image Totals (compressed)
     36584       2018        516        192          0          0   ROM Totals

==============================================================================

    Total RO  Size (Code + RO Data)                37100 (  36.23kB)
    Total RW  Size (RW Data + ZI Data)              7600 (   7.42kB)
    Total ROM Size (Code + RO Data + RW Data)      37292 (  36.42kB)

==============================================================================

