Component: ARM Compiler 5.05 update 1 (build 106) Tool: armlink [4d0efa]

==============================================================================

Section Cross References

    startup_stm32f10x_hd.o(RESET) refers to startup_stm32f10x_hd.o(STACK) for __initial_sp
    startup_stm32f10x_hd.o(RESET) refers to startup_stm32f10x_hd.o(.text) for Reset_Handler
    startup_stm32f10x_hd.o(RESET) refers to stm32_it.o(.text) for NMI_Handler
    startup_stm32f10x_hd.o(RESET) refers to drv_system.o(.text) for SysTick_Handler
    startup_stm32f10x_hd.o(RESET) refers to drv_rc.o(.text) for EXTI3_IRQHandler
    startup_stm32f10x_hd.o(RESET) refers to drv_pwmmotors.o(.text) for TIM3_IRQHandler
    startup_stm32f10x_hd.o(RESET) refers to drv_i2c.o(.text) for I2C1_EV_IRQHandler
    startup_stm32f10x_hd.o(RESET) refers to usart.o(.text) for USART1_IRQHandler
    startup_stm32f10x_hd.o(RESET) refers to drv_usart.o(.text) for UART4_IRQHandler
    startup_stm32f10x_hd.o(.text) refers to system_stm32f10x.o(.text) for SystemInit
    startup_stm32f10x_hd.o(.text) refers to entry.o(.ARM.Collect$$$$00000000) for __main
    main.o(.text) refers to drv_system.o(.text) for systemInit
    main.o(.text) refers to evvgccf.o(.text) for initOrientation
    main.o(.text) refers to drv_cli.o(.text) for cliPrintF
    main.o(.text) refers to delay.o(.text) for delay_ms
    main.o(.text) refers to drv_system.o(.data) for systemReady
    usart1.o(.text) refers to stm32f10x_rcc.o(.text) for RCC_APB2PeriphClockCmd
    usart1.o(.text) refers to stm32f10x_gpio.o(.text) for GPIO_Init
    usart1.o(.text) refers to stm32f10x_usart.o(.text) for USART_Init
    usart1.o(.text) refers to misc.o(.text) for NVIC_PriorityGroupConfig
    usart1.o(.text) refers to printfa.o(i.__0vsnprintf) for __c89vsnprintf
    stm32f10x_rcc.o(.text) refers to stm32f10x_rcc.o(.data) for APBAHBPrescTable
    stm32f10x_gpio.o(.text) refers to stm32f10x_rcc.o(.text) for RCC_APB2PeriphResetCmd
    stm32f10x_usart.o(.text) refers to stm32f10x_rcc.o(.text) for RCC_APB2PeriphResetCmd
    stm32f10x_adc.o(.text) refers to stm32f10x_rcc.o(.text) for RCC_APB2PeriphResetCmd
    stm32f10x_bkp.o(.text) refers to stm32f10x_rcc.o(.text) for RCC_BackupResetCmd
    stm32f10x_can.o(.text) refers to stm32f10x_rcc.o(.text) for RCC_APB1PeriphResetCmd
    stm32f10x_cec.o(.text) refers to stm32f10x_rcc.o(.text) for RCC_APB1PeriphResetCmd
    stm32f10x_dac.o(.text) refers to stm32f10x_rcc.o(.text) for RCC_APB1PeriphResetCmd
    stm32f10x_i2c.o(.text) refers to stm32f10x_rcc.o(.text) for RCC_APB1PeriphResetCmd
    stm32f10x_pwr.o(.text) refers to stm32f10x_rcc.o(.text) for RCC_APB1PeriphResetCmd
    stm32f10x_spi.o(.text) refers to stm32f10x_rcc.o(.text) for RCC_APB2PeriphResetCmd
    stm32f10x_tim.o(.text) refers to stm32f10x_rcc.o(.text) for RCC_APB2PeriphResetCmd
    stm32f10x_wwdg.o(.text) refers to stm32f10x_rcc.o(.text) for RCC_APB1PeriphResetCmd
    system_stm32f10x.o(.text) refers to system_stm32f10x.o(.data) for SystemCoreClock
    pid.o(.text) refers to fadd.o(.text) for __aeabi_fsub
    pid.o(.text) refers to utilities.o(.text) for standardRadianFormat
    pid.o(.text) refers to fmul.o(.text) for __aeabi_fmul
    pid.o(.text) refers to fdiv.o(.text) for __aeabi_fdiv
    pid.o(.text) refers to pid.o(.data) for rc
    pid.o(.text) refers to main.o(.bss) for eepromConfig
    computemotorcommands.o(.text) refers to fadd.o(.text) for __aeabi_fsub
    computemotorcommands.o(.text) refers to cfrcmple.o(.text) for __aeabi_cfrcmple
    computemotorcommands.o(.text) refers to fmul.o(.text) for __aeabi_fmul
    computemotorcommands.o(.text) refers to cfcmple.o(.text) for __aeabi_cfcmple
    computemotorcommands.o(.text) refers to fdiv.o(.text) for __aeabi_fdiv
    computemotorcommands.o(.text) refers to pid.o(.text) for updatePID
    computemotorcommands.o(.text) refers to ffixi.o(.text) for __aeabi_f2iz
    computemotorcommands.o(.text) refers to drv_pwmmotors.o(.text) for setRollMotor
    computemotorcommands.o(.text) refers to computemotorcommands.o(.data) for centerPoint
    computemotorcommands.o(.text) refers to pid.o(.data) for holdIntegrators
    computemotorcommands.o(.text) refers to main.o(.bss) for eepromConfig
    computemotorcommands.o(.text) refers to pointingcommands.o(.bss) for pointingCmd
    computemotorcommands.o(.text) refers to computemotorcommands.o(.bss) for pidCmd
    config.o(.text) refers to memcpya.o(.text) for __aeabi_memcpy4
    config.o(.text) refers to f2d.o(.text) for __aeabi_f2d
    config.o(.text) refers to sqrt.o(i.sqrt) for sqrt
    config.o(.text) refers to ddiv.o(.text) for __aeabi_ddiv
    config.o(.text) refers to d2f.o(.text) for __aeabi_d2f
    config.o(.text) refers to fdiv.o(.text) for __aeabi_fdiv
    config.o(.text) refers to stm32f10x_flash.o(.text) for FLASH_Unlock
    config.o(.text) refers to main.o(.bss) for eepromConfig
    config.o(.text) refers to margahrs.o(.data) for accConfidenceDecay
[...]
    TIM1_BRK_IRQHandler                      0x0800017f   Thumb Code     0  startup_stm32f10x_hd.o(.text)
    TIM1_CC_IRQHandler                       0x0800017f   Thumb Code     0  startup_stm32f10x_hd.o(.text)
    TIM1_TRG_COM_IRQHandler                  0x0800017f   Thumb Code     0  startup_stm32f10x_hd.o(.text)
    TIM1_UP_IRQHandler                       0x0800017f   Thumb Code     0  startup_stm32f10x_hd.o(.text)
    TIM2_IRQHandler                          0x0800017f   Thumb Code     0  startup_stm32f10x_hd.o(.text)
    TIM4_IRQHandler                          0x0800017f   Thumb Code     0  startup_stm32f10x_hd.o(.text)
    TIM6_IRQHandler                          0x0800017f   Thumb Code     0  startup_stm32f10x_hd.o(.text)
    TIM7_IRQHandler                          0x0800017f   Thumb Code     0  startup_stm32f10x_hd.o(.text)
    TIM8_BRK_IRQHandler                      0x0800017f   Thumb Code     0  startup_stm32f10x_hd.o(.text)
    TIM8_CC_IRQHandler                       0x0800017f   Thumb Code     0  startup_stm32f10x_hd.o(.text)
    TIM8_TRG_COM_IRQHandler                  0x0800017f   Thumb Code     0  startup_stm32f10x_hd.o(.text)
    UART5_IRQHandler                         0x0800017f   Thumb Code     0  startup_stm32f10x_hd.o(.text)
    USART2_IRQHandler                        0x0800017f   Thumb Code     0  startup_stm32f10x_hd.o(.text)
    USART3_IRQHandler                        0x0800017f   Thumb Code     0  startup_stm32f10x_hd.o(.text)
    USB_HP_CAN1_TX_IRQHandler                0x0800017f   Thumb Code     0  startup_stm32f10x_hd.o(.text)
    WWDG_IRQHandler                          0x0800017f   Thumb Code     0  startup_stm32f10x_hd.o(.text)
    main                                     0x08000189   Thumb Code    40  main.o(.text)
    RCC_DeInit                               0x080001c5   Thumb Code    64  stm32f10x_rcc.o(.text)
    RCC_HSEConfig                            0x08000205   Thumb Code    70  stm32f10x_rcc.o(.text)
    RCC_GetFlagStatus                        0x0800024b   Thumb Code    56  stm32f10x_rcc.o(.text)
    RCC_WaitForHSEStartUp                    0x08000283   Thumb Code    56  stm32f10x_rcc.o(.text)
    RCC_AdjustHSICalibrationValue            0x080002bb   Thumb Code    20  stm32f10x_rcc.o(.text)
    RCC_HSICmd                               0x080002cf   Thumb Code     6  stm32f10x_rcc.o(.text)
    RCC_PLLConfig                            0x080002d5   Thumb Code    24  stm32f10x_rcc.o(.text)
    RCC_PLLCmd                               0x080002ed   Thumb Code     6  stm32f10x_rcc.o(.text)
    RCC_SYSCLKConfig                         0x080002f3   Thumb Code    18  stm32f10x_rcc.o(.text)
    RCC_GetSYSCLKSource                      0x08000305   Thumb Code    10  stm32f10x_rcc.o(.text)
    RCC_HCLKConfig                           0x0800030f   Thumb Code    18  stm32f10x_rcc.o(.text)
    RCC_PCLK1Config                          0x08000321   Thumb Code    18  stm32f10x_rcc.o(.text)
    RCC_PCLK2Config                          0x08000333   Thumb Code    20  stm32f10x_rcc.o(.text)
    RCC_ITConfig                             0x08000347   Thumb Code    26  stm32f10x_rcc.o(.text)
    RCC_USBCLKConfig                         0x08000361   Thumb Code     8  stm32f10x_rcc.o(.text)
    RCC_ADCCLKConfig                         0x08000369   Thumb Code    18  stm32f10x_rcc.o(.text)
    RCC_LSEConfig                            0x0800037b   Thumb Code    50  stm32f10x_rcc.o(.text)
    RCC_LSICmd                               0x080003ad   Thumb Code     6  stm32f10x_rcc.o(.text)
    RCC_RTCCLKConfig                         0x080003b3   Thumb Code    12  stm32f10x_rcc.o(.text)
    RCC_RTCCLKCmd                            0x080003bf   Thumb Code     8  stm32f10x_rcc.o(.text)
    RCC_GetClocksFreq                        0x080003c7   Thumb Code   192  stm32f10x_rcc.o(.text)
    RCC_AHBPeriphClockCmd                    0x08000487   Thumb Code    26  stm32f10x_rcc.o(.text)
    RCC_APB2PeriphClockCmd                   0x080004a1   Thumb Code    26  stm32f10x_rcc.o(.text)
    RCC_APB1PeriphClockCmd                   0x080004bb   Thumb Code    26  stm32f10x_rcc.o(.text)
    RCC_APB2PeriphResetCmd                   0x080004d5   Thumb Code    26  stm32f10x_rcc.o(.text)
    RCC_APB1PeriphResetCmd                   0x080004ef   Thumb Code    26  stm32f10x_rcc.o(.text)
    RCC_BackupResetCmd                       0x08000509   Thumb Code     8  stm32f10x_rcc.o(.text)
    RCC_ClockSecuritySystemCmd               0x08000511   Thumb Code     6  stm32f10x_rcc.o(.text)
    RCC_MCOConfig                            0x08000517   Thumb Code     6  stm32f10x_rcc.o(.text)
    RCC_ClearFlag                            0x0800051d   Thumb Code    14  stm32f10x_rcc.o(.text)
    RCC_GetITStatus                          0x0800052b   Thumb Code    20  stm32f10x_rcc.o(.text)
    RCC_ClearITPendingBit                    0x0800053f   Thumb Code     6  stm32f10x_rcc.o(.text)
    GPIO_DeInit                              0x08000569   Thumb Code   172  stm32f10x_gpio.o(.text)
    GPIO_AFIODeInit                          0x08000615   Thumb Code    20  stm32f10x_gpio.o(.text)
    GPIO_Init                                0x08000629   Thumb Code   278  stm32f10x_gpio.o(.text)
    GPIO_StructInit                          0x0800073f   Thumb Code    16  stm32f10x_gpio.o(.text)
    GPIO_ReadInputDataBit                    0x0800074f   Thumb Code    18  stm32f10x_gpio.o(.text)
    GPIO_ReadInputData                       0x08000761   Thumb Code     8  stm32f10x_gpio.o(.text)
    GPIO_ReadOutputDataBit                   0x08000769   Thumb Code    18  stm32f10x_gpio.o(.text)
    GPIO_ReadOutputData                      0x0800077b   Thumb Code     8  stm32f10x_gpio.o(.text)
    GPIO_SetBits                             0x08000783   Thumb Code     4  stm32f10x_gpio.o(.text)
    GPIO_ResetBits                           0x08000787   Thumb Code     4  stm32f10x_gpio.o(.text)
    GPIO_WriteBit                            0x0800078b   Thumb Code    10  stm32f10x_gpio.o(.text)
    GPIO_Write                               0x08000795   Thumb Code     4  stm32f10x_gpio.o(.text)
    GPIO_PinLockConfig                       0x08000799   Thumb Code    18  stm32f10x_gpio.o(.text)
    GPIO_EventOutputConfig                   0x080007ab   Thumb Code    26  stm32f10x_gpio.o(.text)
    GPIO_EventOutputCmd                      0x080007c5   Thumb Code     6  stm32f10x_gpio.o(.text)
    GPIO_PinRemapConfig                      0x080007cb   Thumb Code   138  stm32f10x_gpio.o(.text)
    GPIO_EXTILineConfig                      0x08000855   Thumb Code    66  stm32f10x_gpio.o(.text)
    GPIO_ETH_MediaInterfaceConfig            0x08000897   Thumb Code     8  stm32f10x_gpio.o(.text)
    USART_DeInit                             0x080008c5   Thumb Code   134  stm32f10x_usart.o(.text)
    USART_Init                               0x0800094b   Thumb Code   210  stm32f10x_usart.o(.text)
    USART_StructInit                         0x08000a1d   Thumb Code    24  stm32f10x_usart.o(.text)
    USART_ClockInit                          0x08000a35   Thumb Code    34  stm32f10x_usart.o(.text)
    USART_ClockStructInit                    0x08000a57   Thumb Code    12  stm32f10x_usart.o(.text)
    USART_Cmd                                0x08000a63   Thumb Code    24  stm32f10x_usart.o(.text)
    USART_ITConfig                           0x08000a7b   Thumb Code    74  stm32f10x_usart.o(.text)
    USART_DMACmd                             0x08000ac5   Thumb Code    18  stm32f10x_usart.o(.text)
    USART_SetAddress                         0x08000ad7   Thumb Code    18  stm32f10x_usart.o(.text)
    USART_WakeUpConfig                       0x08000ae9   Thumb Code    18  stm32f10x_usart.o(.text)
    USART_ReceiverWakeUpCmd                  0x08000afb   Thumb Code    24  stm32f10x_usart.o(.text)
    USART_LINBreakDetectLengthConfig         0x08000b13   Thumb Code    18  stm32f10x_usart.o(.text)
    USART_LINCmd                             0x08000b25   Thumb Code    24  stm32f10x_usart.o(.text)
    USART_SendData                           0x08000b3d   Thumb Code     8  stm32f10x_usart.o(.text)
    USART_ReceiveData                        0x08000b45   Thumb Code    10  stm32f10x_usart.o(.text)
    USART_SendBreak                          0x08000b4f   Thumb Code    10  stm32f10x_usart.o(.text)
    USART_SetGuardTime                       0x08000b59   Thumb Code    16  stm32f10x_usart.o(.text)
    USART_SetPrescaler                       0x08000b69   Thumb Code    16  stm32f10x_usart.o(.text)
    USART_SmartCardCmd                       0x08000b79   Thumb Code    24  stm32f10x_usart.o(.text)
    USART_SmartCardNACKCmd                   0x08000b91   Thumb Code    24  stm32f10x_usart.o(.text)
    USART_HalfDuplexCmd                      0x08000ba9   Thumb Code    24  stm32f10x_usart.o(.text)
    USART_OverSampling8Cmd                   0x08000bc1   Thumb Code    22  stm32f10x_usart.o(.text)
    USART_OneBitMethodCmd                    0x08000bd7   Thumb Code    24  stm32f10x_usart.o(.text)
    USART_IrDAConfig                         0x08000bef   Thumb Code    18  stm32f10x_usart.o(.text)
    USART_IrDACmd                            0x08000c01   Thumb Code    24  stm32f10x_usart.o(.text)
    USART_GetFlagStatus                      0x08000c19   Thumb Code    26  stm32f10x_usart.o(.text)
    USART_ClearFlag                          0x08000c33   Thumb Code    18  stm32f10x_usart.o(.text)
    USART_GetITStatus                        0x08000c45   Thumb Code    84  stm32f10x_usart.o(.text)
    USART_ClearITPendingBit                  0x08000c99   Thumb Code    52  stm32f10x_usart.o(.text)
    NVIC_PriorityGroupConfig                 0x08000ccd   Thumb Code    10  misc.o(.text)
    NVIC_Init                                0x08000cd7   Thumb Code   100  misc.o(.text)
    NVIC_SetVectorTable                      0x08000d3b   Thumb Code    14  misc.o(.text)
    NVIC_SystemLPConfig                      0x08000d49   Thumb Code    34  misc.o(.text)
    SysTick_CLKSourceConfig                  0x08000d6b   Thumb Code    40  misc.o(.text)
    EXTI_DeInit                              0x08000da9   Thumb Code    28  stm32f10x_exti.o(.text)
    EXTI_Init                                0x08000dc5   Thumb Code   142  stm32f10x_exti.o(.text)
    EXTI_StructInit                          0x08000e53   Thumb Code    16  stm32f10x_exti.o(.text)
    EXTI_GenerateSWInterrupt                 0x08000e63   Thumb Code    16  stm32f10x_exti.o(.text)
    EXTI_GetFlagStatus                       0x08000e73   Thumb Code    22  stm32f10x_exti.o(.text)
    EXTI_ClearFlag                           0x08000e89   Thumb Code     8  stm32f10x_exti.o(.text)
    EXTI_GetITStatus                         0x08000e91   Thumb Code    34  stm32f10x_exti.o(.text)
    EXTI_ClearITPendingBit                   0x08000eb3   Thumb Code     8  stm32f10x_exti.o(.text)
    FLASH_SetLatency                         0x08000ec5   Thumb Code    18  stm32f10x_flash.o(.text)
    FLASH_HalfCycleAccessCmd                 0x08000ed7   Thumb Code    22  stm32f10x_flash.o(.text)
    FLASH_PrefetchBufferCmd                  0x08000eed   Thumb Code    22  stm32f10x_flash.o(.text)
    FLASH_Unlock                             0x08000f03   Thumb Code    12  stm32f10x_flash.o(.text)
    FLASH_UnlockBank1                        0x08000f0f   Thumb Code    12  stm32f10x_flash.o(.text)
    FLASH_Lock                               0x08000f1b   Thumb Code    14  stm32f10x_flash.o(.text)
    FLASH_LockBank1                          0x08000f29   Thumb Code    14  stm32f10x_flash.o(.text)
    FLASH_GetBank1Status                     0x08000f37   Thumb Code    48  stm32f10x_flash.o(.text)
    FLASH_WaitForLastOperation               0x08000f67   Thumb Code    38  stm32f10x_flash.o(.text)
    FLASH_ErasePage                          0x08000f8d   Thumb Code    72  stm32f10x_flash.o(.text)
    FLASH_EraseAllPages                      0x08000fd5   Thumb Code    68  stm32f10x_flash.o(.text)
    FLASH_WaitForLastBank1Operation          0x08001019   Thumb Code    38  stm32f10x_flash.o(.text)
    FLASH_EraseAllBank1Pages                 0x0800103f   Thumb Code    68  stm32f10x_flash.o(.text)
    FLASH_GetReadOutProtectionStatus         0x08001083   Thumb Code    20  stm32f10x_flash.o(.text)
    FLASH_EraseOptionBytes                   0x08001097   Thumb Code   150  stm32f10x_flash.o(.text)
    FLASH_ProgramWord                        0x0800112d   Thumb Code   102  stm32f10x_flash.o(.text)
    FLASH_ProgramHalfWord                    0x08001193   Thumb Code    60  stm32f10x_flash.o(.text)
    FLASH_ProgramOptionByteData              0x080011cf   Thumb Code    72  stm32f10x_flash.o(.text)
    FLASH_EnableWriteProtection              0x08001217   Thumb Code   200  stm32f10x_flash.o(.text)
    FLASH_ReadOutProtection                  0x080012df   Thumb Code   156  stm32f10x_flash.o(.text)
    FLASH_UserOptionByteConfig               0x0800137b   Thumb Code    88  stm32f10x_flash.o(.text)
    FLASH_GetUserOptionByte                  0x080013d3   Thumb Code     8  stm32f10x_flash.o(.text)
    FLASH_GetWriteProtectionOptionByte       0x080013db   Thumb Code     6  stm32f10x_flash.o(.text)
    FLASH_GetPrefetchBufferStatus            0x080013e1   Thumb Code    20  stm32f10x_flash.o(.text)
    FLASH_ITConfig                           0x080013f5   Thumb Code    26  stm32f10x_flash.o(.text)
    FLASH_GetFlagStatus                      0x0800140f   Thumb Code    42  stm32f10x_flash.o(.text)
    FLASH_ClearFlag                          0x08001439   Thumb Code     6  stm32f10x_flash.o(.text)
    FLASH_GetStatus                          0x0800143f   Thumb Code    48  stm32f10x_flash.o(.text)
    I2C_DeInit                               0x08001481   Thumb Code    50  stm32f10x_i2c.o(.text)
    I2C_Init                                 0x080014b3   Thumb Code   222  stm32f10x_i2c.o(.text)
    I2C_StructInit                           0x08001591   Thumb Code    30  stm32f10x_i2c.o(.text)
    I2C_Cmd                                  0x080015af   Thumb Code    24  stm32f10x_i2c.o(.text)
    I2C_DMACmd                               0x080015c7   Thumb Code    24  stm32f10x_i2c.o(.text)
    I2C_DMALastTransferCmd                   0x080015df   Thumb Code    24  stm32f10x_i2c.o(.text)
    I2C_GenerateSTART                        0x080015f7   Thumb Code    24  stm32f10x_i2c.o(.text)
    I2C_GenerateSTOP                         0x0800160f   Thumb Code    24  stm32f10x_i2c.o(.text)
    I2C_AcknowledgeConfig                    0x08001627   Thumb Code    24  stm32f10x_i2c.o(.text)
    I2C_OwnAddress2Config                    0x0800163f   Thumb Code    22  stm32f10x_i2c.o(.text)
    I2C_DualAddressCmd                       0x08001655   Thumb Code    24  stm32f10x_i2c.o(.text)
    I2C_GeneralCallCmd                       0x0800166d   Thumb Code    24  stm32f10x_i2c.o(.text)
    I2C_ITConfig                             0x08001685   Thumb Code    18  stm32f10x_i2c.o(.text)
    I2C_SendData                             0x08001697   Thumb Code     4  stm32f10x_i2c.o(.text)
    I2C_ReceiveData                          0x0800169b   Thumb Code     8  stm32f10x_i2c.o(.text)
    I2C_Send7bitAddress                      0x080016a3   Thumb Code    18  stm32f10x_i2c.o(.text)
    I2C_ReadRegister                         0x080016b5   Thumb Code    22  stm32f10x_i2c.o(.text)
    I2C_SoftwareResetCmd                     0x080016cb   Thumb Code    22  stm32f10x_i2c.o(.text)
    I2C_NACKPositionConfig                   0x080016e1   Thumb Code    28  stm32f10x_i2c.o(.text)
    I2C_SMBusAlertConfig                     0x080016fd   Thumb Code    28  stm32f10x_i2c.o(.text)
    I2C_TransmitPEC                          0x08001719   Thumb Code    24  stm32f10x_i2c.o(.text)
    I2C_PECPositionConfig                    0x08001731   Thumb Code    28  stm32f10x_i2c.o(.text)
    I2C_CalculatePEC                         0x0800174d   Thumb Code    24  stm32f10x_i2c.o(.text)
    I2C_GetPEC                               0x08001765   Thumb Code     8  stm32f10x_i2c.o(.text)
    I2C_ARPCmd                               0x0800176d   Thumb Code    24  stm32f10x_i2c.o(.text)
    I2C_StretchClockCmd                      0x08001785   Thumb Code    24  stm32f10x_i2c.o(.text)
    I2C_FastModeDutyCycleConfig              0x0800179d   Thumb Code    28  stm32f10x_i2c.o(.text)
    I2C_CheckEvent                           0x080017b9   Thumb Code    42  stm32f10x_i2c.o(.text)
    I2C_GetLastEvent                         0x080017e3   Thumb Code    26  stm32f10x_i2c.o(.text)
    I2C_GetFlagStatus                        0x080017fd   Thumb Code    58  stm32f10x_i2c.o(.text)
    I2C_ClearFlag                            0x08001837   Thumb Code    12  stm32f10x_i2c.o(.text)
    I2C_GetITStatus                          0x08001843   Thumb Code    54  stm32f10x_i2c.o(.text)
    I2C_ClearITPendingBit                    0x08001879   Thumb Code    12  stm32f10x_i2c.o(.text)
    TIM_DeInit                               0x08001885   Thumb Code   424  stm32f10x_tim.o(.text)
    TIM_TimeBaseInit                         0x08001a2d   Thumb Code   122  stm32f10x_tim.o(.text)
    TIM_OC1Init                              0x08001aa7   Thumb Code   132  stm32f10x_tim.o(.text)
    TIM_OC2Init                              0x08001b2b   Thumb Code   154  stm32f10x_tim.o(.text)
    TIM_OC3Init                              0x08001bc5   Thumb Code   150  stm32f10x_tim.o(.text)
    TIM_OC4Init                              0x08001c5b   Thumb Code   182  stm32f10x_tim.o(.text)
    TIM_SetIC4Prescaler                      0x08001d11   Thumb Code    26  stm32f10x_tim.o(.text)
    TIM_SetIC3Prescaler                      0x08001dad   Thumb Code    18  stm32f10x_tim.o(.text)
    TIM_SetIC2Prescaler                      0x08001e39   Thumb Code    26  stm32f10x_tim.o(.text)
    TIM_SetIC1Prescaler                      0x08001ed5   Thumb Code    18  stm32f10x_tim.o(.text)
    TIM_ICInit                               0x08001f53   Thumb Code   150  stm32f10x_tim.o(.text)
    TIM_PWMIConfig                           0x08001fe9   Thumb Code   124  stm32f10x_tim.o(.text)
    TIM_BDTRConfig                           0x08002065   Thumb Code    32  stm32f10x_tim.o(.text)
    TIM_TimeBaseStructInit                   0x08002085   Thumb Code    18  stm32f10x_tim.o(.text)
    TIM_OCStructInit                         0x08002097   Thumb Code    20  stm32f10x_tim.o(.text)
    TIM_ICStructInit                         0x080020ab   Thumb Code    18  stm32f10x_tim.o(.text)
    TIM_BDTRStructInit                       0x080020bd   Thumb Code    40  stm32f10x_tim.o(.text)
    TIM_Cmd                                  0x080020e5   Thumb Code    24  stm32f10x_tim.o(.text)
    TIM_CtrlPWMOutputs                       0x080020fd   Thumb Code    30  stm32f10x_tim.o(.text)
    TIM_ITConfig                             0x0800211b   Thumb Code    18  stm32f10x_tim.o(.text)
    TIM_GenerateEvent                        0x0800212d   Thumb Code     4  stm32f10x_tim.o(.text)
    TIM_DMAConfig                            0x08002131   Thumb Code    10  stm32f10x_tim.o(.text)
    TIM_DMACmd                               0x0800213b   Thumb Code    18  stm32f10x_tim.o(.text)
    TIM_InternalClockConfig                  0x0800214d   Thumb Code    12  stm32f10x_tim.o(.text)
    TIM_SelectInputTrigger                   0x08002159   Thumb Code    18  stm32f10x_tim.o(.text)
    TIM_ITRxExternalClockConfig              0x0800216b   Thumb Code    24  stm32f10x_tim.o(.text)
    TIM_TIxExternalClockConfig               0x08002183   Thumb Code    62  stm32f10x_tim.o(.text)
    TIM_ETRConfig                            0x080021c1   Thumb Code    28  stm32f10x_tim.o(.text)
    TIM_ETRClockMode1Config                  0x080021dd   Thumb Code    54  stm32f10x_tim.o(.text)
    TIM_ETRClockMode2Config                  0x08002213   Thumb Code    32  stm32f10x_tim.o(.text)
    TIM_PrescalerConfig                      0x08002233   Thumb Code     6  stm32f10x_tim.o(.text)
    TIM_CounterModeConfig                    0x08002239   Thumb Code    18  stm32f10x_tim.o(.text)
    TIM_EncoderInterfaceConfig               0x0800224b   Thumb Code    66  stm32f10x_tim.o(.text)
    TIM_ForcedOC1Config                      0x0800228d   Thumb Code    18  stm32f10x_tim.o(.text)
    TIM_ForcedOC2Config                      0x0800229f   Thumb Code    26  stm32f10x_tim.o(.text)
    TIM_ForcedOC3Config                      0x080022b9   Thumb Code    18  stm32f10x_tim.o(.text)
    TIM_ForcedOC4Config                      0x080022cb   Thumb Code    26  stm32f10x_tim.o(.text)
    TIM_ARRPreloadConfig                     0x080022e5   Thumb Code    24  stm32f10x_tim.o(.text)
    TIM_SelectCOM                            0x080022fd   Thumb Code    24  stm32f10x_tim.o(.text)
    TIM_SelectCCDMA                          0x08002315   Thumb Code    24  stm32f10x_tim.o(.text)
    TIM_CCPreloadControl                     0x0800232d   Thumb Code    24  stm32f10x_tim.o(.text)
    TIM_OC1PreloadConfig                     0x08002345   Thumb Code    18  stm32f10x_tim.o(.text)
    TIM_OC2PreloadConfig                     0x08002357   Thumb Code    26  stm32f10x_tim.o(.text)
    TIM_OC3PreloadConfig                     0x08002371   Thumb Code    18  stm32f10x_tim.o(.text)
    TIM_OC4PreloadConfig                     0x08002383   Thumb Code    26  stm32f10x_tim.o(.text)
    TIM_OC1FastConfig                        0x0800239d   Thumb Code    18  stm32f10x_tim.o(.text)
    TIM_OC2FastConfig                        0x080023af   Thumb Code    26  stm32f10x_tim.o(.text)
    TIM_OC3FastConfig                        0x080023c9   Thumb Code    18  stm32f10x_tim.o(.text)
    TIM_OC4FastConfig                        0x080023db   Thumb Code    26  stm32f10x_tim.o(.text)
    TIM_ClearOC1Ref                          0x080023f5   Thumb Code    18  stm32f10x_tim.o(.text)
    TIM_ClearOC2Ref                          0x08002407   Thumb Code    24  stm32f10x_tim.o(.text)
    TIM_ClearOC3Ref                          0x0800241f   Thumb Code    18  stm32f10x_tim.o(.text)
    TIM_ClearOC4Ref                          0x08002431   Thumb Code    24  stm32f10x_tim.o(.text)
    TIM_OC1PolarityConfig                    0x08002449   Thumb Code    18  stm32f10x_tim.o(.text)
    TIM_OC1NPolarityConfig                   0x0800245b   Thumb Code    18  stm32f10x_tim.o(.text)
    TIM_OC2PolarityConfig                    0x0800246d   Thumb Code    26  stm32f10x_tim.o(.text)
    TIM_OC2NPolarityConfig                   0x08002487   Thumb Code    26  stm32f10x_tim.o(.text)
    TIM_OC3PolarityConfig                    0x080024a1   Thumb Code    26  stm32f10x_tim.o(.text)
    TIM_OC3NPolarityConfig                   0x080024bb   Thumb Code    26  stm32f10x_tim.o(.text)
    TIM_OC4PolarityConfig                    0x080024d5   Thumb Code    26  stm32f10x_tim.o(.text)
    TIM_CCxCmd                               0x080024ef   Thumb Code    30  stm32f10x_tim.o(.text)
    TIM_CCxNCmd                              0x0800250d   Thumb Code    30  stm32f10x_tim.o(.text)
    TIM_SelectOCxM                           0x0800252b   Thumb Code    82  stm32f10x_tim.o(.text)
    TIM_UpdateDisableConfig                  0x0800257d   Thumb Code    24  stm32f10x_tim.o(.text)
    TIM_UpdateRequestConfig                  0x08002595   Thumb Code    24  stm32f10x_tim.o(.text)
    TIM_SelectHallSensor                     0x080025ad   Thumb Code    24  stm32f10x_tim.o(.text)
    TIM_SelectOnePulseMode                   0x080025c5   Thumb Code    18  stm32f10x_tim.o(.text)
    TIM_SelectOutputTrigger                  0x080025d7   Thumb Code    18  stm32f10x_tim.o(.text)
    TIM_SelectSlaveMode                      0x080025e9   Thumb Code    18  stm32f10x_tim.o(.text)
    TIM_SelectMasterSlaveMode                0x080025fb   Thumb Code    18  stm32f10x_tim.o(.text)
    TIM_SetCounter                           0x0800260d   Thumb Code     4  stm32f10x_tim.o(.text)
    TIM_SetAutoreload                        0x08002611   Thumb Code     4  stm32f10x_tim.o(.text)
    TIM_SetCompare1                          0x08002615   Thumb Code     4  stm32f10x_tim.o(.text)
    TIM_SetCompare2                          0x08002619   Thumb Code     4  stm32f10x_tim.o(.text)
    TIM_SetCompare3                          0x0800261d   Thumb Code     4  stm32f10x_tim.o(.text)
    TIM_SetCompare4                          0x08002621   Thumb Code     6  stm32f10x_tim.o(.text)
    TIM_SetClockDivision                     0x08002627   Thumb Code    18  stm32f10x_tim.o(.text)
    TIM_GetCapture1                          0x08002639   Thumb Code     6  stm32f10x_tim.o(.text)
    TIM_GetCapture2                          0x0800263f   Thumb Code     6  stm32f10x_tim.o(.text)
    TIM_GetCapture3                          0x08002645   Thumb Code     6  stm32f10x_tim.o(.text)
    TIM_GetCapture4                          0x0800264b   Thumb Code     8  stm32f10x_tim.o(.text)
    TIM_GetCounter                           0x08002653   Thumb Code     6  stm32f10x_tim.o(.text)
    TIM_GetPrescaler                         0x08002659   Thumb Code     6  stm32f10x_tim.o(.text)
    TIM_GetFlagStatus                        0x0800265f   Thumb Code    18  stm32f10x_tim.o(.text)
    TIM_ClearFlag                            0x08002671   Thumb Code     6  stm32f10x_tim.o(.text)
    TIM_GetITStatus                          0x08002677   Thumb Code    34  stm32f10x_tim.o(.text)
    TIM_ClearITPendingBit                    0x08002699   Thumb Code     6  stm32f10x_tim.o(.text)
    SystemInit                               0x0800277f   Thumb Code    78  system_stm32f10x.o(.text)
    SystemCoreClockUpdate                    0x080027cd   Thumb Code   142  system_stm32f10x.o(.text)
    initPID                                  0x08002881   Thumb Code    70  pid.o(.text)
    updatePID                                0x080028c7   Thumb Code   362  pid.o(.text)
    setPIDintegralError                      0x08002a31   Thumb Code    14  pid.o(.text)
    zeroPIDintegralError                     0x08002a3f   Thumb Code    24  pid.o(.text)
    setPIDstates                             0x08002a57   Thumb Code    38  pid.o(.text)
    zeroPIDstates                            0x08002a7d   Thumb Code    24  pid.o(.text)
    readEEPROM                               0x08002aa5   Thumb Code   160  config.o(.text)
    writeEEPROM                              0x08002b45   Thumb Code    66  config.o(.text)
    checkFirstTime                           0x08002b87   Thumb Code   484  config.o(.text)
    initOrientation                          0x08002dbd   Thumb Code   272  evvgccf.o(.text)
    getOrientation                           0x08002ecd   Thumb Code   312  evvgccf.o(.text)
    initSinArray                             0x08003025   Thumb Code    80  fasttrig.o(.text)
    fastSin                                  0x08003075   Thumb Code   140  fasttrig.o(.text)
    initFirstOrderFilter                     0x0800310d   Thumb Code  1112  firstorderfilter.o(.text)
    firstOrderFilter                         0x08003565   Thumb Code    64  firstorderfilter.o(.text)
    NMI_Handler                              0x080035a9   Thumb Code     2  stm32_it.o(.text)
    HardFault_Handler                        0x080035ab   Thumb Code    10  stm32_it.o(.text)
    MemManage_Handler                        0x080035b5   Thumb Code    10  stm32_it.o(.text)
    BusFault_Handler                         0x080035bf   Thumb Code    10  stm32_it.o(.text)
    UsageFault_Handler                       0x080035c9   Thumb Code    10  stm32_it.o(.text)
    SVC_Handler                              0x080035d3   Thumb Code     2  stm32_it.o(.text)
    DebugMon_Handler                         0x080035d5   Thumb Code     2  stm32_it.o(.text)
    PendSV_Handler                           0x080035d7   Thumb Code     2  stm32_it.o(.text)
    USB_LP_CAN1_RX0_IRQHandler               0x080035d9   Thumb Code     8  stm32_it.o(.text)
    USBWakeUp_IRQHandler                     0x080035e1   Thumb Code    12  stm32_it.o(.text)
    constrain                                0x08003659   Thumb Code    40  utilities.o(.text)
    matrixMultiply                           0x08003681   Thumb Code   132  utilities.o(.text)
    Round                                    0x08003705   Thumb Code    38  utilities.o(.text)
    _sbrk                                    0x0800372b   Thumb Code    42  utilities.o(.text)
    sphereFit                                0x08003755   Thumb Code  2608  utilities.o(.text)
    standardRadianFormat                     0x08004185   Thumb Code    48  utilities.o(.text)
    stringToFloat                            0x080041b5   Thumb Code   492  utilities.o(.text)
    printUSART                               0x080043c5   Thumb Code    38  drv_cli.o(.text)
    printDirect                              0x080043eb   Thumb Code    38  drv_cli.o(.text)
    usbOverrun                               0x08004411   Thumb Code     6  drv_cli.o(.text)
    USBPushTXData                            0x08004417   Thumb Code    82  drv_cli.o(.text)
    USBPushTX                                0x08004469   Thumb Code    18  drv_cli.o(.text)
    EP1_IN_Callback                          0x0800447b   Thumb Code    14  drv_cli.o(.text)
    cliInit                                  0x08004489   Thumb Code    40  drv_cli.o(.text)
    cliPrint                                 0x080044b1   Thumb Code    28  drv_cli.o(.text)
    cliAvailable                             0x080044cd   Thumb Code     6  drv_cli.o(.text)
    cliRead                                  0x080044d3   Thumb Code    30  drv_cli.o(.text)
    cliPrintF                                0x080044f1   Thumb Code    50  drv_cli.o(.text)
    usbDsbISR                                0x08004523   Thumb Code     2  drv_cli.o(.text)
    getChar                                  0x08004525   Thumb Code    52  drv_cli.o(.text)
    gpioInit                                 0x0800457d   Thumb Code    80  drv_gpio.o(.text)
    i2cInit                                  0x0800467d   Thumb Code   164  drv_i2c.o(.text)
    I2C1_ER_IRQHandler                       0x080047d1   Thumb Code     8  drv_i2c.o(.text)
    I2C1_EV_IRQHandler                       0x08004bbb   Thumb Code     8  drv_i2c.o(.text)
    I2C2_ER_IRQHandler                       0x08004bc3   Thumb Code     8  drv_i2c.o(.text)
    I2C2_EV_IRQHandler                       0x08004bcb   Thumb Code     8  drv_i2c.o(.text)
    i2cWriteBuffer                           0x08004bd3   Thumb Code   208  drv_i2c.o(.text)
    i2cWrite                                 0x08004ca3   Thumb Code    20  drv_i2c.o(.text)
    i2cRead                                  0x08004cb7   Thumb Code   174  drv_i2c.o(.text)
    i2cGetErrorCounter                       0x08004d65   Thumb Code     6  drv_i2c.o(.text)
    updateCounter                            0x08004da1   Thumb Code    48  drv_pwmmotors.o(.text)
    TIM8_UP_IRQHandler                       0x08004df1   Thumb Code   138  drv_pwmmotors.o(.text)
    TIM3_IRQHandler                          0x08004e7b   Thumb Code   138  drv_pwmmotors.o(.text)
    TIM5_IRQHandler                          0x08004f05   Thumb Code   204  drv_pwmmotors.o(.text)
    setPWMFastTable                          0x080050f9   Thumb Code   328  drv_pwmmotors.o(.text)
    setPWM                                   0x08005241   Thumb Code    20  drv_pwmmotors.o(.text)
    setPWMData                               0x08005255   Thumb Code    46  drv_pwmmotors.o(.text)
    limitYawPWM                              0x08005283   Thumb Code    70  drv_pwmmotors.o(.text)
    activateIRQ                              0x080052c9   Thumb Code    46  drv_pwmmotors.o(.text)
    setRollMotor                             0x080052f7   Thumb Code    40  drv_pwmmotors.o(.text)
    setPitchMotor                            0x0800531f   Thumb Code    40  drv_pwmmotors.o(.text)
    setYawMotor                              0x08005347   Thumb Code    46  drv_pwmmotors.o(.text)
    forceMotorUpdate                         0x08005375   Thumb Code    22  drv_pwmmotors.o(.text)
    pwmMotorDriverInit                       0x0800538b   Thumb Code   170  drv_pwmmotors.o(.text)
    rcInit                                   0x08005475   Thumb Code   202  drv_rc.o(.text)
    EXTI3_IRQHandler                         0x0800553f   Thumb Code    88  drv_rc.o(.text)
    EXTI4_IRQHandler                         0x08005597   Thumb Code    88  drv_rc.o(.text)
    EXTI9_5_IRQHandler                       0x080055ef   Thumb Code    88  drv_rc.o(.text)
    rxRead                                   0x08005647   Thumb Code    36  drv_rc.o(.text)
    micros                                   0x080056e7   Thumb Code    52  drv_system.o(.text)
    SysTick_Handler                          0x0800571b   Thumb Code   270  drv_system.o(.text)
    millis                                   0x08005829   Thumb Code     6  drv_system.o(.text)
    BKPInit                                  0x0800582f   Thumb Code    14  drv_system.o(.text)
    delayMicroseconds                        0x0800583d   Thumb Code    54  drv_system.o(.text)
    delay                                    0x08005873   Thumb Code    24  drv_system.o(.text)
    systemInit                               0x0800588b   Thumb Code   326  drv_system.o(.text)
    BKPRead                                  0x080059d1   Thumb Code    40  drv_system.o(.text)
    BKPWrite                                 0x080059f9   Thumb Code    36  drv_system.o(.text)
    reboot                                   0x08005a1d   Thumb Code    14  drv_system.o(.text)
    bootloader                               0x08005a2b   Thumb Code    14  drv_system.o(.text)
    _init                                    0x08005a39   Thumb Code     2  drv_system.o(.text)
    timingFunctionsInit                      0x08005c3d   Thumb Code    50  drv_timingfunctions.o(.text)
    InitUart4BufferIRQ                       0x08005c75   Thumb Code    42  drv_usart.o(.text)
    uart1_init                               0x08005c9f   Thumb Code   154  drv_usart.o(.text)
    UART4EnableTxInterrupt                   0x08005d39   Thumb Code    16  drv_usart.o(.text)
    InitUart4Buffer                          0x08005d49   Thumb Code    22  drv_usart.o(.text)
    Usart4Init                               0x08005d5f   Thumb Code   156  drv_usart.o(.text)
    USART_GetChar                            0x08005dfb   Thumb Code    10  drv_usart.o(.text)
    USART_Peek                               0x08005e05   Thumb Code    10  drv_usart.o(.text)
    USART_Available                          0x08005e0f   Thumb Code    10  drv_usart.o(.text)
    USART_Flush                              0x08005e19   Thumb Code    16  drv_usart.o(.text)
    USART_PutCharDirect                      0x08005e29   Thumb Code    22  drv_usart.o(.text)
    USART_PutChar                            0x08005e3f   Thumb Code    16  drv_usart.o(.text)
    USART_PutStringDirect                    0x08005e4f   Thumb Code    22  drv_usart.o(.text)
    USART_PutString                          0x08005e65   Thumb Code    56  drv_usart.o(.text)
    UART4_IRQHandler                         0x08005e9d   Thumb Code   178  drv_usart.o(.text)
    RingBufferInit                           0x08005f71   Thumb Code    14  ringbuffer.o(.text)
    RingBufferSize                           0x08005f7f   Thumb Code     8  ringbuffer.o(.text)
    RingBufferFillLevel                      0x08005f87   Thumb Code    34  ringbuffer.o(.text)
    RingBufferPut                            0x08005fa9   Thumb Code   108  ringbuffer.o(.text)
    RingBufferPutBlock                       0x08006015   Thumb Code   192  ringbuffer.o(.text)
    RingBufferGet                            0x080060d5   Thumb Code    56  ringbuffer.o(.text)
    RingBufferPeek                           0x0800610d   Thumb Code    28  ringbuffer.o(.text)
    computeMPU6050TCBias                     0x08006129   Thumb Code   202  mpu6050.o(.text)
    readMPU6050                              0x080061f3   Thumb Code   234  mpu6050.o(.text)
    computeMPU6050RTData                     0x080062dd   Thumb Code   534  mpu6050.o(.text)
    initMPU6050                              0x080064f3   Thumb Code   156  mpu6050.o(.text)
    orientIMU                                0x0800658f   Thumb Code   330  mpu6050.o(.text)
    Set_System                               0x080066e1   Thumb Code   122  hw_config.o(.text)
    Set_USBClock                             0x0800675b   Thumb Code    18  hw_config.o(.text)
    Enter_LowPowerMode                       0x0800676d   Thumb Code     8  hw_config.o(.text)
    Leave_LowPowerMode                       0x08006775   Thumb Code    28  hw_config.o(.text)
    USB_Interrupts_Config                    0x08006791   Thumb Code    60  hw_config.o(.text)
    Get_SerialNum                            0x0800680b   Thumb Code    42  hw_config.o(.text)
    CDC_Send_DATA                            0x08006835   Thumb Code    42  hw_config.o(.text)
    CDC_Receive_DATA                         0x0800685f   Thumb Code    96  hw_config.o(.text)
    usbIsConfigured                          0x080068bf   Thumb Code    16  hw_config.o(.text)
    usbIsConnected                           0x080068cf   Thumb Code    14  hw_config.o(.text)
    SetVCPConnectMode                        0x080068dd   Thumb Code    22  hw_config.o(.text)
    ERR_Callback                             0x080068f3   Thumb Code    14  hw_config.o(.text)
    GetVCPConnectMode                        0x08006901   Thumb Code     6  hw_config.o(.text)
    EP3_OUT_Callback                         0x08006945   Thumb Code    30  usb_endp.o(.text)
    USB_Istr                                 0x08006971   Thumb Code   154  usb_istr.o(.text)
    Virtual_Com_Port_init                    0x08006a21   Thumb Code    30  usb_prop.o(.text)
    Virtual_Com_Port_Reset                   0x08006a3f   Thumb Code   224  usb_prop.o(.text)
    Virtual_Com_Port_SetConfiguration        0x08006b1f   Thumb Code    14  usb_prop.o(.text)
    Virtual_Com_Port_SetDeviceAddress        0x08006b2d   Thumb Code     8  usb_prop.o(.text)
    Virtual_Com_Port_Status_In               0x08006b35   Thumb Code    16  usb_prop.o(.text)
    Virtual_Com_Port_Status_Out              0x08006b45   Thumb Code     2  usb_prop.o(.text)
    Virtual_Com_Port_SetLineCoding           0x08006b47   Thumb Code    20  usb_prop.o(.text)
    Virtual_Com_Port_GetLineCoding           0x08006b5b   Thumb Code    20  usb_prop.o(.text)
    Virtual_Com_Port_Data_Setup              0x08006b6f   Thumb Code    92  usb_prop.o(.text)
    Virtual_Com_Port_NoData_Setup            0x08006bcb   Thumb Code    44  usb_prop.o(.text)
    Virtual_Com_Port_GetDeviceDescriptor     0x08006bf7   Thumb Code    14  usb_prop.o(.text)
    Virtual_Com_Port_GetConfigDescriptor     0x08006c05   Thumb Code    34  usb_prop.o(.text)
    Virtual_Com_Port_GetStringDescriptor     0x08006c27   Thumb Code    32  usb_prop.o(.text)
    Virtual_Com_Port_Get_Interface_Setting   0x08006c47   Thumb Code    22  usb_prop.o(.text)
    PowerOn                                  0x08006c89   Thumb Code    46  usb_pwr.o(.text)
    PowerOff                                 0x08006cb7   Thumb Code    22  usb_pwr.o(.text)
    Suspend                                  0x08006ccd   Thumb Code   240  usb_pwr.o(.text)
    Resume_Init                              0x08006dbd   Thumb Code    30  usb_pwr.o(.text)
    Resume                                   0x08006ddb   Thumb Code   194  usb_pwr.o(.text)
    Standard_GetConfiguration                0x08006ebd   Thumb Code    34  usb_core.o(.text)
    Standard_SetConfiguration                0x08006edf   Thumb Code    60  usb_core.o(.text)
    Standard_GetInterface                    0x08006f1b   Thumb Code    34  usb_core.o(.text)
    Standard_SetInterface                    0x08006f3d   Thumb Code    96  usb_core.o(.text)
    Standard_GetStatus                       0x08006f9d   Thumb Code   238  usb_core.o(.text)
    Standard_ClearFeature                    0x0800708b   Thumb Code   342  usb_core.o(.text)
    Standard_SetEndPointFeature              0x080071e1   Thumb Code   220  usb_core.o(.text)
    Standard_SetDeviceFeature                0x080072bd   Thumb Code    30  usb_core.o(.text)
    Standard_GetDescriptorData               0x080072db   Thumb Code    32  usb_core.o(.text)
    Post0_Process                            0x0800780f   Thumb Code    54  usb_core.o(.text)
    Setup0_Process                           0x08007845   Thumb Code   170  usb_core.o(.text)
    SetDeviceAddress                         0x080078ef   Thumb Code    70  usb_core.o(.text)
    In0_Process                              0x08007935   Thumb Code    98  usb_core.o(.text)
    Out0_Process                             0x08007997   Thumb Code    70  usb_core.o(.text)
    NOP_Process                              0x080079dd   Thumb Code     2  usb_core.o(.text)
    USB_Init                                 0x08007a0d   Thumb Code    36  usb_init.o(.text)
    CTR_LP                                   0x08007a49   Thumb Code   616  usb_int.o(.text)
    CTR_HP                                   0x08007cb1   Thumb Code   178  usb_int.o(.text)
    UserToPMABufferCopy                      0x08007d85   Thumb Code    52  usb_mem.o(.text)
    PMAToUserBufferCopy                      0x08007db9   Thumb Code    34  usb_mem.o(.text)
    SetCNTR                                  0x08007de1   Thumb Code     6  usb_regs.o(.text)
    GetCNTR                                  0x08007de7   Thumb Code     8  usb_regs.o(.text)
    SetISTR                                  0x08007def   Thumb Code     8  usb_regs.o(.text)
    GetISTR                                  0x08007df7   Thumb Code    10  usb_regs.o(.text)
    GetFNR                                   0x08007e01   Thumb Code    10  usb_regs.o(.text)
    SetDADDR                                 0x08007e0b   Thumb Code     8  usb_regs.o(.text)
    GetDADDR                                 0x08007e13   Thumb Code    10  usb_regs.o(.text)
    SetBTABLE                                0x08007e1d   Thumb Code    14  usb_regs.o(.text)
    GetBTABLE                                0x08007e2b   Thumb Code    10  usb_regs.o(.text)
    SetENDPOINT                              0x08007e35   Thumb Code    12  usb_regs.o(.text)
    GetENDPOINT                              0x08007e41   Thumb Code    16  usb_regs.o(.text)
    SetEPType                                0x08007e51   Thumb Code    32  usb_regs.o(.text)
    GetEPType                                0x08007e71   Thumb Code    18  usb_regs.o(.text)
    SetEPTxStatus                            0x08007e83   Thumb Code    60  usb_regs.o(.text)
    SetEPRxStatus                            0x08007ebf   Thumb Code    60  usb_regs.o(.text)
    SetDouBleBuffEPStall                     0x08007efb   Thumb Code    54  usb_regs.o(.text)
    GetEPTxStatus                            0x08007f31   Thumb Code    18  usb_regs.o(.text)
    GetEPRxStatus                            0x08007f43   Thumb Code    18  usb_regs.o(.text)
    SetEPTxValid                             0x08007f55   Thumb Code    48  usb_regs.o(.text)
    SetEPRxValid                             0x08007f85   Thumb Code    48  usb_regs.o(.text)
    SetEP_KIND                               0x08007fb5   Thumb Code    38  usb_regs.o(.text)
    ClearEP_KIND                             0x08007fdb   Thumb Code    34  usb_regs.o(.text)
    Clear_Status_Out                         0x08007ffd   Thumb Code    34  usb_regs.o(.text)
    Set_Status_Out                           0x0800801f   Thumb Code    38  usb_regs.o(.text)
    SetEPDoubleBuff                          0x08008045   Thumb Code    38  usb_regs.o(.text)
    ClearEPDoubleBuff                        0x0800806b   Thumb Code    34  usb_regs.o(.text)
    GetTxStallStatus                         0x0800808d   Thumb Code    28  usb_regs.o(.text)
    GetRxStallStatus                         0x080080a9   Thumb Code    30  usb_regs.o(.text)
    ClearEP_CTR_RX                           0x080080c7   Thumb Code    32  usb_regs.o(.text)
    ClearEP_CTR_TX                           0x080080e7   Thumb Code    28  usb_regs.o(.text)
    ToggleDTOG_RX                            0x08008103   Thumb Code    34  usb_regs.o(.text)
    ToggleDTOG_TX                            0x08008125   Thumb Code    34  usb_regs.o(.text)
    ClearDTOG_RX                             0x08008147   Thumb Code    48  usb_regs.o(.text)
    ClearDTOG_TX                             0x08008177   Thumb Code    48  usb_regs.o(.text)
    SetEPAddress                             0x080081a7   Thumb Code    46  usb_regs.o(.text)
    GetEPAddress                             0x080081d5   Thumb Code    18  usb_regs.o(.text)
    SetEPTxAddr                              0x080081e7   Thumb Code    24  usb_regs.o(.text)
    SetEPRxAddr                              0x080081ff   Thumb Code    26  usb_regs.o(.text)
    GetEPTxAddr                              0x08008219   Thumb Code    22  usb_regs.o(.text)
    GetEPRxAddr                              0x0800822f   Thumb Code    24  usb_regs.o(.text)
    SetEPTxCount                             0x08008247   Thumb Code    20  usb_regs.o(.text)
    SetEPCountRxReg                          0x0800825b   Thumb Code    48  usb_regs.o(.text)
    SetEPRxCount                             0x0800828b   Thumb Code    68  usb_regs.o(.text)
    GetEPTxCount                             0x080082cf   Thumb Code    26  usb_regs.o(.text)
    GetEPRxCount                             0x080082e9   Thumb Code    26  usb_regs.o(.text)
    SetEPDblBuffAddr                         0x08008303   Thumb Code    44  usb_regs.o(.text)
    SetEPDblBuf0Addr                         0x0800832f   Thumb Code    24  usb_regs.o(.text)
    SetEPDblBuf1Addr                         0x08008347   Thumb Code    26  usb_regs.o(.text)
    GetEPDblBuf0Addr                         0x08008361   Thumb Code    22  usb_regs.o(.text)
    GetEPDblBuf1Addr                         0x08008377   Thumb Code    24  usb_regs.o(.text)
    SetEPDblBuffCount                        0x0800838f   Thumb Code   186  usb_regs.o(.text)
    SetEPDblBuf0Count                        0x08008449   Thumb Code    96  usb_regs.o(.text)
    SetEPDblBuf1Count                        0x080084a9   Thumb Code    96  usb_regs.o(.text)
    GetEPDblBuf0Count                        0x08008509   Thumb Code    26  usb_regs.o(.text)
    GetEPDblBuf1Count                        0x08008523   Thumb Code    26  usb_regs.o(.text)
    GetEPDblBufDir                           0x0800853d   Thumb Code    62  usb_regs.o(.text)
    FreeUserBuffer                           0x0800857b   Thumb Code    90  usb_regs.o(.text)
    ToWord                                   0x080085d5   Thumb Code     8  usb_regs.o(.text)
    ByteSwap                                 0x080085dd   Thumb Code    12  usb_regs.o(.text)
    USB_SIL_Init                             0x080085e9   Thumb Code    28  usb_sil.o(.text)
    USB_SIL_Write                            0x08008605   Thumb Code    46  usb_sil.o(.text)
    USB_SIL_Read                             0x08008633   Thumb Code    46  usb_sil.o(.text)
    delay_init                               0x08008669   Thumb Code    50  delay.o(.text)
    delay_us                                 0x0800869b   Thumb Code    72  delay.o(.text)
    delay_ms                                 0x080086e3   Thumb Code    72  delay.o(.text)
    _sys_exit                                0x0800873d   Thumb Code     6  usart.o(.text)
    fputc                                    0x08008743   Thumb Code    24  usart.o(.text)
    uart_init                                0x0800875b   Thumb Code   152  usart.o(.text)
    USART1_IRQHandler                        0x080087f3   Thumb Code   122  usart.o(.text)
    __aeabi_memcpy                           0x0800887d   Thumb Code    36  memcpya.o(.text)
    __aeabi_memcpy4                          0x0800887d   Thumb Code     0  memcpya.o(.text)
    __aeabi_memcpy8                          0x0800887d   Thumb Code     0  memcpya.o(.text)
    __aeabi_memset                           0x080088a1   Thumb Code    14  memseta.o(.text)
    __aeabi_memset4                          0x080088a1   Thumb Code     0  memseta.o(.text)
    __aeabi_memset8                          0x080088a1   Thumb Code     0  memseta.o(.text)
    __aeabi_memclr                           0x080088af   Thumb Code     4  memseta.o(.text)
    __aeabi_memclr4                          0x080088af   Thumb Code     0  memseta.o(.text)
    __aeabi_memclr8                          0x080088af   Thumb Code     0  memseta.o(.text)
    _memset$wrapper                          0x080088b3   Thumb Code    18  memseta.o(.text)
    strlen                                   0x080088c5   Thumb Code    14  strlen.o(.text)
    __aeabi_fadd                             0x080088d3   Thumb Code   164  fadd.o(.text)
    __aeabi_fsub                             0x08008977   Thumb Code     6  fadd.o(.text)
    __aeabi_frsub                            0x0800897d   Thumb Code     6  fadd.o(.text)
    __aeabi_fmul                             0x08008983   Thumb Code   100  fmul.o(.text)
    __aeabi_fdiv                             0x080089e7   Thumb Code   124  fdiv.o(.text)
    __aeabi_dadd                             0x08008a63   Thumb Code   322  dadd.o(.text)
    __aeabi_dsub                             0x08008ba5   Thumb Code     6  dadd.o(.text)
    __aeabi_drsub                            0x08008bab   Thumb Code     6  dadd.o(.text)
    __aeabi_dmul                             0x08008bb1   Thumb Code   228  dmul.o(.text)
    __aeabi_ddiv                             0x08008c95   Thumb Code   222  ddiv.o(.text)
    __aeabi_i2f                              0x08008d73   Thumb Code    18  fflti.o(.text)
    __aeabi_ui2f                             0x08008d85   Thumb Code    10  ffltui.o(.text)
    __aeabi_i2d                              0x08008d8f   Thumb Code    34  dflti.o(.text)
    __aeabi_f2iz                             0x08008db1   Thumb Code    50  ffixi.o(.text)
    __aeabi_f2d                              0x08008de3   Thumb Code    38  f2d.o(.text)
    __aeabi_d2f                              0x08008e09   Thumb Code    56  d2f.o(.text)
    __aeabi_cfcmpeq                          0x08008e41   Thumb Code     0  cfcmple.o(.text)
    __aeabi_cfcmple                          0x08008e41   Thumb Code    20  cfcmple.o(.text)
    __aeabi_cfrcmple                         0x08008e55   Thumb Code    20  cfrcmple.o(.text)
    __aeabi_uidiv                            0x08008e69   Thumb Code     0  uidiv.o(.text)
    __aeabi_uidivmod                         0x08008e69   Thumb Code    44  uidiv.o(.text)
    __aeabi_uldivmod                         0x08008e95   Thumb Code    98  uldiv.o(.text)
    __aeabi_llsl                             0x08008ef7   Thumb Code    30  llshl.o(.text)
    _ll_shift_l                              0x08008ef7   Thumb Code     0  llshl.o(.text)
    __aeabi_lasr                             0x08008f15   Thumb Code    36  llsshr.o(.text)
    _ll_sshift_r                             0x08008f15   Thumb Code     0  llsshr.o(.text)
    __I$use$fp                               0x08008f39   Thumb Code     0  iusefp.o(.text)
    _float_round                             0x08008f39   Thumb Code    18  fepilogue.o(.text)
    _float_epilogue                          0x08008f4b   Thumb Code    92  fepilogue.o(.text)
    __ARM_scalbnf                            0x08008fa7   Thumb Code    24  fscalb.o(.text)
    scalbnf                                  0x08008fa7   Thumb Code     0  fscalb.o(.text)
    _frnd                                    0x08008fbf   Thumb Code    60  frnd.o(.text)
    _double_round                            0x08008ffb   Thumb Code    30  depilogue.o(.text)
    _double_epilogue                         0x08009019   Thumb Code   156  depilogue.o(.text)
    _dsqrt                                   0x080090b5   Thumb Code   162  dsqrt.o(.text)
    _drnd                                    0x08009159   Thumb Code   132  drnd.o(.text)
    __aeabi_d2ulz                            0x080091e1   Thumb Code    48  dfixul.o(.text)
    __aeabi_cdcmpeq                          0x08009211   Thumb Code     0  cdcmple.o(.text)
    __aeabi_cdcmple                          0x08009211   Thumb Code    48  cdcmple.o(.text)
    __aeabi_cdrcmple                         0x08009241   Thumb Code    48  cdrcmple.o(.text)
    __scatterload                            0x08009271   Thumb Code    28  init.o(.text)
    __scatterload_rt2                        0x08009271   Thumb Code     0  init.o(.text)
    __aeabi_llsr                             0x08009295   Thumb Code    32  llushr.o(.text)
    _ll_ushift_r                             0x08009295   Thumb Code     0  llushr.o(.text)
    __decompress                             0x080092b5   Thumb Code     0  __dczerorl2.o(.text)
    __decompress1                            0x080092b5   Thumb Code    86  __dczerorl2.o(.text)
    __0vsnprintf                             0x0800930d   Thumb Code    32  printfa.o(i.__0vsnprintf)
    __1vsnprintf                             0x0800930d   Thumb Code     0  printfa.o(i.__0vsnprintf)
    __2vsnprintf                             0x0800930d   Thumb Code     0  printfa.o(i.__0vsnprintf)
    __c89vsnprintf                           0x0800930d   Thumb Code     0  printfa.o(i.__0vsnprintf)
    vsnprintf                                0x0800930d   Thumb Code     0  printfa.o(i.__0vsnprintf)
    __ARM_fpclassifyf                        0x08009331   Thumb Code    38  fpclassifyf.o(i.__ARM_fpclassifyf)
    __aeabi_errno_addr                       0x08009359   Thumb Code     4  errno.o(i.__aeabi_errno_addr)
    __rt_errno_addr                          0x08009359   Thumb Code     0  errno.o(i.__aeabi_errno_addr)
    __mathlib_flt_infnan                     0x08009361   Thumb Code     6  funder.o(i.__mathlib_flt_infnan)
    __mathlib_flt_infnan2                    0x08009367   Thumb Code     4  funder.o(i.__mathlib_flt_infnan2)
    __mathlib_flt_invalid                    0x0800936b   Thumb Code     8  funder.o(i.__mathlib_flt_invalid)
    __mathlib_flt_underflow                  0x08009373   Thumb Code    10  funder.o(i.__mathlib_flt_underflow)
    __mathlib_rredf2                         0x0800937d   Thumb Code   344  rredf.o(i.__mathlib_rredf2)
    __scatterload_copy                       0x080094e5   Thumb Code    14  handlers.o(i.__scatterload_copy)
    __scatterload_null                       0x080094f3   Thumb Code     2  handlers.o(i.__scatterload_null)
    __scatterload_zeroinit                   0x080094f5   Thumb Code    14  handlers.o(i.__scatterload_zeroinit)
    __set_errno                              0x08009505   Thumb Code     6  errno.o(i.__set_errno)
    atan2f                                   0x08009db9   Thumb Code   528  atan2f.o(i.atan2f)
    cosf                                     0x0800a015   Thumb Code   328  cosf.o(i.cosf)
    round                                    0x0800a191   Thumb Code   136  round.o(i.round)
    sinf                                     0x0800a225   Thumb Code   338  sinf.o(i.sinf)
    sqrt                                     0x0800a3ad   Thumb Code    76  sqrt.o(i.sqrt)
    Virtual_Com_Port_DeviceDescriptor        0x0800a3f8   Data          18  usb_desc.o(.constdata)
    Virtual_Com_Port_ConfigDescriptor        0x0800a40a   Data          67  usb_desc.o(.constdata)
    Virtual_Com_Port_StringLangID            0x0800a44d   Data           4  usb_desc.o(.constdata)
    Virtual_Com_Port_StringVendor            0x0800a451   Data          38  usb_desc.o(.constdata)
    Virtual_Com_Port_StringProduct           0x0800a477   Data          50  usb_desc.o(.constdata)
    Region$$Table$$Base                      0x0800a4cc   Number         0  anon$$obj.o(Region$$Table)
    Region$$Table$$Limit                     0x0800a4ec   Number         0  anon$$obj.o(Region$$Table)
    testPhase                                0x20000000   Data           4  main.o(.data)
    testPhaseDelta                           0x20000004   Data           4  main.o(.data)
    timerValue                               0x20000008   Data           2  main.o(.data)
    SystemCoreClock                          0x20000020   Data           4  system_stm32f10x.o(.data)
    AHBPrescTable                            0x20000024   Data          16  system_stm32f10x.o(.data)
    holdIntegrators                          0x20000034   Data           1  pid.o(.data)
    mechanical2electricalDegrees             0x2000003c   Data          12  computemotorcommands.o(.data)
    electrical2mechanicalDegrees             0x20000048   Data          12  computemotorcommands.o(.data)
    yawCmd                                   0x20000054   Data           4  computemotorcommands.o(.data)
    centerPoint                              0x20000058   Data           4  computemotorcommands.o(.data)
    stepSmooth                               0x2000005c   Data           4  computemotorcommands.o(.data)
    step                                     0x20000060   Data           4  computemotorcommands.o(.data)
    exAcc                                    0x20000068   Data           4  margahrs.o(.data)
    eyAcc                                    0x2000006c   Data           4  margahrs.o(.data)
    ezAcc                                    0x20000070   Data           4  margahrs.o(.data)
    exAccInt                                 0x20000074   Data           4  margahrs.o(.data)
    eyAccInt                                 0x20000078   Data           4  margahrs.o(.data)
    ezAccInt                                 0x2000007c   Data           4  margahrs.o(.data)
    exMag                                    0x20000080   Data           4  margahrs.o(.data)
    eyMag                                    0x20000084   Data           4  margahrs.o(.data)
    ezMag                                    0x20000088   Data           4  margahrs.o(.data)
    exMagInt                                 0x2000008c   Data           4  margahrs.o(.data)
    eyMagInt                                 0x20000090   Data           4  margahrs.o(.data)
    ezMagInt                                 0x20000094   Data           4  margahrs.o(.data)
    kpAcc                                    0x20000098   Data           4  margahrs.o(.data)
    kiAcc                                    0x2000009c   Data           4  margahrs.o(.data)
    q0                                       0x200000a0   Data           4  margahrs.o(.data)
    q1                                       0x200000a4   Data           4  margahrs.o(.data)
    q2                                       0x200000a8   Data           4  margahrs.o(.data)
    q3                                       0x200000ac   Data           4  margahrs.o(.data)
    q0q0                                     0x200000b0   Data           4  margahrs.o(.data)
    q0q1                                     0x200000b4   Data           4  margahrs.o(.data)
    q0q2                                     0x200000b8   Data           4  margahrs.o(.data)
    q0q3                                     0x200000bc   Data           4  margahrs.o(.data)
    q1q1                                     0x200000c0   Data           4  margahrs.o(.data)
    q1q2                                     0x200000c4   Data           4  margahrs.o(.data)
    q1q3                                     0x200000c8   Data           4  margahrs.o(.data)
    q2q2                                     0x200000cc   Data           4  margahrs.o(.data)
    q2q3                                     0x200000d0   Data           4  margahrs.o(.data)
    q3q3                                     0x200000d4   Data           4  margahrs.o(.data)
    halfT                                    0x200000d8   Data           4  margahrs.o(.data)
    MargAHRSinitialized                      0x200000dc   Data           1  margahrs.o(.data)
    accConfidenceDecay                       0x200000e0   Data           4  margahrs.o(.data)
    accConfidence                            0x200000e4   Data           4  margahrs.o(.data)
    __irq_nesting_counter                    0x20000110   Data           4  drv_irq.o(.data)
    timer1timer8deadTimeRegister             0x20000118   Data           4  drv_pwmmotors.o(.data)
    timer4timer5deadTimeDelay                0x2000011c   Data           4  drv_pwmmotors.o(.data)
    oddEvenFrame                             0x20000120   Data           1  drv_pwmmotors.o(.data)
    rcActive                                 0x20000128   Data           1  drv_rc.o(.data)
    frameCounter                             0x2000013c   Data           2  drv_system.o(.data)
    frame_500Hz                              0x2000013e   Data           1  drv_system.o(.data)
    frame_100Hz                              0x2000013f   Data           1  drv_system.o(.data)
    frame_50Hz                               0x20000140   Data           1  drv_system.o(.data)
    frame_10Hz                               0x20000141   Data           1  drv_system.o(.data)
    frame_5Hz                                0x20000142   Data           1  drv_system.o(.data)
    frame_1Hz                                0x20000143   Data           1  drv_system.o(.data)
    deltaTime1000Hz                          0x20000144   Data           4  drv_system.o(.data)
    executionTime1000Hz                      0x20000148   Data           4  drv_system.o(.data)
    previous1000HzTime                       0x2000014c   Data           4  drv_system.o(.data)
    deltaTime500Hz                           0x20000150   Data           4  drv_system.o(.data)
    executionTime500Hz                       0x20000154   Data           4  drv_system.o(.data)
    previous500HzTime                        0x20000158   Data           4  drv_system.o(.data)
    deltaTime100Hz                           0x2000015c   Data           4  drv_system.o(.data)
    executionTime100Hz                       0x20000160   Data           4  drv_system.o(.data)
    previous100HzTime                        0x20000164   Data           4  drv_system.o(.data)
    deltaTime50Hz                            0x20000168   Data           4  drv_system.o(.data)
    executionTime50Hz                        0x2000016c   Data           4  drv_system.o(.data)
    previous50HzTime                         0x20000170   Data           4  drv_system.o(.data)
    deltaTime10Hz                            0x20000174   Data           4  drv_system.o(.data)
    executionTime10Hz                        0x20000178   Data           4  drv_system.o(.data)
    previous10HzTime                         0x2000017c   Data           4  drv_system.o(.data)
    deltaTime5Hz                             0x20000180   Data           4  drv_system.o(.data)
    executionTime5Hz                         0x20000184   Data           4  drv_system.o(.data)
    previous5HzTime                          0x20000188   Data           4  drv_system.o(.data)
    deltaTime1Hz                             0x2000018c   Data           4  drv_system.o(.data)
    executionTime1Hz                         0x20000190   Data           4  drv_system.o(.data)
    previous1HzTime                          0x20000194   Data           4  drv_system.o(.data)
    dt500Hz                                  0x20000198   Data           4  drv_system.o(.data)
    systemReady                              0x2000019c   Data           1  drv_system.o(.data)
    IrqCntUart4                              0x200001a0   Data           4  drv_usart.o(.data)
    accelOneG                                0x200001a4   Data           4  mpu6050.o(.data)
    accelData500Hz                           0x200001a8   Data           6  mpu6050.o(.data)
    rawAccel                                 0x200001ae   Data           6  mpu6050.o(.data)
    gyroData500Hz                            0x200001b4   Data           6  mpu6050.o(.data)
    rawGyro                                  0x200001ba   Data           6  mpu6050.o(.data)
    mpu6050Calibrating                       0x200001c0   Data           1  mpu6050.o(.data)
    mpu6050Temperature                       0x200001c4   Data           4  mpu6050.o(.data)
    rawMPU6050Temperature                    0x200001c8   Data           2  mpu6050.o(.data)
    HSEStartUpStatus                         0x200001cd   Data           1  hw_config.o(.data)
    EXTI_InitStructure                       0x200001d0   Data           8  hw_config.o(.data)
    packetSent                               0x200001d8   Data           4  hw_config.o(.data)
    sendLength                               0x200001dc   Data           4  hw_config.o(.data)
    Virtual_Com_Port_StringSerial            0x200001e1   Data          26  usb_desc.o(.data)
    receiveLength                            0x200001fc   Data           4  usb_endp.o(.data)
    wIstr                                    0x20000200   Data           2  usb_istr.o(.data)
    bIntPackSOF                              0x20000202   Data           1  usb_istr.o(.data)
    esof_counter                             0x20000204   Data           4  usb_istr.o(.data)
    wCNTR                                    0x20000208   Data           4  usb_istr.o(.data)
    pEpInt_IN                                0x2000020c   Data          28  usb_istr.o(.data)
    pEpInt_OUT                               0x20000228   Data          28  usb_istr.o(.data)
    Request                                  0x20000248   Data           1  usb_prop.o(.data)
    linecoding                               0x2000024c   Data           8  usb_prop.o(.data)
    Device_Table                             0x20000254   Data           2  usb_prop.o(.data)
    Device_Property                          0x20000258   Data          48  usb_prop.o(.data)
    User_Standard_Requests                   0x20000288   Data          36  usb_prop.o(.data)
    Device_Descriptor                        0x200002ac   Data           8  usb_prop.o(.data)
    Config_Descriptor                        0x200002b4   Data           8  usb_prop.o(.data)
    String_Descriptor                        0x200002bc   Data          32  usb_prop.o(.data)
    bDeviceState                             0x200002dc   Data           4  usb_pwr.o(.data)
    fSuspendEnabled                          0x200002e0   Data           1  usb_pwr.o(.data)
    ResumeS                                  0x200002e1   Data           2  usb_pwr.o(.data)
    remotewakeupon                           0x200002e4   Data           4  usb_pwr.o(.data)
    StatusInfo                               0x200002e8   Data           2  usb_core.o(.data)
    Data_Mul_MaxPacketSize                   0x200002ea   Data           1  usb_core.o(.data)
    EPindex                                  0x200002ec   Data           1  usb_init.o(.data)
    pInformation                             0x200002f0   Data           4  usb_init.o(.data)
    pProperty                                0x200002f4   Data           4  usb_init.o(.data)
    SaveState                                0x200002f8   Data           2  usb_init.o(.data)
    wInterrupt_Mask                          0x200002fa   Data           2  usb_init.o(.data)
    pUser_Standard_Requests                  0x200002fc   Data           4  usb_init.o(.data)
    SaveRState                               0x20000300   Data           2  usb_int.o(.data)
    SaveTState                               0x20000302   Data           2  usb_int.o(.data)
    __stdout                                 0x20000308   Data           4  usart.o(.data)
    USART_RX_STA                             0x2000030c   Data           2  usart.o(.data)
    eepromConfig                             0x20000314   Data         324  main.o(.bss)
    sensors                                  0x20000458   Data          60  main.o(.bss)
    accAngleSmooth                           0x20000494   Data          12  evvgccf.o(.bss)
    sinDataI16                               0x200004a0   Data        2048  fasttrig.o(.bss)
    firstOrderFilters                        0x20000ca0   Data         180  firstorderfilter.o(.bss)
    RingBufferUSBTX                          0x20000d54   Data        1040  drv_cli.o(.bss)
    maxCnt                                   0x20001188   Data          12  drv_pwmmotors.o(.bss)
    minCnt                                   0x20001194   Data          12  drv_pwmmotors.o(.bss)
    irqCnt                                   0x200011a0   Data          12  drv_pwmmotors.o(.bss)
    accelTCBias                              0x200019cc   Data          12  mpu6050.o(.bss)
    gyroRTBias                               0x200019d8   Data          12  mpu6050.o(.bss)
    gyroTCBias                               0x200019e4   Data          12  mpu6050.o(.bss)
    orientationMatrix                        0x200019f0   Data          18  mpu6050.o(.bss)
    receiveBuffer                            0x20001a02   Data          64  hw_config.o(.bss)
    EP                                       0x20001a44   Data          32  usb_pwr.o(.bss)
    Device_Info                              0x20001a64   Data          28  usb_init.o(.bss)
    USART_RX_BUF                             0x20001a80   Data         200  usart.o(.bss)
    __initial_sp                             0x20001f48   Data           0  startup_stm32f10x_hd.o(STACK)



==============================================================================

Memory Map of the image

  Image Entry point : 0x08000131

  Load Region LR_IROM1 (Base: 0x08000000, Size: 0x0000a800, Max: 0x00080000, ABSOLUTE, COMPRESSED[0x0000a5ac])

    Execution Region ER_IROM1 (Base: 0x08000000, Size: 0x0000a4ec, Max: 0x00080000, ABSOLUTE)

    Base Addr    Size         Type   Attr      Idx    E Section Name        Object

    0x08000000   0x00000130   Data   RO            3    RESET               startup_stm32f10x_hd.o
    0x08000130   0x00000000   Code   RO         1393  * .ARM.Collect$$$$00000000  mc_w.l(entry.o)
    0x08000130   0x00000004   Code   RO         1521    .ARM.Collect$$$$00000001  mc_w.l(entry2.o)
    0x08000134   0x00000004   Code   RO         1524    .ARM.Collect$$$$00000004  mc_w.l(entry5.o)
    0x08000138   0x00000000   Code   RO         1526    .ARM.Collect$$$$00000008  mc_w.l(entry7b.o)
    0x08000138   0x00000000   Code   RO         1528    .ARM.Collect$$$$0000000A  mc_w.l(entry8b.o)
    0x08000138   0x00000008   Code   RO         1529    .ARM.Collect$$$$0000000B  mc_w.l(entry9a.o)
    0x08000140   0x00000000   Code   RO         1531    .ARM.Collect$$$$0000000D  mc_w.l(entry10a.o)
    0x08000140   0x00000000   Code   RO         1533    .ARM.Collect$$$$0000000F  mc_w.l(entry11a.o)
    0x08000140   0x00000004   Code   RO         1522    .ARM.Collect$$$$00002712  mc_w.l(entry2.o)
    0x08000144   0x00000020   Code   RO          567    .emb_text           core_cm3.o
    0x08000164   0x00000024   Code   RO            4    .text               startup_stm32f10x_hd.o
    0x08000188   0x0000003c   Code   RO           10    .text               main.o
    0x080001c4   0x000003a4   Code   RO          289    .text               stm32f10x_rcc.o
    0x08000568   0x0000035c   Code   RO          303    .text               stm32f10x_gpio.o
    0x080008c4   0x00000408   Code   RO          315    .text               stm32f10x_usart.o
    0x08000ccc   0x000000dc   Code   RO          327    .text               misc.o
    0x08000da8   0x0000011c   Code   RO          435    .text               stm32f10x_exti.o
    0x08000ec4   0x000005bc   Code   RO          447    .text               stm32f10x_flash.o
    0x08001480   0x00000404   Code   RO          471    .text               stm32f10x_i2c.o
    0x08001884   0x00000e1a   Code   RO          543    .text               stm32f10x_tim.o
    0x0800269e   0x00000002   PAD
    0x080026a0   0x000001e0   Code   RO          577    .text               system_stm32f10x.o
    0x08002880   0x00000224   Code   RO          595    .text               pid.o
    0x08002aa4   0x00000318   Code   RO          661    .text               config.o
    0x08002dbc   0x00000268   Code   RO          675    .text               evvgccf.o
    0x08003024   0x000000e8   Code   RO          697    .text               fasttrig.o
    0x0800310c   0x0000049c   Code   RO          715    .text               firstorderfilter.o
    0x080035a8   0x000000b0   Code   RO          767    .text               stm32_it.o
    0x08003658   0x00000d6c   Code   RO          792    .text               utilities.o
    0x080043c4   0x000001b8   Code   RO          805    .text               drv_cli.o
    0x0800457c   0x00000054   Code   RO          825    .text               drv_gpio.o
    0x080045d0   0x000007d0   Code   RO          837    .text               drv_i2c.o
    0x08004da0   0x000006d4   Code   RO          858    .text               drv_pwmmotors.o
    0x08005474   0x00000240   Code   RO          882    .text               drv_rc.o
    0x080056b4   0x00000588   Code   RO          904    .text               drv_system.o
    0x08005c3c   0x00000038   Code   RO          929    .text               drv_timingfunctions.o
    0x08005c74   0x000002fc   Code   RO          941    .text               drv_usart.o
    0x08005f70   0x000001b8   Code   RO          957    .text               ringbuffer.o
    0x08006128   0x000005b8   Code   RO          988    .text               mpu6050.o
    0x080066e0   0x0000025c   Code   RO         1066    .text               hw_config.o
    0x0800693c   0x00000034   Code   RO         1102    .text               usb_endp.o
    0x08006970   0x000000b0   Code   RO         1129    .text               usb_istr.o
    0x08006a20   0x00000268   Code   RO         1147    .text               usb_prop.o
    0x08006c88   0x00000234   Code   RO         1170    .text               usb_pwr.o
    0x08006ebc   0x00000b50   Code   RO         1189    .text               usb_core.o
    0x08007a0c   0x0000003c   Code   RO         1204    .text               usb_init.o
    0x08007a48   0x0000033c   Code   RO         1227    .text               usb_int.o
    0x08007d84   0x0000005c   Code   RO         1251    .text               usb_mem.o
    0x08007de0   0x00000808   Code   RO         1263    .text               usb_regs.o
    0x080085e8   0x00000080   Code   RO         1275    .text               usb_sil.o
    0x08008668   0x000000d4   Code   RO         1287    .text               delay.o
    0x0800873c   0x00000140   Code   RO         1320    .text               usart.o
    0x0800887c   0x00000024   Code   RO         1396    .text               mc_w.l(memcpya.o)
    0x080088a0   0x00000024   Code   RO         1398    .text               mc_w.l(memseta.o)
    0x080088c4   0x0000000e   Code   RO         1400    .text               mc_w.l(strlen.o)
    0x080088d2   0x000000b0   Code   RO         1439    .text               mf_w.l(fadd.o)
    0x08008982   0x00000064   Code   RO         1441    .text               mf_w.l(fmul.o)
    0x080089e6   0x0000007c   Code   RO         1443    .text               mf_w.l(fdiv.o)
    0x08008a62   0x0000014e   Code   RO         1445    .text               mf_w.l(dadd.o)
    0x08008bb0   0x000000e4   Code   RO         1447    .text               mf_w.l(dmul.o)
    0x08008c94   0x000000de   Code   RO         1449    .text               mf_w.l(ddiv.o)
    0x08008d72   0x00000012   Code   RO         1451    .text               mf_w.l(fflti.o)
    0x08008d84   0x0000000a   Code   RO         1453    .text               mf_w.l(ffltui.o)
    0x08008d8e   0x00000022   Code   RO         1455    .text               mf_w.l(dflti.o)
    0x08008db0   0x00000032   Code   RO         1457    .text               mf_w.l(ffixi.o)
    0x08008de2   0x00000026   Code   RO         1461    .text               mf_w.l(f2d.o)
    0x08008e08   0x00000038   Code   RO         1463    .text               mf_w.l(d2f.o)
    0x08008e40   0x00000014   Code   RO         1465    .text               mf_w.l(cfcmple.o)
    0x08008e54   0x00000014   Code   RO         1467    .text               mf_w.l(cfrcmple.o)
    0x08008e68   0x0000002c   Code   RO         1535    .text               mc_w.l(uidiv.o)
    0x08008e94   0x00000062   Code   RO         1537    .text               mc_w.l(uldiv.o)
    0x08008ef6   0x0000001e   Code   RO         1539    .text               mc_w.l(llshl.o)
    0x08008f14   0x00000024   Code   RO         1541    .text               mc_w.l(llsshr.o)
    0x08008f38   0x00000000   Code   RO         1543    .text               mc_w.l(iusefp.o)
    0x08008f38   0x0000006e   Code   RO         1544    .text               mf_w.l(fepilogue.o)
    0x08008fa6   0x00000018   Code   RO         1546    .text               mf_w.l(fscalb.o)
    0x08008fbe   0x0000003c   Code   RO         1548    .text               mf_w.l(frnd.o)
    0x08008ffa   0x000000ba   Code   RO         1550    .text               mf_w.l(depilogue.o)
    0x080090b4   0x000000a2   Code   RO         1552    .text               mf_w.l(dsqrt.o)
    0x08009156   0x00000002   PAD
    0x08009158   0x00000088   Code   RO         1554    .text               mf_w.l(drnd.o)
    0x080091e0   0x00000030   Code   RO         1556    .text               mf_w.l(dfixul.o)
    0x08009210   0x00000030   Code   RO         1558    .text               mf_w.l(cdcmple.o)
    0x08009240   0x00000030   Code   RO         1560    .text               mf_w.l(cdrcmple.o)
    0x08009270   0x00000024   Code   RO         1566    .text               mc_w.l(init.o)
    0x08009294   0x00000020   Code   RO         1568    .text               mc_w.l(llushr.o)
    0x080092b4   0x00000056   Code   RO         1582    .text               mc_w.l(__dczerorl2.o)
    0x0800930a   0x00000002   PAD
    0x0800930c   0x00000024   Code   RO         1410    i.__0vsnprintf      mc_w.l(printfa.o)
    0x08009330   0x00000026   Code   RO         1493    i.__ARM_fpclassifyf  m_ws.l(fpclassifyf.o)
    0x08009356   0x00000002   PAD
    0x08009358   0x00000008   Code   RO         1432    i.__aeabi_errno_addr  mc_w.l(errno.o)
    0x08009360   0x00000006   Code   RO         1496    i.__mathlib_flt_infnan  m_ws.l(funder.o)
    0x08009366   0x00000004   Code   RO         1497    i.__mathlib_flt_infnan2  m_ws.l(funder.o)
    0x0800936a   0x00000008   Code   RO         1498    i.__mathlib_flt_invalid  m_ws.l(funder.o)
    0x08009372   0x0000000a   Code   RO         1501    i.__mathlib_flt_underflow  m_ws.l(funder.o)
    0x0800937c   0x00000168   Code   RO         1510    i.__mathlib_rredf2  m_ws.l(rredf.o)
    0x080094e4   0x0000000e   Code   RO         1576    i.__scatterload_copy  mc_w.l(handlers.o)
    0x080094f2   0x00000002   Code   RO         1577    i.__scatterload_null  mc_w.l(handlers.o)
    0x080094f4   0x0000000e   Code   RO         1578    i.__scatterload_zeroinit  mc_w.l(handlers.o)
    0x08009502   0x00000002   PAD
    0x08009504   0x0000000c   Code   RO         1434    i.__set_errno       mc_w.l(errno.o)
    0x08009510   0x00000164   Code   RO         1412    i._fp_digits        mc_w.l(printfa.o)
    0x08009674   0x000006dc   Code   RO         1413    i._printf_core      mc_w.l(printfa.o)
    0x08009d50   0x00000024   Code   RO         1414    i._printf_post_padding  mc_w.l(printfa.o)
    0x08009d74   0x0000002e   Code   RO         1415    i._printf_pre_padding  mc_w.l(printfa.o)
    0x08009da2   0x00000016   Code   RO         1416    i._snputc           mc_w.l(printfa.o)
    0x08009db8   0x0000025c   Code   RO         1360    i.atan2f            m_ws.l(atan2f.o)
    0x0800a014   0x0000017c   Code   RO         1368    i.cosf              m_ws.l(cosf.o)
    0x0800a190   0x00000094   Code   RO         1375    i.round             m_ws.l(round.o)
    0x0800a224   0x00000188   Code   RO         1378    i.sinf              m_ws.l(sinf.o)
    0x0800a3ac   0x0000004c   Code   RO         1386    i.sqrt              m_ws.l(sqrt.o)
    0x0800a3f8   0x000000b1   Data   RO         1089    .constdata          usb_desc.o
    0x0800a4a9   0x00000003   PAD
    0x0800a4ac   0x00000020   Data   RO         1511    .constdata          m_ws.l(rredf.o)
    0x0800a4cc   0x00000020   Data   RO         1574    Region$$Table       anon$$obj.o


    Execution Region RW_IRAM1 (Base: 0x20000000, Size: 0x00001f48, Max: 0x00010000, ABSOLUTE, COMPRESSED[0x000000c0])

    Base Addr    Size         Type   Attr      Idx    E Section Name        Object

    0x20000000   0x0000000a   Data   RW           12    .data               main.o
    0x2000000a   0x00000014   Data   RW          290    .data               stm32f10x_rcc.o
    0x2000001e   0x00000002   PAD
    0x20000020   0x00000014   Data   RW          578    .data               system_stm32f10x.o
    0x20000034   0x00000008   Data   RW          596    .data               pid.o
    0x2000003c   0x00000028   Data   RW          631    .data               computemotorcommands.o
    0x20000064   0x00000001   Data   RW          662    .data               config.o
    0x20000065   0x00000003   PAD
    0x20000068   0x00000084   Data   RW          734    .data               margahrs.o
    0x200000ec   0x00000004   Data   RW          793    .data               utilities.o
    0x200000f0   0x00000008   Data   RW          807    .data               drv_cli.o
    0x200000f8   0x00000017   Data   RW          838    .data               drv_i2c.o
    0x2000010f   0x00000001   PAD
    0x20000110   0x00000004   Data   RW          851    .data               drv_irq.o
    0x20000114   0x0000000d   Data   RW          860    .data               drv_pwmmotors.o
    0x20000121   0x00000001   PAD
    0x20000122   0x0000000e   Data   RW          883    .data               drv_rc.o
    0x20000130   0x0000006d   Data   RW          905    .data               drv_system.o
    0x2000019d   0x00000003   PAD
    0x200001a0   0x00000004   Data   RW          943    .data               drv_usart.o
    0x200001a4   0x00000026   Data   RW          990    .data               mpu6050.o
    0x200001ca   0x00000002   PAD
    0x200001cc   0x00000015   Data   RW         1068    .data               hw_config.o
    0x200001e1   0x0000001a   Data   RW         1090    .data               usb_desc.o
    0x200001fb   0x00000001   PAD
    0x200001fc   0x00000004   Data   RW         1103    .data               usb_endp.o
    0x20000200   0x00000044   Data   RW         1130    .data               usb_istr.o
    0x20000244   0x00000098   Data   RW         1148    .data               usb_prop.o
    0x200002dc   0x0000000c   Data   RW         1172    .data               usb_pwr.o
    0x200002e8   0x00000003   Data   RW         1190    .data               usb_core.o
    0x200002eb   0x00000001   PAD
    0x200002ec   0x00000014   Data   RW         1206    .data               usb_init.o
    0x20000300   0x00000004   Data   RW         1228    .data               usb_int.o
    0x20000304   0x00000004   Data   RW         1288    .data               delay.o
    0x20000308   0x00000006   Data   RW         1322    .data               usart.o
    0x2000030e   0x00000002   PAD
    0x20000310   0x00000004   Data   RW         1435    .data               mc_w.l(errno.o)
    0x20000314   0x00000180   Zero   RW           11    .bss                main.o
    0x20000494   0x0000000c   Zero   RW          676    .bss                evvgccf.o
    0x200004a0   0x00000800   Zero   RW          698    .bss                fasttrig.o
    0x20000ca0   0x000000b4   Zero   RW          716    .bss                firstorderfilter.o
    0x20000d54   0x00000410   Zero   RW          806    .bss                drv_cli.o
    0x20001164   0x00000048   Zero   RW          859    .bss                drv_pwmmotors.o
    0x200011ac   0x00000820   Zero   RW          942    .bss                drv_usart.o
    0x200019cc   0x00000036   Zero   RW          989    .bss                mpu6050.o
    0x20001a02   0x00000040   Zero   RW         1067    .bss                hw_config.o
    0x20001a42   0x00000002   PAD
    0x20001a44   0x00000020   Zero   RW         1171    .bss                usb_pwr.o
    0x20001a64   0x0000001c   Zero   RW         1205    .bss                usb_init.o
    0x20001a80   0x000000c8   Zero   RW         1321    .bss                usart.o
    0x20001b48   0x00000400   Zero   RW            1    STACK               startup_stm32f10x_hd.o


==============================================================================

Image component sizes


      Code (inc. data)   RO Data    RW Data    ZI Data      Debug   Object Name

         0          0          0         40          0       3500   computemotorcommands.o
       792         82          0          1          0       1432   config.o
        32          0          0          0          0        532   core_cm3.o
       212         18          0          4          0       1019   delay.o
       440         36          0          8       1040       3424   drv_cli.o
        84          4          0          0          0        499   drv_gpio.o
      2000        102          0         23          0       4509   drv_i2c.o
         0          0          0          4          0        256   drv_irq.o
      1748        138          0         13         72       7584   drv_pwmmotors.o
       576         52          0         14          0      17123   drv_rc.o
      1416        514          0        109          0      20377   drv_system.o
        56          6          0          0          0        534   drv_timingfunctions.o
       764         34          0          4       2080       3858   drv_usart.o
       616         32          0          0         12       1554   evvgccf.o
       232         12          0          0       2048       1316   fasttrig.o
      1180         24          0          0        180       2248   firstorderfilter.o
       604         54          0         21         64       5537   hw_config.o
        60         20          0         10        384     284844   main.o
         0          0          0        132          0       3722   margahrs.o
       220         22          0          0          0       1745   misc.o
      1464         78          0         38         54       4336   mpu6050.o
       548         16          0          8          0       2838   pid.o
       440          0          0          0          0       2498   ringbuffer.o
        36          8        304          0       1024        840   startup_stm32f10x_hd.o
       176        108          0          0          0       1878   stm32_it.o
       284         10          0          0          0       2179   stm32f10x_exti.o
      1468         34          0          0          0       7978   stm32f10x_flash.o
       860         38          0          0          0       5593   stm32f10x_gpio.o
      1028         16          0          0          0       9051   stm32f10x_i2c.o
       932         36          0         20          0       8748   stm32f10x_rcc.o
      3610         88          0          0          0      22076   stm32f10x_tim.o
      1032         22          0          0          0       8312   stm32f10x_usart.o
       480         38          0         20          0       1779   system_stm32f10x.o
       320         16          0          6        200       3142   usart.o
         0          0          0          0          0        564   usart1.o
      2896        114          0          3          0       8151   usb_core.o
         0          0        177         26          0       1067   usb_desc.o
        52         14          0          4          0       1299   usb_endp.o
        60         24          0         20         28       4214   usb_init.o
       828         34          0          4          0       2003   usb_int.o
       176         22          0         68          0       1351   usb_istr.o
        92          6          0          0          0       1470   usb_mem.o
       616         44          0        152          0       7415   usb_prop.o
       564         40          0         12         32       2927   usb_pwr.o
      2056         20          0          0          0      11781   usb_regs.o
       128          8          0          0          0       1490   usb_sil.o
      3436         40          0          4          0       4568   utilities.o

    ----------------------------------------------------------------------
     34616       2024        516        784       7220     495161   Object Totals
         0          0         32          0          0          0   (incl. Generated)
         2          0          3         16          2          0   (incl. Padding)

    ----------------------------------------------------------------------

      Code (inc. data)   RO Data    RW Data    ZI Data      Debug   Library Member Name

       604         76          0          0          0        116   atan2f.o
       380         52          0          0          0        124   cosf.o
        38          0          0          0          0         68   fpclassifyf.o
        28          0          0          0          0        272   funder.o
       148         12          0          0          0         88   round.o
       360         16         32          0          0         88   rredf.o
       392         54          0          0          0        124   sinf.o
        76          0          0          0          0         84   sqrt.o
        86          0          0          0          0          0   __dczerorl2.o
         0          0          0          0          0          0   entry.o
         0          0          0          0          0          0   entry10a.o
         0          0          0          0          0          0   entry11a.o
         8          4          0          0          0          0   entry2.o
         4          0          0          0          0          0   entry5.o
         0          0          0          0          0          0   entry7b.o
         0          0          0          0          0          0   entry8b.o
         8          4          0          0          0          0   entry9a.o
        20         10          0          4          0        136   errno.o
        30          0          0          0          0          0   handlers.o
        36          8          0          0          0         68   init.o
         0          0          0          0          0          0   iusefp.o
        30          0          0          0          0         68   llshl.o
        36          0          0          0          0         68   llsshr.o
        32          0          0          0          0         68   llushr.o
        36          0          0          0          0         68   memcpya.o
        36          0          0          0          0        108   memseta.o
      2252         84          0          0          0        508   printfa.o
        14          0          0          0          0         68   strlen.o
        44          0          0          0          0         80   uidiv.o
        98          0          0          0          0         92   uldiv.o
        48          0          0          0          0         68   cdcmple.o
        48          0          0          0          0         68   cdrcmple.o
        20          0          0          0          0         68   cfcmple.o
        20          0          0          0          0         68   cfrcmple.o
        56          0          0          0          0         88   d2f.o
       334          0          0          0          0        148   dadd.o
       222          0          0          0          0        100   ddiv.o
       186          0          0          0          0        176   depilogue.o
        48          0          0          0          0         68   dfixul.o
        34          0          0          0          0         76   dflti.o
       228          0          0          0          0         96   dmul.o
       136          4          0          0          0         92   drnd.o
       162          0          0          0          0        100   dsqrt.o
        38          0          0          0          0         68   f2d.o
       176          0          0          0          0        140   fadd.o
       124          0          0          0          0         88   fdiv.o
       110          0          0          0          0        168   fepilogue.o
        50          0          0          0          0         68   ffixi.o
        18          0          0          0          0         68   fflti.o
        10          0          0          0          0         68   ffltui.o
       100          0          0          0          0         76   fmul.o
        60          0          0          0          0         76   frnd.o
        24          0          0          0          0         68   fscalb.o

    ----------------------------------------------------------------------
      7056        324         32          4          0       4400   Library Totals
         8          0          0          0          0          0   (incl. Padding)

    ----------------------------------------------------------------------

      Code (inc. data)   RO Data    RW Data    ZI Data      Debug   Library Name

      2026        210         32          0          0        964   m_ws.l
      2770        110          0          4          0       1332   mc_w.l
      2252          4          0          0          0       2104   mf_w.l

    ----------------------------------------------------------------------
      7056        324         32          4          0       4400   Library Totals

    ----------------------------------------------------------------------

==============================================================================


      Code (inc. data)   RO Data    RW Data    ZI Data      Debug   

     41672       2348        548        788       7220     493085   Grand Totals
     41672       2348        548        192       7220     493085   ELF Image Totals (compressed)
     41672       2348        548        192          0          0   ROM Totals

==============================================================================

    Total RO  Size (Code + RO Data)                42220 (  41.23kB)
    Total RW  Size (RW Data + ZI Data)              8008 (   7.82kB)
    Total ROM Size (Code + RO Data + RW Data)      42412 (  41.42kB)

==============================================================================

